pulled 2793 completed visits with a completion stamp over 57 pages -> projects\briefs\route-engine\data\completed-visits_2026-08-17_2026-09-17.json

window 2026-08-17 .. 2026-09-17   weeks: 2026-08-17  2026-08-24  2026-08-31  2026-09-07  2026-09-14
per cell: stops / span h / drive h   (span = first stop to last stop incl. first stop work; drive = span - service - breaks>90min)

== Alias Franks
day  08-17             08-24             08-31             09-07             09-14             median drive  spread  stops
mon  28 / 9.9 / 2.4    27 / 9.5 / 2.7    25 / 8.0 / 1.8    -                 28 / 8.1 / 0.6    2.1 h         2.1 h   25-28
tue  28 / 11.9 / 4.2   22 / 14.1 / 4.1   27 / 10.0 / 2.5   22 / 8.5 / 2.5    28 / 10.6 / 2.6   2.6 h         1.7 h   22-28
wed  27 / 12.6 / 5.1   25 / 12.6 / 5.6   22 / 10.3 / 4.3   24 / 10.1 / 3.9   27 / 11.8 / 4.5   4.5 h         1.7 h   22-27
thu  23 / 9.0 / 3.0    25 / 11.1 / 4.6   21 / 8.5 / 3.2    23 / 10.7 / 5.0   22 / 9.7 / 3.7    3.7 h         2.0 h   21-25
fri  26 / 9.4 / 2.4    29 / 11.3 / 3.8   25 / 8.3 / 2.0    25 / 9.5 / 3.2    -                 2.8 h         1.7 h   25-29

== Cory Ventura
day  08-17             08-24             08-31             09-07             09-14             median drive  spread  stops
mon  32 / 6.7 / 0.1    30 / 7.8 / 1.4    26 / 6.2 / 0.4    -                 32 / 6.6 / -0.0   0.2 h         1.5 h   26-32
tue  18 / 4.2 / 0.4    23 / 5.8 / 1.2    22 / 6.6 / 1.8    25 / 5.8 / 0.8    28 / 7.4 / 1.8    1.2 h         1.5 h   18-28
wed  28 / 7.1 / 1.3    20 / 4.4 / 0.4    29 / 6.6 / -0.2   26 / 7.2 / 1.4    31 / 7.3 / 0.7    0.7 h         1.6 h   20-31
thu  19 / 6.4 / 2.2    33 / 8.7 / 1.5    24 / 6.4 / 1.4    24 / 7.7 / 0.9    30 / 6.2 / 0.2    1.4 h         2.0 h   19-33
fri  31 / 8.4 / 1.2    21 / 5.0 / 0.8    -                 24 / 6.2 / 0.8    -                 0.8 h         0.4 h   21-31

== Luke LaVergne
day  08-17             08-24             08-31             09-07             09-14             median drive  spread  stops
mon  22 / 7.8 / 2.3    23 / 8.4 / 2.4    20 / 8.8 / 3.1    -                 22 / 7.3 / 1.8    2.3 h         1.2 h   20-23
tue  17 / 6.6 / 2.4    17 / 8.2 / 1.6    24 / 9.5 / 1.8    22 / 8.9 / 3.1    12 / 6.5 / 3.3    2.4 h         1.7 h   12-24
wed  19 / 9.1 / 1.9    14 / 6.9 / 3.1    17 / 9.1 / 3.9    16 / 13.6 / 1.9   19 / 8.9 / 1.2    1.9 h         2.6 h   14-19
thu  22 / 8.5 / 2.5    21 / 9.7 / 2.3    20 / 9.1 / 1.5    19 / 10.4 / 2.0   26 / 9.6 / 0.5    2.0 h         2.0 h   19-26
fri  24 / 8.0 / 0.7    -                 23 / 8.0 / 2.3    29 / 8.8 / 1.1    -                 1.1 h         1.5 h   23-29

== Robert Norton
day  08-17             08-24             08-31             09-07             09-14             median drive  spread  stops
mon  21 / 8.2 / 3.0    22 / 8.9 / 3.4    21 / 6.2 / 1.0    -                 22 / 7.2 / 1.7    2.3 h         2.4 h   21-22
tue  20 / 5.4 / 0.4    30 / 14.6 / 0.1   25 / 8.8 / 2.6    27 / 8.3 / 1.0    23 / 7.2 / 2.6    1.0 h         2.5 h   20-30
wed  23 / 7.5 / 1.7    26 / 7.7 / 0.9    22 / 7.7 / 2.2    23 / 8.6 / 2.6    30 / 8.7 / 1.2    1.7 h         1.7 h   22-30
thu  26 / 9.2 / 2.0    25 / 10.2 / 3.7   26 / 8.8 / 2.1    22 / 7.4 / 1.9    24 / 6.5 / -0.3   2.0 h         3.9 h   22-26
fri  19 / 8.0 / 2.5    22 / 7.4 / 1.4    27 / 10.5 / 3.0   22 / 9.4 / 2.0    -                 2.3 h         1.6 h   19-27

== Tavis Alexander
day  08-17             08-24             08-31             09-07             09-14             median drive  spread  stops
mon  25 / 6.4 / -0.1   26 / 8.0 / 1.2    29 / 7.9 / 0.4    -                 29 / 7.1 / -0.2   0.2 h         1.4 h   25-29
tue  29 / 8.8 / 1.0    33 / 13.6 / 0.7   32 / 10.2 / 1.2   26 / 7.6 / 0.6    27 / 8.0 / 1.3    1.0 h         0.7 h   26-33
wed  32 / 8.2 / 0.2    33 / 7.6 / -0.1   24 / 6.6 / 1.0    31 / 8.2 / 0.5    33 / 8.0 / 0.1    0.2 h         1.0 h   24-33
thu  24 / 7.7 / 1.2    26 / 7.9 / 1.1    27 / 8.9 / 1.6    25 / 8.1 / 1.1    28 / 9.2 / 0.4    1.1 h         1.2 h   24-28
fri  25 / 8.5 / 2.2    31 / 9.5 / 1.5    25 / 9.1 / 1.9    21 / 6.4 / 0.6    -                 1.7 h         1.6 h   21-31

== weekly span hours per tech (first job to last job, breaks included)
tech              08-17    08-24    08-31    09-07    09-14    median/wk
Alias Franks      52.7     58.5     45.1     38.9     40.2     45.1
Cory Ventura      32.8     31.8     25.8     26.8     27.5     27.5
Luke LaVergne     39.9     33.1     44.6     41.7     32.3     39.9
Robert Norton     38.3     48.8     42.1     33.7     29.6     38.3
Tavis Alexander   39.6     46.6     42.6     30.3     32.3     39.6
ALL               203.3    218.7    200.3    171.3    161.9    200.3

route-days with >=3 weeks of data: 25   drive spread <= 1.0 h: 3   > 1.0 h: 22
  Robert Norton      thu  median 2 h  spread 3.9 h  stops 22-26
  Luke LaVergne      wed  median 1.9 h  spread 2.6 h  stops 14-19
  Robert Norton      tue  median 1 h  spread 2.5 h  stops 20-30
  Robert Norton      mon  median 2.3 h  spread 2.4 h  stops 21-22
  Alias Franks       mon  median 2.1 h  spread 2.1 h  stops 25-28
  Alias Franks       thu  median 3.7 h  spread 2 h  stops 21-25
  Cory Ventura       thu  median 1.4 h  spread 2 h  stops 19-33
  Luke LaVergne      thu  median 2 h  spread 2 h  stops 19-26
  Alias Franks       tue  median 2.6 h  spread 1.7 h  stops 22-28
  Alias Franks       wed  median 4.5 h  spread 1.7 h  stops 22-27
  Alias Franks       fri  median 2.8 h  spread 1.7 h  stops 25-29
  Luke LaVergne      tue  median 2.4 h  spread 1.7 h  stops 12-24
  Robert Norton      wed  median 1.7 h  spread 1.7 h  stops 22-30
  Cory Ventura       wed  median 0.7 h  spread 1.6 h  stops 20-31
  Robert Norton      fri  median 2.3 h  spread 1.6 h  stops 19-27
  Tavis Alexander    fri  median 1.7 h  spread 1.6 h  stops 21-31
  Cory Ventura       mon  median 0.2 h  spread 1.5 h  stops 26-32
  Cory Ventura       tue  median 1.2 h  spread 1.5 h  stops 18-28
  Luke LaVergne      fri  median 1.1 h  spread 1.5 h  stops 23-29
  Tavis Alexander    mon  median 0.2 h  spread 1.4 h  stops 25-29
  Luke LaVergne      mon  median 2.3 h  spread 1.2 h  stops 20-23
  Tavis Alexander    thu  median 1.1 h  spread 1.2 h  stops 24-28

saved -> projects\briefs\route-engine\data\route-day-drive_2026-08-17_2026-09-17.json
