[write-gate] writes BLOCKED — writes disabled: Revoked. — run b54b6806
=== SYNC + PLAN + TIMES 2026-10-04 10:33:39 PT ===
mode: DRY (default) — queries only   window: 2026-10-05..2026-10-09
live Jobber: 551 visits, 551 not complete, 551 on a routed driver, 0 skipped (no tech / not a driver)
  2026-10-05  Tavis 22  Alias 20  Robert 22  Luke 22
  2026-10-06  Cory 22  Robert 27  Luke 25  Tavis 26  Alias 20
  2026-10-07  Luke 15  Alias 20  Tavis 24  Cory 29  Robert 25
  2026-10-08  Alias 17  Cory 29  Tavis 25  Robert 30  Luke 23
  2026-10-09  Robert 27  Cory 20  Luke 22  Tavis 19  Alias 20

OptimoRoute: 551 orders in the window
  CREATE 0   UPDATE 60   DELETE 0   unchanged 491
    UPDATE 8578-2326351277 2026-10-06 Cory Ventura  tech Luke LaVergne->Cory Ventura, dur 15->12
    UPDATE 4674-1912571519 2026-10-06 Luke LaVergne  date 2026-10-08->2026-10-06
    UPDATE 6784-1810350516 2026-10-06 Cory Ventura  tech Luke LaVergne->Cory Ventura, dur 15->12
    UPDATE 4935-1779399730 2026-10-06 Luke LaVergne  date 2026-10-08->2026-10-06
    UPDATE 8641-2346390672 2026-10-06 Cory Ventura  tech Luke LaVergne->Cory Ventura, dur 15->12
    UPDATE 8622-2338523083 2026-10-06 Luke LaVergne  date 2026-10-08->2026-10-06
    UPDATE 6619-1776930418 2026-10-06 Cory Ventura  tech Luke LaVergne->Cory Ventura, dur 15->12
    UPDATE 4425-1850020032 2026-10-06 Luke LaVergne  tech Cory Ventura->Luke LaVergne, dur 12->15
    UPDATE 7805-2099670569 2026-10-06 Cory Ventura  tech Luke LaVergne->Cory Ventura, dur 15->12
    UPDATE 7728-2350784864 2026-10-06 Luke LaVergne  date 2026-10-08->2026-10-06
    UPDATE 8431-2297635823 2026-10-06 Luke LaVergne  tech Cory Ventura->Luke LaVergne, dur 12->15
    UPDATE 5024-1702511847 2026-10-06 Luke LaVergne  tech Cory Ventura->Luke LaVergne, dur 12->15
    UPDATE 8436-2298658371 2026-10-06 Cory Ventura  tech Luke LaVergne->Cory Ventura, dur 15->12
    UPDATE 8560-2323384858 2026-10-06 Luke LaVergne  tech Cory Ventura->Luke LaVergne, dur 12->15
    UPDATE 8647-2347887092 2026-10-06 Luke LaVergne  date 2026-10-08->2026-10-06
    UPDATE 8133-2244933523 2026-10-06 Luke LaVergne  tech Cory Ventura->Luke LaVergne, dur 12->15
    UPDATE 7829-2109777981 2026-10-06 Luke LaVergne  date 2026-10-08->2026-10-06
    UPDATE 7839-2117235408 2026-10-06 Luke LaVergne  tech Cory Ventura->Luke LaVergne, dur 12->15
    UPDATE 5639-2278337088 2026-10-06 Cory Ventura  tech Luke LaVergne->Cory Ventura, dur 15->12
    UPDATE 4608-1912588278 2026-10-06 Luke LaVergne  tech Cory Ventura->Luke LaVergne, dur 12->15
    UPDATE 6246-1603712606 2026-10-06 Luke LaVergne  date 2026-10-08->2026-10-06
    UPDATE 7723-2056042317 2026-10-06 Luke LaVergne  tech Cory Ventura->Luke LaVergne, dur 12->15
    UPDATE 5192-1702508284 2026-10-06 Cory Ventura  tech Luke LaVergne->Cory Ventura, dur 15->12
    UPDATE 7764-2071869406 2026-10-06 Luke LaVergne  tech Cory Ventura->Luke LaVergne, dur 12->15
    UPDATE 8619-2338506919 2026-10-06 Luke LaVergne  tech Cory Ventura->Luke LaVergne, dur 12->15
    UPDATE 7795-2090045627 2026-10-06 Cory Ventura  tech Luke LaVergne->Cory Ventura, dur 15->12
    UPDATE 5077-1691585429 2026-10-06 Cory Ventura  tech Luke LaVergne->Cory Ventura, dur 15->12
    UPDATE 7457-1939839681 2026-10-06 Cory Ventura  tech Luke LaVergne->Cory Ventura, dur 15->12
    UPDATE 5413-1718745014 2026-10-06 Cory Ventura  tech Luke LaVergne->Cory Ventura, dur 15->12
    UPDATE 8529-2319334237 2026-10-06 Luke LaVergne  date 2026-10-09->2026-10-06
    UPDATE 5954-1912197348 2026-10-06 Cory Ventura  tech Luke LaVergne->Cory Ventura, dur 15->12
    UPDATE 8083-2234973686 2026-10-06 Luke LaVergne  date 2026-10-09->2026-10-06
    UPDATE 8614-2338493379 2026-10-06 Cory Ventura  tech Luke LaVergne->Cory Ventura, dur 15->12
    UPDATE 8082-2234970249 2026-10-06 Luke LaVergne  date 2026-10-09->2026-10-06
    UPDATE 8611-2336588204 2026-10-06 Cory Ventura  tech Luke LaVergne->Cory Ventura, dur 15->12
    UPDATE 6338-2352312400 2026-10-06 Luke LaVergne  date 2026-10-09->2026-10-06
    UPDATE 7740-2062933277 2026-10-06 Cory Ventura  tech Luke LaVergne->Cory Ventura, dur 15->12
    UPDATE 8637-2344012956 2026-10-07 Tavis Alexander  tech Robert Norton->Tavis Alexander
    UPDATE 7623-2015794285 2026-10-07 Tavis Alexander  tech Cory Ventura->Tavis Alexander, dur 12->15
    UPDATE 8616-2338497645 2026-10-07 Tavis Alexander  tech Robert Norton->Tavis Alexander
    UPDATE 4549-1880518956 2026-10-07 Robert Norton  date 2026-10-06->2026-10-07, tech Cory Ventura->Robert Norton, dur 12->15
    UPDATE 5780-1880520515 2026-10-07 Robert Norton  date 2026-10-06->2026-10-07, tech Cory Ventura->Robert Norton, dur 12->15
    UPDATE 4941-1757851597 2026-10-07 Robert Norton  date 2026-10-06->2026-10-07, tech Cory Ventura->Robert Norton, dur 12->15
    UPDATE 4480-2345354487 2026-10-07 Robert Norton  date 2026-10-06->2026-10-07, tech Cory Ventura->Robert Norton, dur 12->15
    UPDATE 7713-2341068897 2026-10-07 Tavis Alexander  tech Robert Norton->Tavis Alexander
    UPDATE 8586-2332552735 2026-10-07 Tavis Alexander  tech Robert Norton->Tavis Alexander
    UPDATE 7517-1970470242 2026-10-07 Tavis Alexander  tech Robert Norton->Tavis Alexander
    UPDATE 8155-2248823452 2026-10-07 Tavis Alexander  tech Robert Norton->Tavis Alexander
    UPDATE 8585-2332548542 2026-10-08 Cory Ventura  date 2026-10-07->2026-10-08
    UPDATE 8588-2333262890 2026-10-08 Luke LaVergne  date 2026-10-05->2026-10-08
    UPDATE 7936-2190059056 2026-10-08 Luke LaVergne  date 2026-10-05->2026-10-08
    UPDATE 7815-2105335608 2026-10-08 Luke LaVergne  date 2026-10-05->2026-10-08
    UPDATE 8404-2338334813 2026-10-08 Luke LaVergne  date 2026-10-05->2026-10-08
    UPDATE 8437-2338356844 2026-10-08 Luke LaVergne  date 2026-10-05->2026-10-08
    UPDATE 6389-1737865557 2026-10-09 Cory Ventura  date 2026-10-06->2026-10-09
    UPDATE 6064-1980793862 2026-10-09 Cory Ventura  date 2026-10-06->2026-10-09
    UPDATE 5540-1718978555 2026-10-09 Cory Ventura  date 2026-10-06->2026-10-09
    UPDATE 8318-2277596700 2026-10-09 Cory Ventura  date 2026-10-06->2026-10-09
    UPDATE 7747-2064947926 2026-10-09 Cory Ventura  date 2026-10-06->2026-10-09
    UPDATE 7725-2347391607 2026-10-09 Cory Ventura  date 2026-10-06->2026-10-09, tech Luke LaVergne->Cory Ventura, dur 15->12

driver availability: 10-05: Alias/Luke/Robert/Tavis   10-06: Alias/Cory/Luke/Robert/Tavis   10-07: Alias/Cory/Luke/Robert/Tavis   10-08: Alias/Cory/Luke/Robert/Tavis   10-09: Alias/Cory/Luke/Robert/Tavis

DRY RUN — nothing written. Planning and time write-back happen only with --execute. Log: C:\Agentic-os-got-moles\projects\briefs\route-engine\redesign\ops\2026-10-05_week\sync-plan-times.log
