[write-gate] writes BLOCKED — writes disabled: Revoked. — run e41c2f93
=== SYNC + PLAN + TIMES 2026-10-04 11:40:52 PT ===
mode: DRY (default) — queries only   window: 2026-10-05..2026-10-09
live Jobber: 551 visits, 551 not complete, 551 on a routed driver, 0 skipped (no tech / not a driver)
  2026-10-05  Tavis 22  Alias 20  Cory 1  Luke 18  Robert 22
  2026-10-06  Robert 29  Cory 21  Tavis 26  Luke 18  Alias 20
  2026-10-07  Cory 29  Luke 14  Alias 20  Tavis 24  Robert 28
  2026-10-08  Alias 17  Tavis 36  Robert 27  Cory 34  Luke 17
  2026-10-09  Cory 30  Robert 21  Tavis 19  Alias 20  Luke 18

OptimoRoute: 551 orders in the window
  CREATE 6   UPDATE 69   DELETE 6   unchanged 476
    CREATE 7594-2010512860 2026-10-05 Cory Ventura 12m  Dalveer Josan  10416 148th Avenue Southeast, Renton, Washington, 98059
    CREATE 7974-2206929200 2026-10-05 Luke LaVergne 15m  Sandy Pearson  1410 Hummingbird Lane Northwest, Olympia, Washington, 98502
    CREATE 5511-1789419945 2026-10-06 Robert Norton 15m  SLPPLLC  21323 Southeast 351st Street, Auburn, Washington, 98092
    CREATE 7970-2346992140 2026-10-06 Robert Norton 15m  Darren McAllen  29121 236th Avenue Southeast, Black Diamond, Washington, 98010
    CREATE 5594-2350119077 2026-10-08 Tavis Alexander 15m  Michael Satran  13840 169th Avenue Southeast, Renton, Washington, 98059
    CREATE 5458-2352015908 2026-10-08 Robert Norton 15m  Jake Nettleton  23308 Southeast 218th Street, Maple Valley, Washington, 98038
    UPDATE 6338-2352312400 2026-10-06 Cory Ventura  tech Luke LaVergne->Cory Ventura, dur 15->12
    UPDATE 8232-2289334131 2026-10-06 Luke LaVergne  date 2026-10-08->2026-10-06
    UPDATE 5015-1671989022 2026-10-06 Luke LaVergne  date 2026-10-08->2026-10-06
    UPDATE 8083-2234973686 2026-10-06 Cory Ventura  tech Luke LaVergne->Cory Ventura, dur 15->12
    UPDATE 8412-2350679975 2026-10-06 Luke LaVergne  date 2026-10-08->2026-10-06
    UPDATE 8529-2319334237 2026-10-06 Cory Ventura  tech Luke LaVergne->Cory Ventura, dur 15->12
    UPDATE 7832-2350697969 2026-10-06 Luke LaVergne  date 2026-10-08->2026-10-06
    UPDATE 8620-2338513134 2026-10-06 Luke LaVergne  date 2026-10-08->2026-10-06
    UPDATE 8526-2317027130 2026-10-06 Cory Ventura  tech Luke LaVergne->Cory Ventura, dur 15->12
    UPDATE 4425-1850020032 2026-10-06 Cory Ventura  tech Luke LaVergne->Cory Ventura, dur 15->12
    UPDATE 8210-2261152094 2026-10-06 Luke LaVergne  date 2026-10-05->2026-10-06
    UPDATE 8431-2297635823 2026-10-06 Cory Ventura  tech Luke LaVergne->Cory Ventura, dur 15->12
    UPDATE 8332-2280671491 2026-10-06 Luke LaVergne  date 2026-10-05->2026-10-06
    UPDATE 5024-1702511847 2026-10-06 Cory Ventura  tech Luke LaVergne->Cory Ventura, dur 15->12
    UPDATE 7804-2099659408 2026-10-06 Luke LaVergne  date 2026-10-05->2026-10-06
    UPDATE 8560-2323384858 2026-10-06 Cory Ventura  tech Luke LaVergne->Cory Ventura, dur 15->12
    UPDATE 8627-2341461390 2026-10-06 Robert Norton  date 2026-10-09->2026-10-06
    UPDATE 8133-2244933523 2026-10-06 Cory Ventura  tech Luke LaVergne->Cory Ventura, dur 15->12
    UPDATE 7996-2216280502 2026-10-06 Luke LaVergne  date 2026-10-05->2026-10-06
    UPDATE 6653-1784920794 2026-10-06 Robert Norton  date 2026-10-09->2026-10-06
    UPDATE 7839-2117235408 2026-10-06 Cory Ventura  tech Luke LaVergne->Cory Ventura, dur 15->12
    UPDATE 4707-1912560950 2026-10-06 Robert Norton  date 2026-10-09->2026-10-06
    UPDATE 4608-1912588278 2026-10-06 Cory Ventura  tech Luke LaVergne->Cory Ventura, dur 15->12
    UPDATE 7723-2056042317 2026-10-06 Cory Ventura  tech Luke LaVergne->Cory Ventura, dur 15->12
    UPDATE 7764-2071869406 2026-10-06 Cory Ventura  tech Luke LaVergne->Cory Ventura, dur 15->12
    UPDATE 8619-2338506919 2026-10-06 Cory Ventura  tech Luke LaVergne->Cory Ventura, dur 15->12
    UPDATE 8654-2349260124 2026-10-07 Robert Norton  date 2026-10-09->2026-10-07, tech Luke LaVergne->Robert Norton
    UPDATE 5178-1770741184 2026-10-07 Robert Norton  date 2026-10-09->2026-10-07, tech Luke LaVergne->Robert Norton
    UPDATE 7941-2352280520 2026-10-07 Robert Norton  date 2026-10-09->2026-10-07, tech Luke LaVergne->Robert Norton
    UPDATE 8629-2341471077 2026-10-08 Robert Norton  date 2026-10-09->2026-10-08
    UPDATE 7306-2352110947 2026-10-08 Robert Norton  date 2026-10-09->2026-10-08
    UPDATE 8513-2350048154 2026-10-08 Tavis Alexander  tech Robert Norton->Tavis Alexander
    UPDATE 4545-2351988768 2026-10-08 Robert Norton  date 2026-10-09->2026-10-08
    UPDATE 8350-2284967403 2026-10-08 Tavis Alexander  tech Robert Norton->Tavis Alexander
    UPDATE 8617-2338499452 2026-10-08 Robert Norton  date 2026-10-09->2026-10-08
    UPDATE 8137-2246402531 2026-10-08 Cory Ventura  date 2026-10-09->2026-10-08
    UPDATE 4842-1986405964 2026-10-08 Tavis Alexander  tech Robert Norton->Tavis Alexander
    UPDATE 8666-2353261867 2026-10-08 Cory Ventura  date 2026-10-09->2026-10-08
    UPDATE 5071-2350110673 2026-10-08 Tavis Alexander  tech Robert Norton->Tavis Alexander
    UPDATE 7657-2347088814 2026-10-08 Cory Ventura  date 2026-10-09->2026-10-08
    UPDATE 4929-2350153957 2026-10-08 Tavis Alexander  tech Robert Norton->Tavis Alexander
    UPDATE 6324-2347094650 2026-10-08 Cory Ventura  date 2026-10-09->2026-10-08
    UPDATE 7406-2350135159 2026-10-08 Tavis Alexander  tech Robert Norton->Tavis Alexander
    UPDATE 7705-2347076480 2026-10-08 Cory Ventura  date 2026-10-09->2026-10-08
    UPDATE 5034-2350186670 2026-10-08 Tavis Alexander  tech Robert Norton->Tavis Alexander
    UPDATE 8214-2261162882 2026-10-08 Tavis Alexander  tech Robert Norton->Tavis Alexander
    UPDATE 7672-2350203515 2026-10-08 Tavis Alexander  tech Robert Norton->Tavis Alexander
    UPDATE 8160-2250473089 2026-10-08 Tavis Alexander  tech Robert Norton->Tavis Alexander
    UPDATE 6287-2352150447 2026-10-08 Robert Norton  date 2026-10-09->2026-10-08
    UPDATE 7767-2075253894 2026-10-08 Robert Norton  date 2026-10-09->2026-10-08
    UPDATE 5077-1691585429 2026-10-09 Cory Ventura  date 2026-10-06->2026-10-09
    UPDATE 6953-2347490158 2026-10-09 Robert Norton  date 2026-10-06->2026-10-09
    UPDATE 5602-2347502368 2026-10-09 Robert Norton  date 2026-10-06->2026-10-09
    UPDATE 7795-2090045627 2026-10-09 Cory Ventura  date 2026-10-06->2026-10-09
    UPDATE 8641-2346390672 2026-10-09 Cory Ventura  date 2026-10-06->2026-10-09
    UPDATE 6619-1776930418 2026-10-09 Cory Ventura  date 2026-10-06->2026-10-09
    UPDATE 7805-2099670569 2026-10-09 Cory Ventura  date 2026-10-06->2026-10-09
    UPDATE 8436-2298658371 2026-10-09 Cory Ventura  date 2026-10-06->2026-10-09
    UPDATE 5639-2278337088 2026-10-09 Cory Ventura  date 2026-10-06->2026-10-09
    UPDATE 5192-1702508284 2026-10-09 Cory Ventura  date 2026-10-06->2026-10-09
    UPDATE 6784-1810350516 2026-10-09 Cory Ventura  date 2026-10-06->2026-10-09
    UPDATE 8578-2326351277 2026-10-09 Cory Ventura  date 2026-10-06->2026-10-09
    UPDATE 7457-1939839681 2026-10-09 Cory Ventura  date 2026-10-06->2026-10-09
    UPDATE 5413-1718745014 2026-10-09 Cory Ventura  date 2026-10-06->2026-10-09
    UPDATE 5954-1912197348 2026-10-09 Cory Ventura  date 2026-10-06->2026-10-09
    UPDATE 8614-2338493379 2026-10-09 Cory Ventura  date 2026-10-06->2026-10-09
    UPDATE 8611-2336588204 2026-10-09 Cory Ventura  date 2026-10-06->2026-10-09
    UPDATE 8067-2232219538 2026-10-09 Cory Ventura  date 2026-10-06->2026-10-09, tech Luke LaVergne->Cory Ventura, dur 15->12
    UPDATE 7819-2106927246 2026-10-09 Robert Norton  date 2026-10-06->2026-10-09
    DELETE 7810-2102497685 2026-10-05 Luke LaVergne  Jason Noahr · #7810
    DELETE 8417-2295922373 2026-10-07 Luke LaVergne  Lynn Anderson · #8417
    DELETE 8203-2350146968 2026-10-08 Luke LaVergne  Richard Henegan · #8203
    DELETE 4935-1779399730 2026-10-06 Luke LaVergne  Maja Haloway · #4935
    DELETE 7462-1944751846 2026-10-09 Cory Ventura  HyperGreen Landscaping · #7462
    DELETE 8545-2321158415 2026-10-09 Luke LaVergne  Doris Osada · #8545

driver availability: 10-05: Alias/Cory/Luke/Robert/Tavis   10-06: Alias/Cory/Luke/Robert/Tavis   10-07: Alias/Cory/Luke/Robert/Tavis   10-08: Alias/Cory/Luke/Robert/Tavis   10-09: Alias/Cory/Luke/Robert/Tavis

DRY RUN — nothing written. Planning and time write-back happen only with --execute. Log: C:\Agentic-os-got-moles\projects\briefs\route-engine\redesign\ops\2026-10-05_week\sync-plan-times.log
