[write-gate] WRITES ENABLED until 2026-10-04T19:29:48.926Z (spenc@Got-Moles: Spencer 10-04: Dalveer end of Cory Mon, Robert Wed north->south; replan 10-05 and 10-07) — ceiling 700/run — run 48199e81
=== SYNC + PLAN + TIMES 2026-10-04 11:59:48 PT ===
mode: LIVE (--execute)   window: 2026-10-05..2026-10-07
live Jobber: 205 visits, 205 not complete, 205 on a routed driver, 0 skipped (no tech / not a driver)
  2026-10-05  Tavis 22  Alias 20  Robert 22  Luke 18  Cory 1
  2026-10-07  Cory 35  Luke 14  Alias 20  Tavis 25  Robert 28

OptimoRoute: 320 orders in the window
  CREATE 0   UPDATE 2   DELETE 115   unchanged 203
    UPDATE 7594-2010512860 2026-10-05 Cory Ventura  tw -> 15:00-16:00
    UPDATE 7820-2107059593 2026-10-07 Robert Norton  tw -> 07:00-11:30
    DELETE 6334-2337756359 2026-10-06 Robert Norton  Alexandra Daley · #6334
    DELETE 6400-2310063670 2026-10-06 Robert Norton  Dave Mcclung · #6400
    DELETE 8332-2280671491 2026-10-06 Luke LaVergne  Nancy Collinsworth · #8332
    DELETE 7804-2099659408 2026-10-06 Luke LaVergne  Ron Bramlett · #7804
    DELETE 7996-2216280502 2026-10-06 Luke LaVergne  Robert Davis · #7996
    DELETE 8210-2261152094 2026-10-06 Luke LaVergne  David Preston · #8210
    DELETE 8238-2265641334 2026-10-06 Alias Franks  Joshua Chao · #8238
    DELETE 8287-2273490604 2026-10-06 Alias Franks  Brian Hunt · #8287
    DELETE 8388-2292800165 2026-10-06 Alias Franks  Mike Marinella · #8388
    DELETE 4492-2294798365 2026-10-06 Robert Norton  Rich Porter - !!! Annual Customer !!! · #4492
    DELETE 8421-2296258867 2026-10-06 Alias Franks  Erik Severson · #8421
    DELETE 8431-2297635823 2026-10-06 Cory Ventura  Julie Woods · #8431
    DELETE 8452-2301463865 2026-10-06 Robert Norton  Shawna Mobley · #8452
    DELETE 8557-2322279055 2026-10-06 Alias Franks  Tad Hutchison · #8557
    DELETE 8560-2323384858 2026-10-06 Cory Ventura  Patty Ring · #8560
    DELETE 8593-2333944114 2026-10-06 Cory Ventura  Kevin Milliren · #8593
    DELETE 8602-2337853944 2026-10-06 Robert Norton  Mike Laidley · #8602
    DELETE 7444-2339145225 2026-10-06 Robert Norton  Theo Vervilles · #7444
    DELETE 7489-2339696199 2026-10-06 Robert Norton  Cheryl Davis · #7489
    DELETE 7494-2339699848 2026-10-06 Robert Norton  Gary Smart · #7494
    DELETE 7853-2345277036 2026-10-06 Cory Ventura  Jim Vaughn · #7853
    DELETE 8375-2345632309 2026-10-06 Cory Ventura  Johnny Evans · #8375
    DELETE 8291-2347441802 2026-10-06 Robert Norton  John & Jasmine Foth · #8291
    DELETE 8482-2347451495 2026-10-06 Alias Franks  Joseph Rollins (Problem Job) · #8482
    DELETE 8488-2347578983 2026-10-06 Tavis Alexander  Terry Wirth · #8488
    DELETE 8505-2347730842 2026-10-06 Tavis Alexander  Roberto Dondisch · #8505
    DELETE 8649-2347897832 2026-10-06 Tavis Alexander  Stella Sun · #8649
    DELETE 8659-2349484287 2026-10-06 Luke LaVergne  Dennis Gentele · #8659
    DELETE 6303-1615059612 2026-10-06 Tavis Alexander  Patrick Tanner · #6303
    DELETE 5025-1653713596 2026-10-06 Robert Norton  Bye The Green Condominiums · #5025
    DELETE 6420-1658060972 2026-10-06 Alias Franks  Vikrant Jain · #6420
    DELETE 5024-1702511847 2026-10-06 Cory Ventura  Brienna Dyberg · #5024
    DELETE 6545-1741299808 2026-10-06 Tavis Alexander  Rosemarie Havranek · #6545
    DELETE 6555-1746499069 2026-10-06 Robert Norton  Matt Coder · #6555
    DELETE 6784-1810350516 2026-10-06 Cory Ventura  Adam Kimball - One year Mole Control · #6784
    DELETE 5411-1820717474 2026-10-06 Tavis Alexander  Paul Klansnic · #5411
    DELETE 4425-1850020032 2026-10-06 Cory Ventura  Thomas Spring Estates · #4425
    DELETE 5940-1870719131 2026-10-06 Tavis Alexander  Don Severide · #5940
    DELETE 7183-1889098188 2026-10-06 Tavis Alexander  Eric Dworkis - one year mole control · #7183
    DELETE 7267-1901629517 2026-10-06 Tavis Alexander  Dennis Mccreery · #7267
    DELETE 5597-1912251751 2026-10-06 Cory Ventura  Jim McGowan - Job for Jim McGowan · #5597
    DELETE 4608-1912588278 2026-10-06 Cory Ventura  Kristi Rice · #4608
    DELETE 7365-1918288619 2026-10-06 Robert Norton  Paul Hwang · #7365
    DELETE 4777-1966485659 2026-10-06 Robert Norton  Al Chappell · #4777
    DELETE 6116-1986408293 2026-10-06 Tavis Alexander  Noel Murphy · #6116
    DELETE 7496-2047096436 2026-10-06 Cory Ventura  Vince Preece · #7496
    DELETE 7723-2056042317 2026-10-06 Cory Ventura  Chad Peterson · #7723
    DELETE 7740-2062933277 2026-10-06 Cory Ventura  Marnee Humphrey · #7740
    DELETE 7744-2063541056 2026-10-06 Tavis Alexander  GC Bellefield, LLC. · #7744
    DELETE 7764-2071869406 2026-10-06 Cory Ventura  Michallea Schuelke · #7764
    DELETE 7424-2084222415 2026-10-06 Alias Franks  Irene VandenBrink · #7424
    DELETE 6083-2089244620 2026-10-06 Robert Norton  Chantal Padilla · #6083
    DELETE 7685-2106942185 2026-10-06 Robert Norton  Mark Fisher · #7685
    DELETE 7839-2117235408 2026-10-06 Cory Ventura  Jason Andrews · #7839
    DELETE 7857-2135671258 2026-10-06 Robert Norton  Bob Davies · #7857
    DELETE 7885-2154707215 2026-10-06 Alias Franks  Michael Jones · #7885
    DELETE 7939-2191052063 2026-10-06 Alias Franks  Richard Driscoll · #7939
    DELETE 7962-2201297329 2026-10-06 Robert Norton  Joann Mortenson · #7962
    DELETE 7960-2215770728 2026-10-06 Tavis Alexander  Danielle Steele · #7960
    DELETE 8023-2221233774 2026-10-06 Robert Norton  Neil Gokey · #8023
    DELETE 8067-2232219538 2026-10-06 Cory Ventura  Gerryann Jurva · #8067
    DELETE 8113-2240794025 2026-10-06 Tavis Alexander  Max Ye · #8113
    DELETE 8133-2244933523 2026-10-06 Cory Ventura  Shane Taylor · #8133
    DELETE 8509-2312571856 2026-10-06 Robert Norton  Sarabjit Kaur · #8509
    DELETE 8652-2347943402 2026-10-06 Tavis Alexander  Roberto Dondisch · #8652
    DELETE 8551-2321792506 2026-10-06 Tavis Alexander  Liz Silke · #8551
    DELETE 8571-2325833357 2026-10-06 Robert Norton  Sue Pennock · #8571
    DELETE 8663-2353254774 2026-10-06 Alias Franks  Larry Soriano (SET) · #8663
    DELETE 8639-2346053026 2026-10-06 Tavis Alexander  Louise Gordon · #8639
    DELETE 8564-2324418824 2026-10-06 Alias Franks  Jared Schapiro · #8564
    DELETE 8566-2324422320 2026-10-06 Tavis Alexander  Janelle Stewart · #8566
    DELETE 8598-2336532998 2026-10-06 Alias Franks  John Mcinerny · #8598
    DELETE 8619-2338506919 2026-10-06 Cory Ventura  Amy Crenshaw-Burns · #8619
    DELETE 8169-2253062101 2026-10-06 Tavis Alexander  Donna Jensen · #8169
    DELETE 8613-2337971756 2026-10-06 Tavis Alexander  Steve Burns · #8613
    DELETE 8569-2325654197 2026-10-06 Tavis Alexander  Tia Avril · #8569
    DELETE 8605-2336569865 2026-10-06 Tavis Alexander  Yara Chen · #8605
    DELETE 8610-2336586806 2026-10-06 Cory Ventura  Chris Gregg · #8610
    DELETE 8462-2303109476 2026-10-06 Alias Franks  Spencer Jacobs · #8462
    DELETE 8473-2305383419 2026-10-06 Alias Franks  Nate Ceres · #8473
    DELETE 8507-2312558033 2026-10-06 Robert Norton  Sheryl Toland · #8507
    DELETE 8514-2313838666 2026-10-06 Robert Norton  Cathy Conner · #8514
    DELETE 8535-2319706369 2026-10-06 Alias Franks  Dan Dawkins (5th VISIT) · #8535
    DELETE 8536-2319711389 2026-10-06 Tavis Alexander  Wendy Perkins (5th Visit) · #8536
    DELETE 8537-2319722024 2026-10-06 Tavis Alexander  Emma Liu (5th Visit) · #8537
    DELETE 8570-2325825658 2026-10-06 Alias Franks  Michael Glover · #8570
    DELETE 8584-2332496473 2026-10-06 Tavis Alexander  Suma Prasad · #8584
    DELETE 8534-2319702724 2026-10-06 Alias Franks  Mary Jeffers (5th Visit) · #8534
    DELETE 8526-2317027130 2026-10-06 Cory Ventura  Jake Fox (5th Visit) · #8526
    DELETE 8587-2332582263 2026-10-06 Luke LaVergne  Mitchell Gasser · #8587
    DELETE 8558-2322281777 2026-10-06 Alias Franks  John Obrien · #8558
    DELETE 8574-2326312917 2026-10-06 Alias Franks  Saber Mirzaei · #8574
    DELETE 8579-2326368092 2026-10-06 Robert Norton  Gurwinder Sandhu · #8579
    DELETE 7684-2344010395 2026-10-06 Robert Norton  Dennis Higashiyama · #7684
    DELETE 8638-2344013380 2026-10-06 Tavis Alexander  Nik bhogal · #8638
    DELETE 8232-2289334131 2026-10-06 Luke LaVergne  Stephen Douglas · #8232
    DELETE 8412-2350679975 2026-10-06 Luke LaVergne  Bill Henshaw · #8412
    DELETE 7832-2350697969 2026-10-06 Luke LaVergne  Ann Sargent · #7832
    DELETE 7728-2350784864 2026-10-06 Luke LaVergne  Sam Williams · #7728
    DELETE 6246-1603712606 2026-10-06 Luke LaVergne  Lisa Miles - ANNUAL CUSTOMER · #6246
    DELETE 5015-1671989022 2026-10-06 Luke LaVergne  Brian Muirhead · #5015
    DELETE 4674-1912571519 2026-10-06 Luke LaVergne  Noe Cerda · #4674
    DELETE 7829-2109777981 2026-10-06 Luke LaVergne  Joey Russo · #7829
    DELETE 8647-2347887092 2026-10-06 Luke LaVergne  Michelle Savigny · #8647
    DELETE 8620-2338513134 2026-10-06 Luke LaVergne  Julie Penrod · #8620
    DELETE 8622-2338523083 2026-10-06 Luke LaVergne  JT Wilcox · #8622
    DELETE 8529-2319334237 2026-10-06 Cory Ventura  Hui Evans · #8529
    DELETE 6338-2352312400 2026-10-06 Cory Ventura  Barbara Wood · #6338
    DELETE 6653-1784920794 2026-10-06 Robert Norton  SLPPLLC · #6653
    DELETE 4707-1912560950 2026-10-06 Robert Norton  Sandy Foster · #4707
    DELETE 8082-2234970249 2026-10-06 Cory Ventura  Pauline Kabue · #8082
    DELETE 8083-2234973686 2026-10-06 Cory Ventura  Mark Baughman · #8083
    DELETE 8627-2341461390 2026-10-06 Robert Norton  Michelle Johnson · #8627
    DELETE 5511-1789419945 2026-10-06 Robert Norton  SLPPLLC · #5511
    DELETE 7970-2346992140 2026-10-06 Robert Norton  Darren McAllen · #7970

🛑 ABORT 2026-10-04 11:59:53 — reconcile counts exceed guards {"create":600,"delete":80,"update":700,"times":700} — the board is not what this script expects; check before running
