[write-gate] WRITES ENABLED until 2026-10-04T19:36:20.388Z (spenc@Got-Moles: Spencer 10-04: Robert Wed 10-07 ends in Fife (meeting); replan 10-07, write times) — ceiling 700/run — run 9c03b71d
=== SYNC + PLAN + TIMES 2026-10-04 12:06:33 PT ===
mode: LIVE (--execute)   window: 2026-10-05..2026-10-09
live Jobber: 551 visits, 551 not complete, 551 on a routed driver, 0 skipped (no tech / not a driver)
  2026-10-05  Tavis 22  Alias 20  Luke 18  Robert 22  Cory 1
  2026-10-06  Cory 24  Robert 29  Tavis 25  Luke 17  Alias 20
  2026-10-07  Cory 35  Luke 14  Alias 20  Tavis 25  Robert 28
  2026-10-08  Tavis 36  Alias 17  Cory 34  Robert 27  Luke 17
  2026-10-09  Cory 22  Robert 21  Luke 18  Tavis 19  Alias 20

OptimoRoute: 551 orders in the window
  CREATE 0   UPDATE 0   DELETE 0   unchanged 551

driver availability: 10-05: Alias/Cory/Luke/Robert/Tavis   10-06: Alias/Cory/Luke/Robert/Tavis   10-07: Alias/Cory/Luke/Robert/Tavis   10-08: Alias/Cory/Luke/Robert/Tavis   10-09: Alias/Cory/Luke/Robert/Tavis

=== OPTIMOROUTE: 0 CREATE ===
=== OPTIMOROUTE: 0 UPDATE ===
=== OPTIMOROUTE: 0 DELETE ===

--from-saved: 551 planned stops loaded from routes-*.json

=== JOBBER: write planned times (startAt = arrival, endAt = +3 h) ===
  to write 31   already correct 520   not on a route 0
  [  1/31] 2026-10-05 15:00 #7594 Cory     Dalveer Josan                was 10-05 14:00  ok
  [  2/31] 2026-10-05 07:00 #7697 Robert   Jennifer Cramer              was 10-05 14:30  ok
  [  3/31] 2026-10-07 11:35 #8395 Robert   Beverly Worthen              was 10-07 07:29  ok
  [  4/31] 2026-10-07 11:17 #7548 Robert   HyperGreen Landscaping       was 10-07 07:47  ok
  [  5/31] 2026-10-07 10:57 #6382 Robert   Jared Haines                 was 10-07 08:08  ok
  [  6/31] 2026-10-07 10:38 #8568 Robert   Dorthya Dunford              was 10-07 08:27  ok
  [  7/31] 2026-10-07 07:32 #7476 Robert   Craig Koester                was 10-07 08:47  ok
  [  8/31] 2026-10-07 07:53 #8656 Robert   Dean Shull                   was 10-07 09:08  ok
  [  9/31] 2026-10-07 08:12 #8576 Robert   Kevin Voelker                was 10-07 09:27  ok
  [ 10/31] 2026-10-07 08:33 #8056 Robert   Madera West Condos           was 10-07 09:48  ok
  [ 11/31] 2026-10-07 08:55 #7872 Robert   Sophia Chang                 was 10-07 10:10  ok
  [ 12/31] 2026-10-07 09:18 #8596 Robert   Barbara Kupietz              was 10-07 10:33  ok
  [ 13/31] 2026-10-07 09:34 #8489 Robert   Jason Kjellesvik             was 10-07 10:50  ok
  [ 14/31] 2026-10-07 09:54 #7247 Robert   Lynn Clapp                   was 10-07 11:09  ok
  [ 15/31] 2026-10-07 10:12 #6649 Robert   Theresa  Hall                was 10-07 11:27  ok
  [ 16/31] 2026-10-07 11:55 #7482 Cory     Mark Dumler                  was 10-07 11:42  ok
  [ 17/31] 2026-10-07 11:41 #7757 Cory     Dan Flood                    was 10-07 11:55  ok
  [ 18/31] 2026-10-07 16:19 #8654 Robert   Cruz Rodriguez               was 10-07 11:58  ok
  [ 19/31] 2026-10-07 15:39 #5178 Robert   Washington Premier Soccer Cl was 10-07 12:20  ok
  [ 20/31] 2026-10-07 15:59 #7941 Robert   Tim Lubic                    was 10-07 12:39  ok
  [ 21/31] 2026-10-07 15:17 #7617 Robert   Prologis - Sumner Landing    was 10-07 13:01  ok
  [ 22/31] 2026-10-07 14:18 #5780 Robert   Susy Bevans                  was 10-07 13:27  ok
  [ 23/31] 2026-10-07 13:39 #4549 Robert   Carrie Williamson            was 10-07 13:45  ok
  [ 24/31] 2026-10-07 13:58 #4480 Robert   Amanda Willard               was 10-07 14:03  ok
  [ 25/31] 2026-10-07 13:17 #4941 Robert   Daniel Hoffman               was 10-07 14:28  ok
  [ 26/31] 2026-10-07 14:40 #4741 Robert   Ron Krebbs                   was 10-07 14:50  ok
  [ 27/31] 2026-10-07 14:57 #5672 Robert   Rachel Brouhard              was 10-07 15:06  ok
  [ 28/31] 2026-10-07 11:57 #8626 Robert   Isabella Kestner             was 10-07 15:27  ok
  [ 29/31] 2026-10-07 12:14 #5369 Robert   Chris Doll                   was 10-07 15:44  ok
  [ 30/31] 2026-10-07 12:33 #5438 Robert   Jan Stanfield                was 10-07 16:03  ok
  [ 31/31] 2026-10-07 12:52 #8218 Robert   Tim Wickland                 was 10-07 16:22  ok
  written 31  failed 0

=== VERIFY === 551 visits match the plan, 0 do not

✅ done 2026-10-04 12:07:24 PT — log: C:\Agentic-os-got-moles\projects\briefs\route-engine\redesign\ops\2026-10-05_week\sync-plan-times.log
Next: the arrival-window sweep (node projects/tool-jobber/scripts/arrival-window-sweep.mjs) so every visit carries the 3-hour window.
