[write-gate] WRITES ENABLED until 2026-09-26T05:10:54.855Z (spenc@Got-Moles: Spencer 09-25: push week 09-28..10-02 to OptimoRoute + plan (no Jobber times)) — ceiling 700/run — run 5837f933
=== SYNC + PLAN + TIMES 2026-09-25 21:25:54 PT ===
mode: LIVE (--execute)   window: 2026-09-28..2026-10-02
live Jobber: 528 visits, 528 not complete, 528 on a routed driver, 0 skipped (no tech / not a driver)
  2026-09-28  Luke 26  Robert 22  Cory 27  Tavis 22  Alias 18
  2026-09-29  Cory 23  Alias 17  Robert 20  Tavis 24  Luke 15
  2026-09-30  Luke 14  Alias 21  Tavis 22  Cory 21  Robert 26
  2026-10-01  Tavis 27  Cory 30  Alias 21  Luke 24  Robert 26
  2026-10-02  Alias 24  Tavis 23  Luke 17  Robert 18

OptimoRoute: 0 orders in the window
  CREATE 528   UPDATE 0   DELETE 0   unchanged 0
    CREATE 8434-2298643895 2026-09-28 Luke LaVergne 15m  Elaine Briggs  9204 Periwinkle Loop Northeast, Lacey, Washington, 98516
    CREATE 8475-2306272071 2026-09-28 Robert Norton 15m  Constance Pivonka  727 Hilltop Avenue, Kent, Washington, 98031
    CREATE 8479-2308136674 2026-09-28 Cory Ventura 12m  Tanner Aden  12409 132nd Street Court East, Puyallup, Washington, 98374
    CREATE 8480-2308137627 2026-09-28 Robert Norton 15m  Munene Peter  11707 Southeast 210th Place, Kent, Washington, 98031
    CREATE 8533-2319651790 2026-09-28 Tavis Alexander 15m  Bob Chatalas  3911 Southwest Holden Street, Seattle, Washington, 98136
    CREATE 8560-2323384853 2026-09-28 Cory Ventura 12m  Patty  Ring  6810 162nd Street Court East, Puyallup, Washington, 98375
    CREATE 5540-2325287690 2026-09-28 Cory Ventura 12m  Chris Thornhill  19801 150th Avenue East, Graham, Washington, 98338
    CREATE 6900-2325299011 2026-09-28 Robert Norton 15m  Jeff Hunter  22626 177th Avenue Southeast, Kent, Washington, 98042
    CREATE 4515-2325338268 2026-09-28 Robert Norton 15m  Kelly Kunz  22849 172nd Avenue Southeast, Kent, Washington, 98042
    CREATE 8122-2325450650 2026-09-28 Robert Norton 15m  Bob Roggenbach  14522 Southeast 213th Street, Kent, Washington, 98042
    CREATE 8340-2325625176 2026-09-28 Tavis Alexander 15m  Ken Lohse  3213 45th Avenue Southwest, Seattle, Washington, 98116
    CREATE 4998-2325635399 2026-09-28 Cory Ventura 12m  Bill Langley  21421 111th Avenue Court East, Graham, Washington, 98338
    CREATE 8161-2325675162 2026-09-28 Luke LaVergne 15m  Teresa Black  403 Rogers Street Northwest, Olympia, Washington, 98502
    CREATE 6297-2325691865 2026-09-28 Tavis Alexander 15m  Lauren Tomala  2151 Sunset Avenue Southwest, Seattle, Washington, 98116
    CREATE 8431-2325693315 2026-09-28 Cory Ventura 12m  Julie Woods  16202 76th Avenue Court East, Puyallup, Washington, 98375
    CREATE 8133-2325840542 2026-09-28 Cory Ventura 12m  Shane Taylor  15206 58 Avenue East, Puyallup, Washington, 98375
    CREATE 7764-2325905913 2026-09-28 Cory Ventura 12m  Michallea Schuelke  13202 85th Avenue East, Puyallup, Washington, 98373
    CREATE 7470-2325967727 2026-09-28 Tavis Alexander 15m  Dawn St Clair  6313 50th Avenue Southwest, Seattle, Washington, 98136
    CREATE 6926-2326033275 2026-09-28 Alias Franks 15m  Chris Mckenzie  13225 Northeast 47th Street, Bellevue, Washington, 98005
    CREATE 6986-2326056123 2026-09-28 Cory Ventura 12m  Ashley Wollam  12301 133rd Avenue East, Puyallup, Washington, 98374
    CREATE 7891-2326102924 2026-09-28 Luke LaVergne 15m  Westly Wright  4916 69th Avenue Northwest, Olympia, Washington, 98502
    CREATE 8296-2326143700 2026-09-28 Alias Franks 15m  Prasad Thiruveedu  15447 Northeast 52nd Court, Redmond, Washington, 98052
    CREATE 8593-2333944111 2026-09-28 Cory Ventura 12m  Kevin Milliren  14007 136th Street Court East, Orting, Washington, 98360
    CREATE 7697-2337576632 2026-09-28 Robert Norton 15m  Jennifer Cramer  24624 156th Avenue Southeast, Kent, Washington, 98042
    CREATE 7797-2337616119 2026-09-28 Robert Norton 15m  Gary Fredericks  12950 Southeast 246th Street, Kent, Washington, 98030
    CREATE 8457-2337693745 2026-09-28 Luke LaVergne 15m  Caroline Irwin  5141 Beverly Drive Northeast, Olympia, Washington, 98516
    CREATE 4930-2337726346 2026-09-28 Robert Norton 15m  Plemmons Industries  25454 129th Avenue Southeast, Kent, Washington, 98030
    CREATE 4703-2337731100 2026-09-28 Alias Franks 15m  Joel Glass  4216 137th Avenue Northeast, Bellevue, Washington, 98005
    CREATE 7810-2337747477 2026-09-28 Luke LaVergne 15m  Jason Noahr  4529 Marvin Road Northeast, Lacey, Washington, 98516
    CREATE 6334-2337756359 2026-09-28 Robert Norton 15m  Alexandra Daley  28705 124th Avenue Southeast, Auburn, Washington, 98092
    CREATE 4777-2337792064 2026-09-28 Robert Norton 15m  Al Chappell  29312 118th Avenue Southeast, Auburn, Washington, 98092
    CREATE 7715-2337794234 2026-09-28 Tavis Alexander 15m  Elizabeth Duroe  5519 21st Avenue South, Seattle, Washington, 98108
    CREATE 8449-2337794777 2026-09-28 Luke LaVergne 15m  Steve Vernon  5146 Blacktail Court Northeast, Olympia, Washington, 98516
    CREATE 8409-2337817399 2026-09-28 Tavis Alexander 15m  Chris Higgs  5042 30th Avenue South, Seattle, Washington, 98108
    CREATE 8500-2337827823 2026-09-28 Luke LaVergne 15m  Mary Yu  5342 Oystercatcher Lane Northeast, Lacey, Washington, 98516
    CREATE 7824-2337867423 2026-09-28 Luke LaVergne 15m  Carl Iverson  6526 79th Avenue Northeast, Olympia, Washington, 98516
    CREATE 4502-2337870793 2026-09-28 Tavis Alexander 15m  Doreen Rigos  1450 37th Avenue East, Seattle, Washington, 98112
    CREATE 7834-2337891596 2026-09-28 Alias Franks 15m  Ganesh   Thirumalai  2426 131st Place Northeast, Bellevue, Washington, 98005
    CREATE 5355-2337937940 2026-09-28 Alias Franks 15m  Debra Chrapaty  12149 Northeast 28th Street, Bellevue, Washington, 98005
    CREATE 5025-2337939020 2026-09-28 Robert Norton 15m  Bye The Green Condominiums  3402 I Street Northeast, Auburn, Washington, 98002
    CREATE 8136-2337953812 2026-09-28 Luke LaVergne 15m  Jennifer Whitesell  816 Plymouth Street Southwest, Olympia, Washington, 98502
    CREATE 7809-2337956990 2026-09-28 Luke LaVergne 15m  Nick Pillon  1809 36th Avenue Northeast, Olympia, Washington, 98506
    CREATE 7974-2338040053 2026-09-28 Luke LaVergne 15m  Sandy Pearson  1410 Hummingbird Lane Northwest, Olympia, Washington, 98502
    CREATE 8202-2338069743 2026-09-28 Robert Norton 15m  Amy  Collins  21449 94th Place South, Kent, Washington, 98031
    CREATE 8072-2338094395 2026-09-28 Robert Norton 15m  Prologis  8610 South 212th Street, Kent, Washington, 98032
    CREATE 5324-2338121980 2026-09-28 Robert Norton 15m  Scott  Moser  10411 Southeast 219th Street, Kent, Washington, 98031
    CREATE 7893-2338167636 2026-09-28 Luke LaVergne 15m  Miles Magnuson  3030 Aspinwall Road Northwest, Olympia, Washington, 98502
    CREATE 8359-2338186098 2026-09-28 Tavis Alexander 15m  Mary Suhadolnik  4006 57th Avenue Southwest, Seattle, Washington, 98116
    CREATE 7753-2338189191 2026-09-28 Robert Norton 15m  Galilee Baptist Church  11517 Southeast 208th Street, Kent, Washington, 98031
    CREATE 7803-2338196956 2026-09-28 Luke LaVergne 15m  Faith Trimble  1527 Overhulse Road Northwest, Olympia, Washington, 98502
    CREATE 7574-2338197904 2026-09-28 Tavis Alexander 15m  Steve  Huling  6307 50th Avenue Southwest, Seattle, Washington, 98136
    CREATE 8426-2338199107 2026-09-28 Tavis Alexander 15m  Chris Kerr  6010 49th Avenue Southwest, Seattle, Washington, 98136
    CREATE 8461-2338200803 2026-09-28 Tavis Alexander 15m  Mary Greco  5264 46th Avenue Southwest, Seattle, Washington, 98136
    CREATE 7936-2338339514 2026-09-28 Luke LaVergne 15m  Dennis Tuomi  2020 Delphi Road Southwest, Olympia, Washington, 98512
    CREATE 7471-2338390492 2026-09-28 Alias Franks 15m  Michelle  Bates  11600 Northeast 36th Place, Bellevue, Washington, 98005
    CREATE 5531-2338502349 2026-09-28 Alias Franks 15m  Conover Court  13330 Northeast 111th Court, Redmond, Washington, 98052
    CREATE 4941-2338963518 2026-09-28 Cory Ventura 12m  Daniel Hoffman  6519 119th Avenue East, Puyallup, Washington, 98372
    CREATE 5780-2338992586 2026-09-28 Cory Ventura 12m  Susy Bevans  1917 9th Avenue Southeast, Puyallup, Washington, 98372
    CREATE 4549-2339025971 2026-09-28 Cory Ventura 12m  Carrie Williamson  1001 Shaw Road East, Puyallup, Washington, 98372
    CREATE 4644-2339048560 2026-09-28 Cory Ventura 12m  Eric Fraumeni  3907 Rodesco Drive Southeast, Puyallup, Washington, 98374
    CREATE 8375-2339142625 2026-09-28 Cory Ventura 12m  Johnny Evans  14020 112th Avenue Court East, Puyallup, Washington, 98374
    CREATE 7884-2339273215 2026-09-28 Cory Ventura 12m  Matt Arnold  7002 161st Street Court East, Puyallup, Washington, 98375
    CREATE 5024-2339285755 2026-09-28 Cory Ventura 12m  Brienna Dyberg  16603 71 Avenue East, Puyallup, Washington, 98375
    CREATE 7747-2339338924 2026-09-28 Cory Ventura 12m  Leeroy Perkins  20107 135th Avenue East, Graham, Washington, 98338
    CREATE 5413-2339384975 2026-09-28 Cory Ventura 12m  Ron Houlihan  23602 Orting Kapowsin Hwy, graham, Washington, 98338
    CREATE 5954-2339404322 2026-09-28 Cory Ventura 12m  Loren Vail  22411 135th Avenue Court East, Graham, Washington, 98338
    CREATE 5727-2339508643 2026-09-28 Cory Ventura 12m  Eric Crossley  16105 232nd Street Court East, Graham, Washington, 98338
    CREATE 6064-2339551277 2026-09-28 Cory Ventura 12m  Joe  Edmunson  21411 Jansky Road East, Graham, Washington, 98338
    CREATE 8633-2344012259 2026-09-28 Luke LaVergne 30m  Rebecca Sweetlove  1324 Hensley Street Northeast, Olympia, Washington, 98516
    CREATE 6334-1624907333 2026-09-28 Robert Norton 15m  Alexandra Daley  28705 124th Avenue Southeast, Auburn, Washington, 98092
    CREATE 6735-1803498408 2026-09-28 Alias Franks 15m  Joe Gross  11601 Northeast 36th Place, Bellevue, Washington, 98005
    CREATE 4581-1870720241 2026-09-28 Alias Franks 15m  Al Nettles  13220 Northeast 24th Street, Bellevue, Washington, 98005
    CREATE 4701-1912566747 2026-09-28 Robert Norton 15m  Thomas Carpinito  20330 Southeast 240th Street, Maple Valley, Washington, 98038
    CREATE 4480-1912599780 2026-09-28 Cory Ventura 12m  Amanda Willard  14110 80th Street East, Puyallup, Washington, 98372
    CREATE 7404-1924763940 2026-09-28 Alias Franks 15m  Wendi Wang  3821 134th Avenue Northeast, Bellevue, Washington, 98005
    CREATE 7626-2017357016 2026-09-28 Robert Norton 15m  Jonelle Loranger  18403 Southeast 224th Street, Kent, Washington, 98042
    CREATE 7822-2107367004 2026-09-28 Luke LaVergne 15m  Ellie Karl  7941 Zangle Road Northeast, Olympia, Washington, 98506
    CREATE 7853-2134723239 2026-09-28 Cory Ventura 12m  Jim Vaughn  14017 145th Avenue East, Orting, Washington, 98360
    CREATE 7901-2163651333 2026-09-28 Alias Franks 15m  Walter Poupore  13780 Northeast 101st Street, Kirkland, Washington, 98033
    CREATE 8589-2333455048 2026-09-28 Luke LaVergne 15m  Judy Brown  1400 Heron Court, DuPont, Washington, 98327
    CREATE 8634-2344012452 2026-09-28 Alias Franks 30m  Colleen Rasmussen  1113 2nd Street, Kirkland, Washington, 98033
    CREATE 8635-2344012563 2026-09-28 Tavis Alexander 30m  Amanda Williams  3019 Southwest 110th Street, Seattle, Washington, 98146
    CREATE 5335-2325181613 2026-09-28 Luke LaVergne 15m  Amy Shick  2502 Macarthur Street, DuPont, Washington, 98327
    CREATE 8588-2333262885 2026-09-28 Luke LaVergne 15m  Dean Adamo  709 Summit Lake Shore Road Northwest, Olympia, Washington, 98502
    CREATE 8483-2308141602 2026-09-28 Luke LaVergne 15m  Tom Paine  10317 46th Avenue Southeast, Olympia, Washington, 98513
    CREATE 8485-2308143582 2026-09-28 Tavis Alexander 15m  Kailey L Lacy  2113 3rd Avenue West, Seattle, Washington, 98119
    CREATE 8486-2308143986 2026-09-28 Tavis Alexander 15m  Phyllis Barbante  4746 51st Place Southwest, Seattle, Washington, 98116
    CREATE 8590-2333526248 2026-09-28 Luke LaVergne 15m  Nicole Calloway  1319 14th Avenue Southwest, Olympia, Washington, 98502
    CREATE 8562-2324412529 2026-09-28 Alias Franks 15m  Sri Velamoor  11409 Northeast 91st Street, Kirkland, Washington, 98033
    CREATE 8619-2338506918 2026-09-28 Cory Ventura 12m  Amy Crenshaw-Burns  8806 123rd Street East, Puyallup, Washington, 98373
    CREATE 8499-2312109691 2026-09-28 Luke LaVergne 15m  Kitrick Wulf  5443 Beverly Drive Northeast, Olympia, Washington, 98516
    CREATE 8525-2316832539 2026-09-28 Tavis Alexander 15m  Joseph Trump  3306 35th Avenue Southwest, Seattle, Washington, 98126
    CREATE 8527-2317027284 2026-09-28 Luke LaVergne 15m  James Elliott  3236 Gravelly Beach Loop Northwest, Olympia, Washington, 98502
    CREATE 8623-2339147859 2026-09-28 Tavis Alexander 15m  James Willis  3033 48th Avenue Southwest, Seattle, Washington, 98116
    CREATE 8572-2325840893 2026-09-28 Alias Franks 15m  Ramit Malhotra  5811 116th Avenue Northeast, Kirkland, Washington, 98033
    CREATE 8600-2336538528 2026-09-28 Tavis Alexander 15m  Sam Leonard  3035 46th Avenue Southwest, Seattle, Washington, 98116
    CREATE 8607-2336574595 2026-09-28 Tavis Alexander 15m  Ben Mathes  1429 Sunset Avenue Southwest, Seattle, Washington, 98116
    CREATE 8610-2336586804 2026-09-28 Cory Ventura 12m  Chris Gregg  10622 125th Street East, Puyallup, Washington, 98374
    CREATE 8611-2336588203 2026-09-28 Cory Ventura 12m  Melissa  Bobbit  14712 234th Street East, Graham, Washington, 98338
    CREATE 8615-2338494840 2026-09-28 Luke LaVergne 15m  Jim Killgore  4220 Bainbridge Court Northeast, Lacey, Washington, 98516
    CREATE 8614-2338493378 2026-09-28 Cory Ventura 12m  Tamira  Gilbert  23014 145th Avenue East, Graham, Washington, 98338
    CREATE 8627-2341461387 2026-09-28 Robert Norton 15m  Michelle Johnson  15325 Southeast 278th Street, Kent, Washington, 98042
    CREATE 8506-2312525465 2026-09-28 Alias Franks 15m  Xin Liu  6123 122nd Avenue Northeast, Kirkland, Washington, 98033
    CREATE 8502-2312310360 2026-09-28 Luke LaVergne 15m  Dave Matsumoto  5334 Oystercatcher Lane Northeast, Lacey, Washington, 98516
    CREATE 8524-2316831160 2026-09-28 Tavis Alexander 15m  Michael Sobieck  5474 Beach Drive Southwest, Seattle, Washington, 98136
    CREATE 8592-2333909024 2026-09-28 Alias Franks 15m  George Tsantilas  9311 135th Place Northeast, Redmond, Washington, 98052
    CREATE 8523-2316825082 2026-09-28 Alias Franks 15m  Bill Hewitt  13332 Northeast 55th Place, Bellevue, Washington, 98005
    CREATE 8491-2308635427 2026-09-28 Alias Franks 15m  Scott Owens  8551 Juanita Drive Northeast, Kirkland, Washington, 98034
    CREATE 8558-2322281775 2026-09-28 Tavis Alexander 15m  John Obrien  3515 magnolia blvd, Seattle, Washington, 98199
    CREATE 8574-2326312913 2026-09-28 Tavis Alexander 15m  Saber Mirzaei  2837 39th Avenue West, Seattle, Washington, 98199
    CREATE 8579-2326367527 2026-09-28 Robert Norton 15m  Gurwinder Sandhu  29442 118th Avenue Southeast, Auburn, Washington, 98092
    CREATE 8270-2272143058 2026-09-28 Robert Norton 15m  Brian Meadows  21004 188th Avenue Southeast, Renton, Washington, 98058
    CREATE 8494-2311077162 2026-09-28 Tavis Alexander 15m  Aaron Burke  4011 Burton Place West, Seattle, Washington, 98199
    CREATE 7804-2342743517 2026-09-28 Luke LaVergne 15m  Ron Bramlett  1546 Reservation Road Southeast, unit 123, Olympia, Washington, 98513
    CREATE 8629-2341470918 2026-09-28 Robert Norton 15m  Dustin Quaschnik  22114 Southeast Bain Road, Maple Valley, Washington, 98038
    CREATE 8390-2292815352 2026-09-29 Cory Ventura 12m  Jane Molenda  11907 241st Avenue Court East, Buckley, Washington, 98321
    CREATE 8473-2305383857 2026-09-29 Alias Franks 15m  Nate Ceres  2405 Northeast 133rd Street, Seattle, Washington, 98125
    CREATE 6400-2310063670 2026-09-29 Robert Norton 15m  Dave Mcclung  32906 181st Avenue Southeast, Auburn, Washington, 98092
    CREATE 8557-2322279051 2026-09-29 Alias Franks 15m  Tad Hutchison  8604 38th Avenue Northeast, Seattle, Washington, 98115
    CREATE 4902-2325257891 2026-09-29 Alias Franks 15m  Jane Moore  13667 62nd Avenue Northeast, Kirkland, Washington, 98034
    CREATE 8546-2325856349 2026-09-29 Tavis Alexander 15m  James Paxton  9812 Northeast 28th Street, Bellevue, Washington, 98004
    CREATE 7795-2326951072 2026-09-29 Luke LaVergne 15m  Kristin Collett  30812 129th Avenue East, Graham, Washington, 98338
    CREATE 7900-2332572124 2026-09-29 Alias Franks 15m  Michael Shapiro  1216 Northwest Norcross Way, Seattle, Washington, 98177
    CREATE 8471-2332715608 2026-09-29 Alias Franks 15m  Rasheed Hammonds  19316 Palatine Avenue North, Shoreline, Washington, 98133
    CREATE 6568-2333269355 2026-09-29 Robert Norton 15m  Shar Brown  17018 se 339th st, Auburn, Wa, 98092
    CREATE 4492-2333288010 2026-09-29 Robert Norton 15m  Rich Porter  32031 170th Place Southeast, Auburn, Washington, 98092
    CREATE 5047-2333911320 2026-09-29 Cory Ventura 12m  Randy Redding  14620 268th Avenue East, Buckley, Washington, 98321
    CREATE 8396-2333934719 2026-09-29 Cory Ventura 12m  Lori  Morin  9623 Mundy Loss Road, Buckley, Washington, 98321
    CREATE 7462-2334015540 2026-09-29 Cory Ventura 12m  HyperGreen Landscaping  26309 170th Street East, Buckley, Washington, 98321
    CREATE 8172-2334020677 2026-09-29 Cory Ventura 12m  Jean Davis  15804 256th Avenue East, Buckley, Washington, 98321
    CREATE 7384-2338145444 2026-09-29 Tavis Alexander 15m  Kevin Chen  1201 Evergreen Point Road, Medina, Washington, 98039
    CREATE 6492-2338183659 2026-09-29 Tavis Alexander 15m  Greg Hastings  7657 Northeast 10th Street, Medina, Washington, 98039
    CREATE 6545-2338237065 2026-09-29 Tavis Alexander 15m  Rosemarie Havranek  7939 Overlake Drive West, Medina, Washington, 98039
    CREATE 8561-2338919657 2026-09-29 Robert Norton 15m  Jeremiah Slater  23724 Southeast 274th Street, Maple Valley, Washington, 98038
    CREATE 8036-2338975958 2026-09-29 Alias Franks 15m  Garett Gowens  19491 45th Avenue Northeast, Lake Forest Park, Washington, 98155
    CREATE 8564-2339035640 2026-09-29 Alias Franks 15m  Jared Schapiro  17805 Wayne Avenue North, Shoreline, WA, 98133
    CREATE 7708-2339162397 2026-09-29 Luke LaVergne 15m  Vernie Dunham  26814 39th Ave E, Spanaway, Wa, 98387
    CREATE 4935-2339209068 2026-09-29 Luke LaVergne 15m  Maja Haloway  30110 39th Avenue South, Roy, Washington, 98580
    CREATE 6555-2339311486 2026-09-29 Robert Norton 15m  Matt Coder  17644 Southeast Lake Moneysmith Road, Auburn, Washington, 98092
    CREATE 5192-2339382859 2026-09-29 Luke LaVergne 15m  Candice Storm  43015 32nd Ave E, Eatonville, WASHINGTON, 98328
    CREATE 8436-2339446054 2026-09-29 Luke LaVergne 15m  Monty Mansfield  14307 501st Street East, Eatonville, Washington, 98328
    CREATE 7857-2339533696 2026-09-29 Robert Norton 15m  Bob Davies  32505 162nd Avenue Southeast, Auburn, Washington, 98092
    CREATE 7805-2339549671 2026-09-29 Luke LaVergne 15m  Dave Combs  16923 452nd Street East, Eatonville, Washington, 98328
    CREATE 8452-2339608780 2026-09-29 Robert Norton 15m  Shawna Mobley  19216 Southeast 328th Place, Kent, Washington, 98042
    CREATE 8023-2339618474 2026-09-29 Robert Norton 15m  Neil Gokey  33150 202nd Place Southeast, Auburn, Washington, 98092
    CREATE 6083-2339637599 2026-09-29 Robert Norton 15m  Chantal Padilla  33430 210th Avenue Southeast, Auburn, Washington, 98092
    CREATE 5121-2339655419 2026-09-29 Luke LaVergne 15m  Bonnee Terrio  31707 33rd Avenue East, Graham, Washington, 98338
    CREATE 8507-2339668742 2026-09-29 Robert Norton 15m  Sheryl Toland  22412 Southeast 323rd Street, Kent, Washington, 98042
    CREATE 7365-2339687097 2026-09-29 Robert Norton 15m  Paul Hwang  31742 222nd Court Southeast, Black Diamond, Washington, 98010
    CREATE 8238-2339703926 2026-09-29 Alias Franks 15m  Joshua  Chao  11020 39th Avenue Northeast, Seattle, Washington, 98125
    CREATE 5044-2339718131 2026-09-29 Luke LaVergne 15m  Sandy Blackburn  30815 Webster Rd E, Eatonville, Wa, 98328
    CREATE 8067-2339720922 2026-09-29 Luke LaVergne 15m  Gerryann Jurva  30212 91st Avenue East, Graham, Washington, 98338
    CREATE 7624-2339785386 2026-09-29 Alias Franks 15m  Greg Thoreson  9308 Northeast 176th Street, Bothell, Washington, 98011
    CREATE 8474-2342505524 2026-09-29 Cory Ventura 12m  Mike Miller  958 Rochelle Street, Buckley, Washington, 98321
    CREATE 4926-1607466759 2026-09-29 Cory Ventura 12m  HyperGreen Landscaping  Buttes Drive East, Pierce County, Washington, 98360
    CREATE 6303-1615059611 2026-09-29 Tavis Alexander 15m  Patrick Tanner  6855 West Mercer Way, Mercer Island, Washington, 98040
    CREATE 6400-1651424069 2026-09-29 Robert Norton 15m  Dave Mcclung  32906 181st Avenue Southeast, Auburn, Washington, 98092
    CREATE 5148-1702497404 2026-09-29 Cory Ventura 12m  Brant Bengston  25017 112th Street East, Buckley, Washington, 98321
    CREATE 5602-1735742677 2026-09-29 Robert Norton 15m  Sandee Smith  25719 209th Loop Southeast, Covington, Washington, 98042
    CREATE 6628-1777785442 2026-09-29 Robert Norton 15m  Shana Valencia  21005 Southeast 275th Court, Maple Valley, Washington, 98038
    CREATE 6660-1787859045 2026-09-29 Alias Franks 15m  Craig Knebel  619 Northwest 116th Street, Seattle, Washington, 98177
    CREATE 4825-1809115496 2026-09-29 Cory Ventura 12m  Trudy Wozeniak  27115 Sumner Buckley Highway, Buckley, Washington, 98321
    CREATE 6953-1840242134 2026-09-29 Robert Norton 15m  Jean Brannen  25612 209th Loop Southeast, Covington, Washington, 98042
    CREATE 7017-1853949699 2026-09-29 Cory Ventura 12m  Steve Lees  10806 234th Avenue East, Buckley, Washington, 98321
    CREATE 4749-1912550202 2026-09-29 Cory Ventura 12m  Thomas  Varrelman  26415 Entwhistle Road East, Buckley, Washington, 98321
    CREATE 6324-1980805614 2026-09-29 Cory Ventura 12m  Matt Cordova  27919 112th Street East, Buckley, Washington, 98321
    CREATE 7657-2032729906 2026-09-29 Cory Ventura 12m  Mary Linda Epps  13113 Fettig Road E, Buckley, Washington, 98321
    CREATE 7670-2036882264 2026-09-29 Cory Ventura 12m  Jessica Rakos  23405 Fisk RD E, Orting, Washington, 98360
    CREATE 7673-2037613853 2026-09-29 Cory Ventura 12m  Nicholas Mayer  15110 261st Avenue East, Buckley, Washington, 98321
    CREATE 7705-2050079096 2026-09-29 Cory Ventura 12m  Tyler Smythe  29022 Washington 410, suite b, Buckley, Washington, 98321
    CREATE 7725-2057513407 2026-09-29 Cory Ventura 12m  Suzanne Gullace  26707 Orville Road East, Orting, Washington, 98360
    CREATE 7744-2063541043 2026-09-29 Tavis Alexander 15m  GC Bellefield, LLC.  1450 114th Avenue Southeast, suite 205, Bellevue, Washington, 98004
    CREATE 7762-2070319020 2026-09-29 Tavis Alexander 15m  Bellevue Korean Presbyterian Church  3105 125th Avenue Southeast, Bellevue, Washington, 98005
    CREATE 7684-2106950436 2026-09-29 Robert Norton 15m  Dennis Higashiyama  21621 Southeast 259th Street, Maple Valley, Washington, 98038
    CREATE 7858-2136202677 2026-09-29 Cory Ventura 12m  Laura Tallmadge  21820 167th Street Court East, Orting, Washington, 98360
    CREATE 6757-2151444038 2026-09-29 Tavis Alexander 15m  Ryan Tacher  3277 84th Avenue Southeast, Mercer Island, Washington, 98040
    CREATE 7970-2204820336 2026-09-29 Robert Norton 15m  Darren McAllen  29121 236th Avenue Southeast, Black Diamond, Washington, 98010
    CREATE 8053-2228775211 2026-09-29 Cory Ventura 12m  Vicky Dougan  19028 250th Ave E, Orting, Washington, 98360
    CREATE 7777-2249289736 2026-09-29 Cory Ventura 12m  Cory Ventura  27009, 155th Street East, Buckley, WASHINGTON, 98321
    CREATE 8495-2311098127 2026-09-29 Robert Norton 15m  Jody Sanders  27949 212th Place Southeast, Maple Valley, Washington, 98038
    CREATE 8505-2312522176 2026-09-29 Tavis Alexander 15m  Roberto Dondisch  8230 84th Avenue Southeast, Mercer Island, Washington, 98040
    CREATE 8550-2321756705 2026-09-29 Tavis Alexander 15m  Stella Sun  2203 79th Avenue Northeast, Medina, Washington, 98039
    CREATE 8638-2344013139 2026-09-29 Tavis Alexander 30m  Nik bhogal  9620 Northeast 25th Street, Clyde Hill, Washington, 98004
    CREATE 8551-2321792502 2026-09-29 Tavis Alexander 15m  Liz Silke  8290 Southeast 82nd Street, Mercer Island, Washington, 98040
    CREATE 4425-1850020027 2026-09-29 Luke LaVergne 15m  Thomas Spring Estates  8804 199th St E, Spanaway, Wa, 98387
    CREATE 8481-2308139138 2026-09-29 Alias Franks 15m  Craig Suffian  7215 27th Avenue Northeast, Seattle, Washington, 98115
    CREATE 8490-2308634863 2026-09-29 Cory Ventura 12m  Donald Ward  23924 Fisk Road East, Orting, Washington, 98360
    CREATE 8571-2325833334 2026-09-29 Robert Norton 15m  Sue Pennock  33448 220th Place Southeast, Auburn, Washington, 98092
    CREATE 8573-2325849162 2026-09-29 Alias Franks 15m  Judy Lee  2015 228th Place SouthWest, Bothell, Washington, 98021
    CREATE 8482-2308139969 2026-09-29 Alias Franks 15m  Joseph Rollins  2315 Northeast 92nd Street, Seattle, Washington, 98115
    CREATE 8488-2308147626 2026-09-29 Tavis Alexander 15m  Terry Wirth  3109 109th Avenue Southeast, Bellevue, Washington, 98004
    CREATE 8566-2324422319 2026-09-29 Tavis Alexander 15m  Janelle Stewart  4600 Forest Avenue Southeast, Mercer Island, Washington, 98040
    CREATE 8630-2341476405 2026-09-29 Cory Ventura 12m  Candy Ford  209 E Hwy 162, South prairie, Wa, 98385
    CREATE 8598-2336532996 2026-09-29 Alias Franks 15m  John Mcinerny  17240 13th Avenue Northwest, Shoreline, Washington, 98177
    CREATE 8291-2273507999 2026-09-29 Robert Norton 15m  John & Jasmine Foth  21405 Southeast 292nd Place, Kent, Washington, 98042
    CREATE 8613-2337971750 2026-09-29 Tavis Alexander 15m  Steve Burns  7831 Northeast 10th Street, Medina, Washington, 98039
    CREATE 8569-2325654195 2026-09-29 Tavis Alexander 15m  Tia Avril  2034 94th Avenue Northeast, Clyde Hill, Washington, 98004
    CREATE 8605-2336569606 2026-09-29 Tavis Alexander 15m  Yara Chen  9812 Northeast 31st Street, Bellevue, Washington, 98004
    CREATE 8501-2312188829 2026-09-29 Tavis Alexander 15m  Pia Matsuno  8435 Northeast 21st Place, Clyde Hill, Washington, 98004
    CREATE 8535-2319706365 2026-09-29 Alias Franks 15m  Dan Dawkins  13735 Wayne Place North, Seattle, Washington, 98133
    CREATE 8536-2319711386 2026-09-29 Tavis Alexander 15m  Wendy Perkins  3436 Evergreen Point Road, Medina, Washington, 98039
    CREATE 8537-2319722023 2026-09-29 Tavis Alexander 15m  Emma Liu  1444 Evergreen Point Road, Medina, Washington, 98039
    CREATE 8570-2325825655 2026-09-29 Alias Franks 15m  Michael Glover  6914 56th Ave NE, Seattle, Wa, 98115
    CREATE 8584-2332496468 2026-09-29 Tavis Alexander 15m  Suma Prasad  7640 Northeast 8th Street, Medina, Washington, 98039
    CREATE 8534-2319702723 2026-09-29 Alias Franks 15m  Mary Jeffers  10527 11th Avenue Northwest, Seattle, Washington, 98177
    CREATE 8544-2321147140 2026-09-29 Cory Ventura 12m  Kevin Day  390 North Sergeant Street, Buckley, Washington, 98321
    CREATE 8526-2317027129 2026-09-29 Luke LaVergne 15m  Jake Fox  8903 222nd Street Court East, Graham, Washington, 98338
    CREATE 8587-2332582259 2026-09-29 Luke LaVergne 15m  Mitchell Gasser  31619 26th Avenue East, Graham, Washington, 98338
    CREATE 6784-2325563654 2026-09-29 Luke LaVergne 15m  Adam Kimball  10626 270th Street East, Graham, Washington, 98338
    CREATE 8578-2326350874 2026-09-29 Luke LaVergne 15m  Eric Hill  27520 126th Avenue East, Graham, Washington, 98338
    CREATE 8622-2338522970 2026-09-29 Luke LaVergne 15m  JT  Wilcox  40207 32nd Avenue South, Roy, Washington, 98580
    CREATE 8169-2344008030 2026-09-29 Tavis Alexander 15m  Donna Jensen  3824 165th Place Southeast, Bellevue, Washington, 98008
    CREATE 5411-2344008388 2026-09-29 Tavis Alexander 15m  Paul Klansnic  17107 Southeast Cougar Mountain Drive, Bellevue, Washington, 98006
    CREATE 5940-2344008516 2026-09-29 Tavis Alexander 15m  Don Severide  17137 Southeast 47th Place, Bellevue, Washington, 98006
    CREATE 8244-2267612363 2026-09-30 Luke LaVergne 15m  Nora Beckman  7004 Teal Loop, Gig Harbor, Washington, 98335
    CREATE 8255-2268932819 2026-09-30 Alias Franks 15m  Vishal Jain  20813 42nd Avenue Southeast, Bothell, WA, 98021
    CREATE 8365-2287201286 2026-09-30 Luke LaVergne 15m  Relic Rodrigues  4137 Level Lloyd Ln SE, Port Orchard, Washington, 98366
    CREATE 8201-2310169798 2026-09-30 Tavis Alexander 15m  Jenna Elberts  10224 39th Avenue Southwest, Seattle, Washington, 98146
    CREATE 5114-2310632707 2026-09-30 Tavis Alexander 15m  Mike Sewell  15845 11th Avenue Southwest, Burien, Washington, 98166
    CREATE 7738-2310738973 2026-09-30 Tavis Alexander 15m  Liz Hannon  20122 13th Avenue South, SeaTac, Washington, 98198
    CREATE 8345-2325360692 2026-09-30 Tavis Alexander 15m  Jennifer Pere  10202 44th Avenue Southwest, Seattle, Washington, 98146
    CREATE 8112-2326078104 2026-09-30 Tavis Alexander 15m  Colleen Hunter  12048 Standring Court Southwest, Burien, Washington, 98146
    CREATE 7633-2326845700 2026-09-30 Cory Ventura 12m  Kathleen Coppin  23225 Southeast 448th Street, Enumclaw, Washington, 98022
    CREATE 8190-2327042613 2026-09-30 Tavis Alexander 15m  Kevin Bohnert  17004 16th Avenue Southwest, Normandy Park, Washington, 98166
    CREATE 8030-2331930983 2026-09-30 Tavis Alexander 15m  Briana Watson  2654 South 135th Street, SeaTac, Washington, 98168
    CREATE 7459-2332504006 2026-09-30 Tavis Alexander 15m  Larry McGowan  6820 South 120th Place, Seattle, Washington, 98178
    CREATE 8586-2332552730 2026-09-30 Robert Norton 15m  Deidre Moore  2505 South 299th Street, Federal Way, Washington, 98003
    CREATE 8417-2333332063 2026-09-30 Luke LaVergne 15m  Lynn Anderson  7008 Teal Loop, Gig Harbor, Washington, 98335
    CREATE 7613-2333504350 2026-09-30 Robert Norton 15m  Prologis - Sumner Landing  14409 24th Street East, Sumner, Washington, 98390
    CREATE 7611-2333525595 2026-09-30 Robert Norton 15m  Prologis - Sumner Landing  2932 142nd Avenue East, Sumner, Washington, 98390
    CREATE 4335-2333549654 2026-09-30 Robert Norton 15m  Prologis - Sumner Landing  4123 142nd Avenue East, Sumner, Washington, 98390
    CREATE 7820-2334502873 2026-09-30 Robert Norton 15m  David Sprague  251 4th Avenue Southwest, Pacific, Washington, 98047
    CREATE 8093-2334774031 2026-09-30 Robert Norton 15m  Sanghoon Shin  2125 Southwest 308th Court, Federal Way, Washington, 98023
    CREATE 7951-2334992499 2026-09-30 Robert Norton 15m  Peter Kupu  1710 94th Avenue East, Edgewood, Washington, 98371
    CREATE 7475-2337642862 2026-09-30 Tavis Alexander 15m  Hannah  Jacobson  660 Southwest 199th Place, Normandy Park, Washington, 98166
    CREATE 7317-2337694229 2026-09-30 Tavis Alexander 15m  Chris Bartlett  17416 12th Place Southwest, Normandy Park, Washington, 98166
    CREATE 5700-2337783439 2026-09-30 Tavis Alexander 15m  John Siebenbaum  3928 South 113th Street, Tukwila, Washington, 98168
    CREATE 4705-2337804256 2026-09-30 Tavis Alexander 15m  Pam Northrip  1603 Southwest 131st Street, Burien, Washington, 98146
    CREATE 8361-2337806538 2026-09-30 Tavis Alexander 15m  Erik Guttridge  1611 Southwest 131st Street, Burien, Washington, 98146
    CREATE 7608-2337858835 2026-09-30 Tavis Alexander 15m  Scott Hamilton  10421 26th Avenue Southwest, Seattle, Washington, 98146
    CREATE 8372-2338080530 2026-09-30 Tavis Alexander 15m  Travis Bruce  809 South Sullivan Street, Seattle, Washington, 98108
    CREATE 7751-2338125602 2026-09-30 Tavis Alexander 15m  Charles Strauss  13017 41st Avenue South, Tukwila, Washington, 98168
    CREATE 4962-2339178168 2026-09-30 Cory Ventura 12m  Maureen Haley  35215 253rd Avenue Southeast, Auburn, Washington, 98092
    CREATE 5503-2339210246 2026-09-30 Cory Ventura 12m  Nichole Avila  24831 Southeast Green Valley Road, Auburn, Washington, 98092
    CREATE 5511-2339241015 2026-09-30 Cory Ventura 12m  SLPPLLC  21323 Southeast 351st Street, Auburn, Washington, 98092
    CREATE 8155-2340299054 2026-09-30 Robert Norton 15m  Bac Walker  25626 Lake Fenwick Road, Kent, Washington, 98032
    CREATE 7517-2340317395 2026-09-30 Robert Norton 15m  Balbir Houthi  27538 46th Avenue South, Auburn, Washington, 98001
    CREATE 8111-2340341951 2026-09-30 Luke LaVergne 15m  Debra Enneking  9806 Harborview Place, Gig Harbor, Washington, 98332
    CREATE 7902-2340354182 2026-09-30 Luke LaVergne 15m  Stratton Felker  1414 115th Street Court Northwest, Gig Harbor, Washington, 98332
    CREATE 7758-2340369997 2026-09-30 Alias Franks 15m  Joe Kelley  10634 210th Street Southeast, Snohomish, Washington, 98296
    CREATE 8406-2340415310 2026-09-30 Alias Franks 15m  Jessica Angel  14020 228th Street Southeast, Snohomish, Washington, 98296
    CREATE 8056-2340442771 2026-09-30 Robert Norton 15m  Madera West Condos  31500 33rd Place Southwest, Federal Way, Washington, 98023
    CREATE 8042-2340473866 2026-09-30 Alias Franks 15m  Dave Parker  17927 Northeast 196th Street, Woodinville, Washington, 98077
    CREATE 6270-2340541118 2026-09-30 Alias Franks 15m  Gwen Morton  19417 233rd Ave NE, Woodinville, Wa, 98077
    CREATE 7434-2340572844 2026-09-30 Alias Franks 15m  Linda Lowe  19407 229th Avenue Northeast, Woodinville, Washington, 98077
    CREATE 7247-2340580780 2026-09-30 Robert Norton 15m  Lynn Clapp  3929 Blossom Drive Northeast, Tacoma, Washington, 98422
    CREATE 6649-2340613009 2026-09-30 Robert Norton 15m  Theresa  Hall  3326 43rd Place Northeast, Tacoma, Washington, 98422
    CREATE 8472-2340614319 2026-09-30 Alias Franks 15m  David Johal  21825 Northeast 164th Street, Woodinville, Washington, 98077
    CREATE 8246-2340655524 2026-09-30 Alias Franks 15m  Pia Graves  21227 Northeast 154th Street, Woodinville, Washington, 98077
    CREATE 7776-2340680844 2026-09-30 Alias Franks 15m  Marius Ungureanu  15207 216th Avenue Northeast, Woodinville, Washington, 98077
    CREATE 8217-2340878181 2026-09-30 Alias Franks 15m  Aziz El-solh  14327 189th Way Northeast, Woodinville, Washington, 98072
    CREATE 5369-2340904678 2026-09-30 Robert Norton 15m  Chris Doll  3021 110th Avenue East, Edgewood, Washington, 98372
    CREATE 8415-2340995210 2026-09-30 Robert Norton 15m  Kevin Mcginnity  37809 26th Drive South, Federal Way, Washington, 98003
    CREATE 7504-2341027630 2026-09-30 Alias Franks 15m  Lisa Shaughnessy  16012 154th Avenue Northeast, Woodinville, Washington, 98072
    CREATE 7548-2341044032 2026-09-30 Robert Norton 15m  HyperGreen Landscaping  5605 South 362nd Place, Auburn, Washington, 98001
    CREATE 7639-2341052662 2026-09-30 Alias Franks 15m  Marla Poor  24125 85th Avenue Southeast, Woodinville, Washington, 98072
    CREATE 6382-2341061489 2026-09-30 Robert Norton 15m  Jared Haines  35024 37th Avenue South, Auburn, Washington, 98001
    CREATE 6849-2341134649 2026-09-30 Alias Franks 15m  Michelle  Rasmussen  18920 164th Avenue Northeast, Woodinville, Washington, 98072
    CREATE 8405-2341325120 2026-09-30 Alias Franks 15m  Steve  Mcdonough  5022 134th Place Southeast, Snohomish, Washington, 98296
    CREATE 8428-2342032435 2026-09-30 Cory Ventura 12m  Keith Mathews  27923 Southeast 416th Street, Enumclaw, Washington, 98022
    CREATE 5330-2342035192 2026-09-30 Cory Ventura 12m  Maggie Pierotti  27205 Southeast 416th Street, Enumclaw, Washington, 98022
    CREATE 5442-2342102584 2026-09-30 Cory Ventura 12m  Jeff Hardman  42501 268th ave se, Enumclaw, Wa, 98022
    CREATE 4469-2342487297 2026-09-30 Cory Ventura 12m  Yvonne Hall  28617 SE 472nd st, Enumclaw, Wa, 98022
    CREATE 6162-2342507653 2026-09-30 Cory Ventura 12m  Scott Barker  41604 218th Avenue Southeast, Enumclaw, Washington, 98022
    CREATE 5713-2342644235 2026-09-30 Cory Ventura 12m  Jeff Hudson  27507 Southeast 392nd Street, Enumclaw, Washington, 98022
    CREATE 8269-2342745736 2026-09-30 Cory Ventura 12m  Holly Quionez  38410 Enumclaw Franklin Road Southeast, Enumclaw, Washington, 98022
    CREATE 5328-2342748915 2026-09-30 Cory Ventura 12m  Dave Belmont  27920 Se 464th St., Enumclaw, WA, 98022
    CREATE 5329-2342749270 2026-09-30 Cory Ventura 12m  Pat Birkeland  46504 276th Avenue Southeast, Enumclaw, Washington, 98022
    CREATE 6375-1644705667 2026-09-30 Alias Franks 15m  Mike Cushman  21530 Northeast 144th Place, Woodinville, Washington, 98077
    CREATE 6418-1656783958 2026-09-30 Cory Ventura 12m  Diana Silva  15706 Southeast 376th Street, Auburn, Washington, 98092
    CREATE 5016-1660792690 2026-09-30 Cory Ventura 12m  Run Wild Dog Sports  35612 212th Way Southeast, Auburn, Washington, 98092
    CREATE 6567-1751496164 2026-09-30 Tavis Alexander 15m  Sharon Da-Dalto  21636 6th Avenue South, Normandy Park, Washington, 98198
    CREATE 7202-1891735421 2026-09-30 Alias Franks 15m  Josh Trachtenberg  13538 Northeast 188th Place, Woodinville, Washington, 98072
    CREATE 7208-1892797371 2026-09-30 Alias Franks 15m  Swenbert LLC  16520 189th Avenue Northeast, Woodinville, Washington, 98072
    CREATE 6323-2010568150 2026-09-30 Alias Franks 15m  Cruz Rodriguez  3755 Monte Villa Parkway, Bothell, Washington, 98021
    CREATE 7704-2050067388 2026-09-30 Cory Ventura 12m  Tyler Smythe  38900 310th Avenue Southeast, Enumclaw, Washington, 98022
    CREATE 7757-2068214524 2026-09-30 Cory Ventura 12m  Dan Flood  39119 232nd Avenue Southeast, Enumclaw, Washington, 98022
    CREATE 7842-2118400741 2026-09-30 Robert Norton 15m  Rodrigo Vidal  28830 11th Avenue South, Federal Way, Washington, 98003
    CREATE 8419-2296252909 2026-09-30 Cory Ventura 12m  Kim Anderson  6108 35th Way Southeast, Auburn, Washington, 98092
    CREATE 8596-2336530134 2026-09-30 Robert Norton 15m  Barbara Kupietz  5811 Frances Avenue Northeast, Tacoma, Washington, 98422
    CREATE 8632-2344011764 2026-09-30 Tavis Alexander 30m  Karen Kawamoto  2618 Southwest 170th Street, Burien, Washington, 98166
    CREATE 8636-2344012591 2026-09-30 Tavis Alexander 30m  Taegan Kicinski  18326 Occidental Avenue South, Burien, Washington, 98148
    CREATE 6856-2341916887 2026-09-30 Cory Ventura 12m  Peter Dale  37921 292nd Way Southeast, Enumclaw, Washington, 98022
    CREATE 8395-2293212665 2026-09-30 Robert Norton 15m  Beverly Worthen  37514 34th Avenue South, Auburn, Washington, 98001
    CREATE 8487-2308145455 2026-09-30 Luke LaVergne 15m  Ashley Daniel  9820 Harborview Place, Gig Harbor, Washington, 98332
    CREATE 8563-2324415777 2026-09-30 Alias Franks 15m  Brian Sasville  18811 19th Drive Southeast, Bothell, Washington, 98012
    CREATE 8568-2325548235 2026-09-30 Robert Norton 15m  Dorthya Dunford  36203 22nd Place South, Federal Way, Washington, 98003
    CREATE 8637-2344012811 2026-09-30 Robert Norton 30m  Diane Lucas  510 Hi Crest Drive, Auburn, Washington, 98001
    CREATE 8616-2338497643 2026-09-30 Robert Norton 15m  Jennifer Nguyen  5682 South 328th Place, Auburn, Washington, 98001
    CREATE 8493-2311032818 2026-09-30 Luke LaVergne 15m  Robert Evans  7515 29th Street Northwest, Gig Harbor, Washington, 98335
    CREATE 8606-2336571520 2026-09-30 Luke LaVergne 15m  Scott Campbell  7012 42nd Street Northwest, Gig Harbor, Washington, 98335
    CREATE 8608-2336577015 2026-09-30 Luke LaVergne 15m  Carol Miller  1013 Northeast Coco Court, Bremerton, Washington, 98311
    CREATE 8612-2336595349 2026-09-30 Luke LaVergne 15m  Mike Ruff  1170 Southwest Wildwood Road, Port Orchard, Washington, 98367
    CREATE 8470-2305378590 2026-09-30 Tavis Alexander 15m  Alice Collins  10408 22nd Avenue Southwest, Seattle, Washington, 98146
    CREATE 8517-2315488663 2026-09-30 Luke LaVergne 15m  Carolyn Carl  5222 Mahncke Road Southwest, Longbranch, Washington, 98351
    CREATE 8541-2320970798 2026-09-30 Alias Franks 15m  Aditya Singh  17904 83rd Avenue Southeast, Snohomish, Washington, 98296
    CREATE 8511-2313780695 2026-09-30 Luke LaVergne 15m  Matthew Young  9827 Prospect Place, Gig Harbor, Washington, 98332
    CREATE 8575-2326317154 2026-09-30 Luke LaVergne 15m  Robert Sibley  6006 63rd Street Court Northwest, Gig Harbor, Washington, 98335
    CREATE 8626-2339788277 2026-09-30 Robert Norton 15m  Isabella Kestner  10510 33rd Street East, Edgewood, Washington, 98372
    CREATE 8503-2312509195 2026-09-30 Luke LaVergne 15m  Joyce Hinkley  2505 7th Street Northwest, Gig Harbor, Washington, 98335
    CREATE 8515-2314137346 2026-09-30 Robert Norton 15m  Dean Shull  33402 4th Court Southwest, Federal Way, Washington, 98023
    CREATE 8518-2315661964 2026-09-30 Tavis Alexander 15m  Leo Coronado  12882 Shorecrest Drive Southwest, Burien, Washington, 98146
    CREATE 8538-2319780445 2026-09-30 Cory Ventura 12m  Gina Shields  28426 Southeast 440th Street, Enumclaw, Washington, 98022
    CREATE 8510-2312577226 2026-09-30 Tavis Alexander 15m  Sara Wade  244 Southwest 191st Street, Normandy Park, Washington, 98166
    CREATE 8532-2319525866 2026-09-30 Cory Ventura 12m  Elaine Rustvold  2976 McHugh Avenue, Enumclaw, Washington, 98022
    CREATE 8576-2326325464 2026-09-30 Robert Norton 15m  Kevin Voelker  514 Southwest 326th Street, Federal Way, Washington, 98023
    CREATE 8489-2308150703 2026-09-30 Robert Norton 15m  Jason Kjellesvik  1518 52nd Street Northeast, Tacoma, Washington, 98422
    CREATE 8624-2339776529 2026-09-30 Alias Franks 15m  Tyler Guion  8307 157th Avenue Southeast, Snohomish, Washington, 98290
    CREATE 8219-2261194919 2026-10-01 Tavis Alexander 15m  Trent Bryan  11000 164th Avenue Southeast, Renton, Washington, 98059
    CREATE 8231-2265621747 2026-10-01 Cory Ventura 12m  Jenna  Larson  2802 162nd Avenue Court East, Lake Tapps, Washington, 98391
    CREATE 8274-2271943456 2026-10-01 Cory Ventura 12m  Alex Stevenson  13824 197th Ave East, Bonney Lake, WA, 98391
    CREATE 8292-2273511500 2026-10-01 Tavis Alexander 15m  Terry Yoshimura  5895 152nd Avenue Southeast, Bellevue, Washington, 98006
    CREATE 8307-2277550493 2026-10-01 Alias Franks 15m  Tanya Parry  16017 Northeast 51st Street, Redmond, Washington, 98052
    CREATE 8320-2278465184 2026-10-01 Tavis Alexander 11m  Jay Hickenbottom  1111 North 41st Place, Renton, Washington, 98056
    CREATE 8331-2280662659 2026-10-01 Tavis Alexander 15m  Belur Shivashankara  13247 Southeast 54th Place, Bellevue, Washington, 98006
    CREATE 8338-2284287706 2026-10-01 Tavis Alexander 15m  Leena Shah  15433 Southeast 59th Street, Bellevue, Washington, 98006
    CREATE 8386-2292706643 2026-10-01 Alias Franks 15m  Peter Meechan  8215 255th Avenue Northeast, Redmond, Washington, 98053
    CREATE 8387-2292793845 2026-10-01 Alias Franks 15m  Joydeep Kant  27311 Northeast Walden Way, Duvall, Washington, 98019
    CREATE 8402-2293952348 2026-10-01 Cory Ventura 12m  Tom & Sarah Long  24211 Sumner Buckley Hwy, Buckley, Wa, 98321
    CREATE 8412-2294586506 2026-10-01 Luke LaVergne 15m  Bill Henshaw  6843 75th Avenue Southeast, Olympia, Washington, 98513
    CREATE 8478-2308133927 2026-10-01 Robert Norton 15m  Jeffrey Kenyon  16508 162nd Avenue SE, Renton, Washington, 98058
    CREATE 8549-2321473218 2026-10-01 Tavis Alexander 15m  Donna Youngblood  4259 122nd Avenue Southeast, Bellevue, Washington, 98006
    CREATE 6500-2325559537 2026-10-01 Robert Norton 15m  Sheri Powers  14027 Southeast 181st Street, Renton, Washington, 98058
    CREATE 7837-2325629344 2026-10-01 Robert Norton 15m  Karen Baker  17634 111th Avenue Southeast, Renton, Washington, 98055
    CREATE 8200-2325661900 2026-10-01 Robert Norton 15m  GenCare  1600 Eagle Ridge Drive South, Renton, Washington, 98055
    CREATE 5433-2332440386 2026-10-01 Cory Ventura 12m  Susan Newby  8106 204th Avenue Court East, Bonney Lake, Washington, 98391
    CREATE 4842-2333174831 2026-10-01 Robert Norton 15m  Debbie Griffith  13415 181st Avenue Southeast, Renton, Washington, 98059
    CREATE 7371-2333235764 2026-10-01 Cory Ventura 12m  Clint Bjornson  5710 189th Avenue East, Lake Tapps, Washington, 98391
    CREATE 6970-2333433179 2026-10-01 Alias Franks 15m  Mary Olin  10223 177th Avenue Northeast, Redmond, Washington, 98052
    CREATE 7988-2333573689 2026-10-01 Tavis Alexander 15m  Aaron Diaz  7931 148th Avenue Southeast, Newcastle, Washington, 98059
    CREATE 7979-2333664033 2026-10-01 Tavis Alexander 11m  Martha  Dawson  4113 Williams Avenue North, Renton, Washington, 98056
    CREATE 7967-2333676792 2026-10-01 Tavis Alexander 11m  Howard Goodman  4101 Williams Avenue North, Renton, Washington, 98056
    CREATE 6322-2333712269 2026-10-01 Cory Ventura 12m  Mark Gagne  223 205th Avenue East, Lake Tapps, Washington, 98391
    CREATE 8232-2334509895 2026-10-01 Luke LaVergne 15m  Stephen  Douglas  2239 Ava Street Southeast, Lacey, Washington, 98513
    CREATE 7454-2334619212 2026-10-01 Alias Franks 15m  John Culbertson  26450 Northeast 70th Street, Redmond, Washington, 98053
    CREATE 5381-2334790905 2026-10-01 Alias Franks 15m  Lindsay Donner  26207 Northeast 34th Street, Redmond, Washington, 98053
    CREATE 8076-2335090341 2026-10-01 Luke LaVergne 15m  Rick Hornecker  5524 37th Avenue Southeast, Lacey, Washington, 98503
    CREATE 8599-2336536001 2026-10-01 Tavis Alexander 15m  Anne-Marie Jones  17107 Southeast 100th Street, Renton, Washington, 98059
    CREATE 8609-2336578956 2026-10-01 Robert Norton 15m  Michael Sexton  25326 Southeast Mirrormont Boulevard, Issaquah, Washington, 98027
    CREATE 8512-2337654410 2026-10-01 Robert Norton 15m  Raman Mann  609 Grant Avenue South, Renton, Washington, 98057
    CREATE 8442-2338220032 2026-10-01 Robert Norton 15m  Michele Rustvold  11844 Southeast 189th Place, Renton, Washington, 98058
    CREATE 8459-2338300883 2026-10-01 Robert Norton 15m  Melody Deisher  14104 Southeast 188 Way, Renton, Washington, 98058
    CREATE 7897-2338402064 2026-10-01 Luke LaVergne 15m  Anne Gallagher  2024 17th Avenue Southeast, Olympia, Washington, 98501
    CREATE 7529-2338418528 2026-10-01 Luke LaVergne 15m  Leslie Griswold  1808 Brown Street Southeast, Olympia, Washington, 98501
    CREATE 5099-2340996397 2026-10-01 Alias Franks 15m  Buff Nelson  16790 Northeast 118th Way, Redmond, Washington, 98052
    CREATE 7829-2341892929 2026-10-01 Luke LaVergne 15m  Joey Russo  12034 Maxvale Hill Court Southeast, Yelm, Washington, 98597
    CREATE 6396-2341912324 2026-10-01 Tavis Alexander 15m  Deborah Canon  14306 Southeast 87th Place, Newcastle, Washington, 98059
    CREATE 8418-2342534118 2026-10-01 Tavis Alexander 15m  Dana Dauenhauer  2236 Kennewick Place Northeast, Renton, Washington, 98056
    CREATE 8603-2342577487 2026-10-01 Tavis Alexander 15m  Mary Hendrickson  1317 Pierce Place Northeast, Renton, Washington, 98056
    CREATE 5040-2343115888 2026-10-01 Robert Norton 15m  Priscilla Dendy  23425 Southeast 160th Place, Issaquah, Washington, 98027
    CREATE 8352-2343367130 2026-10-01 Cory Ventura 12m  Tyler Donaldson  11405 197th Avenue East, Bonney Lake, Washington, 98391
    CREATE 8368-2343511167 2026-10-01 Cory Ventura 12m  Cameron Caviezel  14410 Greenbelt Drive East, Bonney Lake, Washington, 98391
    CREATE 4979-2343910222 2026-10-01 Cory Ventura 12m  Marcus Andy  23312 54th Street East, Buckley, Washington, 98321
    CREATE 6246-1603712605 2026-10-01 Luke LaVergne 15m  Lisa Miles  14234 123rd Avenue Southeast, Yelm, Washington, 98597
    CREATE 5594-1613400118 2026-10-01 Robert Norton 15m  Michael Satran  13840 169th Avenue Southeast, Renton, Washington, 98059
    CREATE 4929-1620766320 2026-10-01 Robert Norton 15m  Susanna Suiter  17002 Southeast 128th Street, Renton, Washington, 98059
    CREATE 4994-1625952444 2026-10-01 Cory Ventura 12m  Liki Estes  16202 39th Street Court East, Lake Tapps, Washington, 98391
    CREATE 5071-1649894999 2026-10-01 Robert Norton 15m  Jim Nelsen  14019 180th Avenue Southeast, Renton, Washington, 98059
    CREATE 5007-1650881876 2026-10-01 Alias Franks 15m  Karen Porter  9532 Carnation-Duvall Road Northeast, Carnation, Washington, 98014
    CREATE 5152-1651228322 2026-10-01 Robert Norton 15m  Jenny Roy  24525 Southeast 156th Street, Issaquah, Washington, 98027
    CREATE 5084-1668540637 2026-10-01 Alias Franks 15m  Dave Gierok  25205 Northeast 80th Street, Redmond, Washington, 98053
    CREATE 6454-1672990655 2026-10-01 Cory Ventura 12m  Leslie Turner  21702 91st Street East, Bonney Lake, Washington, 98391
    CREATE 6475-1686594166 2026-10-01 Robert Norton 15m  Amber Owen  15417 Cedar Grove Road Southeast, Issaquah, Washington, 98027
    CREATE 5227-1689543698 2026-10-01 Cory Ventura 12m  Jana Wilson  1425 210th Avenue East, Lake Tapps, Washington, 98391
    CREATE 5106-1699829553 2026-10-01 Tavis Alexander 15m  Todd Davis  4942 131st Place Southeast, Bellevue, Washington, 98006
    CREATE 6602-1768237484 2026-10-01 Alias Franks 15m  Lynn Wecker  7335 232nd Avenue Northeast, Redmond, Washington, 98053
    CREATE 5489-1770746937 2026-10-01 Alias Franks 15m  Eric Reddy  3118 264th Avenue Northeast, Redmond, Washington, 98053
    CREATE 5545-1770762326 2026-10-01 Alias Franks 15m  Nichole  Jacobson  31015 Northeast 60th Street, Carnation, Washington, 98014
    CREATE 5371-1770764145 2026-10-01 Tavis Alexander 15m  Jeff Ostlund  17535 Southeast 106th Street, Renton, Washington, 98059
    CREATE 5526-1770768898 2026-10-01 Luke LaVergne 15m  Detrays  Meade Lane Southeast, Lacey, Washington, 98503
    CREATE 5502-1771965640 2026-10-01 Tavis Alexander 15m  Omar Aftab  14505 Southeast 85th Street, Newcastle, Washington, 98059
    CREATE 6663-1789043686 2026-10-01 Robert Norton 15m  Don Petricic  14225 228th Avenue Southeast, Issaquah, Washington, 98027
    CREATE 5150-1797372340 2026-10-01 Alias Franks 15m  Scott Taylor  12802 318th Avenue Northeast, Duvall, Washington, 98019
    CREATE 6737-1803511650 2026-10-01 Luke LaVergne 15m  Kristina Rollings  12525 Zeller Road Southeast, Yelm, Washington, 98597
    CREATE 6990-1846546652 2026-10-01 Alias Franks 15m  Kelly Tivnan  10782 East Lake Joy Drive Northeast, Carnation, Washington, 98014
    CREATE 7022-1854765762 2026-10-01 Alias Franks 15m  Seddik Belyamani  5605 228th Avenue Northeast, Redmond, Washington, 98053
    CREATE 5751-1870719599 2026-10-01 Tavis Alexander 15m  Jane Gallagher  6152 144th Place Southeast, Bellevue, Washington, 98006
    CREATE 4673-1912576295 2026-10-01 Alias Franks 15m  Nick Miller  4402 228th Avenue Northeast, Redmond, Washington, 98053
    CREATE 4550-1912591104 2026-10-01 Robert Norton 15m  Lee Hansen  17632 190th Avenue Southeast, Renton, Washington, 98058
    CREATE 7406-1924765207 2026-10-01 Robert Norton 15m  Evan Henke  16616 Southeast 134th Street, Renton, Washington, 98059
    CREATE 7478-1950308795 2026-10-01 Luke LaVergne 15m  Marc Abraham  6645 Rehklau Road Southeast, Olympia, Washington, 98513
    CREATE 7488-1957237435 2026-10-01 Luke LaVergne 15m  Eric Tilton  8524 Valley Green Drive Southeast, Olympia, Washington, 98513
    CREATE 6144-1966814355 2026-10-01 Robert Norton 15m  Thanhquyen Nguyen  20315 Southeast 192nd Street, Renton, Washington, 98058
    CREATE 7531-1972505110 2026-10-01 Tavis Alexander 15m  Rishab Narula  15617 South East 83 Court, Newcastle, Washington, 98059
    CREATE 7540-1988644198 2026-10-01 Cory Ventura 12m  Jennifer Flanegan  8115 214th Avenue East, Pierce County, Washington, 98391
    CREATE 7546-1989134982 2026-10-01 Alias Franks 15m  Marymoor Park  6046 West Lake Sammamish Parkway Northeast, Redmond, Washington, 98052
    CREATE 7618-2015370018 2026-10-01 Luke LaVergne 15m  Kathleen Nurmi  9012 Littlerock Road Southwest, Olympia, Washington, 98512
    CREATE 7664-2035604067 2026-10-01 Cory Ventura 12m  April Bower  13603 193rd Avenue East, Bonney Lake, Washington, 98391
    CREATE 7672-2037574682 2026-10-01 Robert Norton 15m  Sean Finlayson  5609 Southeast 2nd Court, Renton, Washington, 98059
    CREATE 7720-2055656882 2026-10-01 Cory Ventura 12m  John Keen  18205 Bonney Lake Boulevard East, Bonney Lake, Washington, 98391
    CREATE 7728-2059905695 2026-10-01 Luke LaVergne 15m  Sam Williams  22436 Clearview Court Southeast, Yelm, Washington, 98597
    CREATE 7731-2060532831 2026-10-01 Cory Ventura 12m  Mark Biltz  7814 222nd Avenue East, Buckley, Washington, 98321
    CREATE 7739-2062914275 2026-10-01 Cory Ventura 12m  Joey Deluca  18723 McGhee Drive East, Bonney Lake, Washington, 98391
    CREATE 7754-2068037140 2026-10-01 Cory Ventura 12m  Jared Harman  7620 176th Avenue East, Bonney Lake, Washington, 98391
    CREATE 7766-2074513654 2026-10-01 Robert Norton 15m  Olivia Sandoval  16601 Southeast 165th Way, Renton, Washington, 98058
    CREATE 7792-2089783694 2026-10-01 Luke LaVergne 15m  Janet Medrud  3629 Bittersweet Street Southeast, Olympia, Washington, 98501
    CREATE 7793-2090028887 2026-10-01 Cory Ventura 12m  Tim Saiz  11413 197th Avenue East, Bonney Lake, Washington, 98391
    CREATE 7802-2097019415 2026-10-01 Alias Franks 15m  Kallin Baumann  17111 Duvall Monroe Road Northeast, Duvall, Washington, 98019
    CREATE 7812-2104520808 2026-10-01 Tavis Alexander 15m  Kelly  Scott  15705 Southeast 116th Street, Renton, Washington, 98059
    CREATE 7823-2107377283 2026-10-01 Tavis Alexander 15m  Erik Yang  5603 135th Place Southeast, Bellevue, Washington, 98006
    CREATE 7832-2112685299 2026-10-01 Luke LaVergne 15m  Ann Sargent  7640 Redstart Drive Southeast, Olympia, Washington, 98513
    CREATE 5139-2134948191 2026-10-01 Tavis Alexander 15m  Aly Mendez  12048 160th Avenue Southeast, Renton, Washington, 98059
    CREATE 7869-2149304483 2026-10-01 Alias Franks 15m  Shelley Ryan  10611 Redmond Ridge Drive Northeast, Redmond, Washington, 98053
    CREATE 7880-2152292330 2026-10-01 Cory Ventura 12m  Scot Lynch  8601 Main Street East, Bonney Lake, Washington, 98391
    CREATE 7937-2190070907 2026-10-01 Luke LaVergne 15m  Dave Kenney  2215 Yelm Highway Southeast, Olympia, Washington, 98501
    CREATE 7961-2199874437 2026-10-01 Robert Norton 15m  Kelly Kunz  19454 136th Place Southeast, Renton, Washington, 98058
    CREATE 7964-2202841414 2026-10-01 Tavis Alexander 11m  Barbee Mill HOA  4205 Williams Avenue North, Renton, Washington, 98056
    CREATE 7967-2202870037 2026-10-01 Tavis Alexander 11m  Howard Goodman  4101 Williams Avenue North, Renton, Washington, 98056
    CREATE 7977-2206932324 2026-10-01 Luke LaVergne 15m  Western Plaza  1841 Trosper Rd SW, Tumwater, Washington, 98512
    CREATE 7979-2207210405 2026-10-01 Tavis Alexander 11m  Martha  Dawson  4113 Williams Avenue North, Renton, Washington, 98056
    CREATE 7981-2209169546 2026-10-01 Tavis Alexander 11m  Jeff Nugent  4051 Williams Avenue North, Renton, Washington, 98056
    CREATE 8058-2230913429 2026-10-01 Cory Ventura 12m  Samantha Sieverling  21917 147th Street East, BonneyLake, Washington, 98391
    CREATE 8074-2232629075 2026-10-01 Alias Franks 15m  Lina Bancroft  25419 Northeast Union Hill Road, Redmond, Washington, 98053
    CREATE 8084-2234979684 2026-10-01 Cory Ventura 12m  Larry Brewer  12626 194th Avenue Court East, Sumner, Washington, 98391
    CREATE 8123-2242792405 2026-10-01 Cory Ventura 12m  Darin Swan  18005 26th Street Court East, Lake Tapps, Washington, 98391
    CREATE 5433-2246424924 2026-10-01 Cory Ventura 12m  Susan Newby  8106 204th Avenue Court East, Bonney Lake, Washington, 98391
    CREATE 8577-2326337250 2026-10-01 Alias Franks 15m  Mike Leese  21231 Rimrock Road, Monroe, Washington, 98272
    CREATE 8498-2312074983 2026-10-01 Luke LaVergne 15m  Robert Hartsell  4025 Ashford Court Southeast, Olympia, Washington, 98501
    CREATE 8625-2339786161 2026-10-01 Tavis Alexander 15m  Brian Pare  10354 172nd Avenue Southeast, Renton, Washington, 98059
    CREATE 7875-2319750064 2026-10-01 Luke LaVergne 15m  Pam Novotny  3802 77th Avenue Southeast, Olympia, Washington, 98501
    CREATE 8513-2313802299 2026-10-01 Robert Norton 15m  Paige Lamb  13805 West Lake Kathleen Drive Southeast, Renton, Washington, 98059
    CREATE 8591-2333550296 2026-10-01 Luke LaVergne 15m  Briggs Village HOA  1508 Brighton Way Southeast, Olympia, Washington, 98501
    CREATE 8521-2316817002 2026-10-01 Cory Ventura 12m  Dennis Shay  19230 Trilogy Parkway East, Bonney Lake, Washington, 98391
    CREATE 8530-2319402958 2026-10-01 Robert Norton 15m  Phyllis Miller  18614 179th Place Southeast, Renton, Washington, 98058
    CREATE 8516-2314148419 2026-10-01 Cory Ventura 12m  Anthony Cuccia  19807 103rd Street East, Bonney Lake, Washington, 98391
    CREATE 8581-2332428776 2026-10-01 Luke LaVergne 15m  Rachel Hanes  3500 Buckingham Court Southeast, Olympia, Washington, 98501
    CREATE 8203-2259599865 2026-10-01 Luke LaVergne 15m  Richard Henegan  2245 107th Lane Southeast, Olympia, Washington, 98501
    CREATE 8504-2312516791 2026-10-01 Cory Ventura 12m  Todd Allen  18615 145th Street East, Bonney Lake, Washington, 98391
    CREATE 8585-2332547341 2026-10-01 Cory Ventura 12m  Jan Sterling  1325 213th Avenue East, Bonney Lake, Washington, 98391
    CREATE 8522-2316822256 2026-10-01 Robert Norton 15m  Gourav Saha  18708 132nd Place Southeast, Renton, Washington, 98058
    CREATE 8540-2320735312 2026-10-01 Tavis Alexander 15m  Kathryn Ngo  5627 Northeast 24th Street, Renton, Washington, 98059
    CREATE 8325-2279119346 2026-10-01 Cory Ventura 12m  Maryanne Zukowski  18716 McGhee Drive East, Bonney Lake, Washington, 98391
    CREATE 8620-2338513066 2026-10-01 Luke LaVergne 15m  Julie Penrod  5940 Offut Lake Road Southeast, Tenino, Washington, 98589
    CREATE 8621-2338517158 2026-10-01 Luke LaVergne 15m  Vicki Harrod  3332 Van Epps Street Southeast, Olympia, Washington, 98501
    CREATE 8628-2341463676 2026-10-01 Robert Norton 15m  Connie Schlimgen  24109 Southeast 170th Street, Maple Valley, Washington, 98038
    CREATE 8466-2343957872 2026-10-01 Cory Ventura 12m  Chris Heacox  18929 9th St E, Lake Tapps, Washington, 98391
    CREATE 8233-2265627932 2026-10-02 Alias Franks 15m  Vicky Marxen  3629 East Lake Sammamish Shore Lane Northeast, Sammamish, Washington, 98074
    CREATE 8249-2267634767 2026-10-02 Alias Franks 15m  John Shepard  2110 236th Avenue Northeast, Sammamish, Washington, 98074
    CREATE 8256-2268932061 2026-10-02 Alias Franks 15m  Doug Crow  21805 Southeast 20th Street, Sammamish, Washington, 98075
    CREATE 8258-2268935171 2026-10-02 Tavis Alexander 15m  Ken Larson  120 292nd Avenue Northeast, Fall City, Washington, 98024
    CREATE 8265-2270506350 2026-10-02 Alias Franks 15m  Jepson Fuller  2423 East Lake Sammamish Place Southeast, Sammamish, Washington, 98075
    CREATE 8288-2273495403 2026-10-02 Alias Franks 15m  Stan Adams  3211 263rd Court Southeast, Sammamish, Washington, 98075
    CREATE 8315-2277577684 2026-10-02 Tavis Alexander 15m  Scott Vojik  47150 Southeast 162nd Street, North Bend, Washington, 98045
    CREATE 8321-2278514668 2026-10-02 Alias Franks 15m  Mike Huggins  22016 Northeast 15th Street, Sammamish, Washington, 98074
    CREATE 8416-2295550512 2026-10-02 Luke LaVergne 15m  Sharon Young  9227 60th Avenue Court East, Puyallup, Washington, 98371
    CREATE 8508-2312563235 2026-10-02 Tavis Alexander 15m  Zoe Wu  987 Northeast 4th Street, North Bend, Washington, 98045
    CREATE 8519-2315673753 2026-10-02 Robert Norton 15m  Brad Hickel  21707 293rd Avenue Southeast, Maple Valley, Washington, 98038
    CREATE 8531-2319430913 2026-10-02 Robert Norton 15m  Lewis Henry  26002 Southeast 208th Street, Maple Valley, Washington, 98038
    CREATE 5053-2338980000 2026-10-02 Robert Norton 15m  Dennis Scroggins  25406 Landsburg Road Southeast, Ravensdale, Washington, 98051
    CREATE 8463-2339076777 2026-10-02 Robert Norton 15m  Darren Mccullough  30010 Retreat Kanasket Road Southeast, Ravensdale, Washington, 98051
    CREATE 8213-2340430931 2026-10-02 Tavis Alexander 15m  Cindy  Kamrin  3415 Northeast Madison Way, Issaquah, Washington, 98029
    CREATE 8497-2340478685 2026-10-02 Alias Franks 15m  Jean Vanwagoner  5408 235th Avenue Southeast, Issaquah, Washington, 98029
    CREATE 8460-2340565074 2026-10-02 Tavis Alexander 15m  Russ Decaire  26255 Southeast 42nd Street, Issaquah, Washington, 98029
    CREATE 7477-2340646412 2026-10-02 Tavis Alexander 15m  Melissa  Osvaldik  1730 298th Crescent Southeast, Fall City, Washington, 98024
    CREATE 7388-2340680150 2026-10-02 Tavis Alexander 15m  MT Landscape  3613 324th Avenue Southeast, Fall City, Washington, 98024
    CREATE 7472-2340746092 2026-10-02 Tavis Alexander 15m  Tino Perrina  10603 Upper Preston Road Southeast, Issaquah, Washington, 98027
    CREATE 5201-2340801244 2026-10-02 Tavis Alexander 15m  Michelle  Mueller  45609 Southeast Edgewick Road, North Bend, Washington, 98045
    CREATE 8224-2340885291 2026-10-02 Tavis Alexander 15m  Kelsey Peck  45720 Southeast 139th Place, North Bend, Washington, 98045
    CREATE 4504-2340948422 2026-10-02 Tavis Alexander 15m  Evan Epstein  12803 452nd Avenue Southeast, North Bend, Washington, 98045
    CREATE 5325-2340969255 2026-10-02 Tavis Alexander 15m  Julie Carper  351 Merritt Place Northeast, North Bend, Washington, 98045
    CREATE 7841-2341023326 2026-10-02 Tavis Alexander 15m  Stephanie Larson  43427 Southeast 92nd Street, North Bend, Washington, 98045
    CREATE 6088-2341049516 2026-10-02 Tavis Alexander 15m  Gary Patterson  7418 408th Avenue Southeast, Snoqualmie, Washington, 98065
    CREATE 5178-2343127359 2026-10-02 Luke LaVergne 15m  Washington Premier Soccer Club  5702 44th STREET E, Puyallup, Washington, 98371
    CREATE 8319-2343182859 2026-10-02 Luke LaVergne 15m  Jill Robinson  911 North J Street, Tacoma, Washington, 98403
    CREATE 8444-2343374584 2026-10-02 Luke LaVergne 15m  Annette Bunker  1276 Huson Drive, Tacoma, Washington, 98405
    CREATE 8276-2343826204 2026-10-02 Luke LaVergne 15m  Diana Miller  1213 123rd Street Court East, Tacoma, Washington, 98445
    CREATE 6275-1608836567 2026-10-02 Robert Norton 15m  Mike Tonda  21667 227th pl SE, Maple valley, Wa, 98038
    CREATE 6338-1625735232 2026-10-02 Luke LaVergne 15m  Barbara Wood  1615 Brookdale Road East, Tacoma, Washington, 98445
    CREATE 6355-1637516859 2026-10-02 Alias Franks 15m  Julie James  21806 Southeast 38th Place, Sammamish, Washington, 98075
    CREATE 6409-1655125377 2026-10-02 Robert Norton 15m  Kevin Hoffman  28605 Southeast 216th Lane, Maple Valley, Washington, 98038
    CREATE 6416-1656780606 2026-10-02 Tavis Alexander 15m  Tanya O'Bannon  9408 Hancock Avenue Southeast, Snoqualmie, Washington, 98065
    CREATE 5441-1770743224 2026-10-02 Alias Franks 15m  Tom Craig  2020 239th Place Southeast, Sammamish, Washington, 98075
    CREATE 5458-1770745579 2026-10-02 Robert Norton 15m  Jake Nettleton  23308 Southeast 218th Street, Maple Valley, Washington, 98038
    CREATE 5574-1771985991 2026-10-02 Luke LaVergne 15m  Ross Parker  416 Stevens Street, Steilacoom, Washington, 98388
    CREATE 6677-1793387080 2026-10-02 Luke LaVergne 15m  Wes Rhoten  7723 34th Avenue East, Tacoma, Washington, 98443
    CREATE 6739-1803519882 2026-10-02 Tavis Alexander 15m  Matt  Wurdeman  43923 Southeast 127th Place, North Bend, Washington, 98045
    CREATE 6919-1832480808 2026-10-02 Alias Franks 15m  Corky Heimbigner  20120 Southeast 30th Street, Sammamish, Washington, 98075
    CREATE 5412-1850003046 2026-10-02 Luke LaVergne 15m  Mike Ahquin  6600 Flanegan Road West, Tacoma, Washington, 98499
    CREATE 7011-1852006764 2026-10-02 Alias Franks 15m  Sara Houpis  3509 219th Place Southeast, Sammamish, Washington, 98075
    CREATE 7270-1902157899 2026-10-02 Tavis Alexander 15m  Nadia Reynolds  34400 Southeast Burke Street, Snoqualmie, Washington, 98065
    CREATE 7295-1906017383 2026-10-02 Tavis Alexander 15m  Jeff Taylor  12825 452nd Avenue Southeast, North Bend, Washington, 98045
    CREATE 7306-1909016237 2026-10-02 Robert Norton 15m  Greg Anderson  21787 240th Place Southeast, Maple Valley, Washington, 98038
    CREATE 5982-1911293152 2026-10-02 Robert Norton 15m  David Rosser  25335 237th Place Southeast, Maple Valley, Washington, 98038
    CREATE 5829-1912222273 2026-10-02 Robert Norton 15m  Tom Hornberg  28611 SE 204th St, Maple Valley, Wa, 98038
    CREATE 4614-1912586956 2026-10-02 Alias Franks 15m  Jennifer Beardall  821 217th Place Northeast, Sammamish, Washington, 98074
    CREATE 4545-1912594496 2026-10-02 Robert Norton 15m  Randy Stegmeier  23828 Southeast 216th Street, Maple Valley, Washington, 98038
    CREATE 7450-1935662819 2026-10-02 Robert Norton 15m  Amy Thomas  26255 Southeast 276th Street, Ravensdale, Washington, 98051
    CREATE 7497-1959126740 2026-10-02 Luke LaVergne 15m  Bess  Poehlmann  4105 North 39th Street, Tacoma, Washington, 98407
    CREATE 4754-1970472232 2026-10-02 Tavis Alexander 15m  Barry Heimbigner  12570 465th Avenue Southeast, North Bend, Washington, 98045
    CREATE 7589-2007776455 2026-10-02 Alias Franks 15m  Rahul Newaskar  20709 Southeast 3rd Way, Sammamish, Washington, 98074
    CREATE 7632-2019823575 2026-10-02 Tavis Alexander 15m  Joel Coons  30415 Southeast 40th Street, Fall City, Washington, 98024
    CREATE 7644-2024390321 2026-10-02 Robert Norton 15m  Elizabeth Kalouner  26813 Southeast 236th Street, Maple Valley, Washington, 98038
    CREATE 7675-2038425288 2026-10-02 Luke LaVergne 15m  Charlie  Brown  63 West Road, Tacoma, Washington, 98406
    CREATE 7817-2106876956 2026-10-02 Alias Franks 15m  Josh Hedrick  3808 202nd Place Southeast, Sammamish, Washington, 98075
    CREATE 6287-2119598724 2026-10-02 Robert Norton 15m  Charles Hahn  25503 SE 192nd Street, Maple Valley, Washington, 98038
    CREATE 7941-2192192470 2026-10-02 Luke LaVergne 15m  Tim Lubic  6619 Stewart Avenue East, Puyallup, Washington, 98371
    CREATE 8014-2219801348 2026-10-02 Alias Franks 15m  Paul Latham  20735 Southeast 3rd Way, Sammamish, Washington, 98074
    CREATE 8046-2226614716 2026-10-02 Alias Franks 15m  Daniel Bay  1829 244th Avenue Southeast, Issaquah, Washington, 98075
    CREATE 8091-2236839007 2026-10-02 Luke LaVergne 15m  Ron Cronkhite  5507 Waller Road East, Tacoma, Washington, 98443
    CREATE 8156-2248881713 2026-10-02 Alias Franks 15m  Deborah Berger  2809 226th Avenue Southeast, Sammamish, Washington, 98075
    CREATE 8496-2311099032 2026-10-02 Tavis Alexander 15m  James Wallace  3008 277th place SE, Sammamish, Washington, 98075
    CREATE 8497-2312053055 2026-10-02 Alias Franks 15m  Jean Vanwagoner  5408 235th Avenue Southeast, Issaquah, Washington, 98029
    CREATE 8594-2333955320 2026-10-02 Alias Franks 15m  Juliet Dixon  2671 230th Avenue Southeast, Sammamish, Washington, 98075
    CREATE 8597-2336532011 2026-10-02 Robert Norton 15m  Jeff Westcott  28603 Southeast 204th Street, Maple Valley, Washington, 98038
    CREATE 8617-2338499448 2026-10-02 Robert Norton 15m  Phyllis Eakins  23213 Southeast 224th Court, Maple Valley, Washington, 98038
    CREATE 8484-2308142907 2026-10-02 Robert Norton 15m  Mary Leischow  23800 Southeast 247th Place, Maple Valley, Washington, 98038
    CREATE 8528-2317029218 2026-10-02 Tavis Alexander 15m  Laura Galbato  3372 Northeast Harrison Street, Issaquah, Washington, 98029
    CREATE 7767-2336190090 2026-10-02 Robert Norton 15m  Jamie Randall  20507 244th Avenue Southeast, Maple Valley, Washington, 98038
    CREATE 8430-2297632428 2026-10-02 Luke LaVergne 15m  Lourdes Orive  9409 110th Street Southwest, Tacoma, Washington, 98498
    CREATE 8556-2322166447 2026-10-02 Alias Franks 15m  William Kearl  24202 Southeast 30th Street, Sammamish, Washington, 98075
    CREATE 8604-2336566061 2026-10-02 Alias Franks 15m  Karen  Horvath  2713 East Lake Sammamish Parkway Southeast, Sammamish, Washington, 98075
    CREATE 8547-2321191933 2026-10-02 Alias Franks 15m  Shannon Supple  21310 Southeast 11th Street, Sammamish, Washington, 98075
    CREATE 8520-2315764537 2026-10-02 Alias Franks 15m  Richard Depencier  3708 260th Avenue Southeast, Issaquah, Washington, 98029
    CREATE 8542-2321110291 2026-10-02 Luke LaVergne 15m  Geoff Bentley  2326 North 28th Street, Tacoma, Washington, 98403
    CREATE 8543-2321124683 2026-10-02 Alias Franks 15m  Yuji Xie  2640 262nd Place Southeast, Sammamish, Washington, 98075
    CREATE 5004-2336279418 2026-10-02 Tavis Alexander 15m  Wanda Neste  7421 442nd Place Southeast, Snoqualmie, Washington, 98065
    CREATE 8545-2321166859 2026-10-02 Luke LaVergne 15m  Doris Osada  3726 East L Street, Tacoma, Washington, 98404
    CREATE 8582-2332442778 2026-10-02 Luke LaVergne 15m  Stacey Ogle  8361 North 9th Street, Tacoma, Washington, 98406

driver availability: 09-28: Alias/Cory/Luke/Robert/Tavis   09-29: Alias/Cory/Luke/Robert/Tavis   09-30: Alias/Cory/Luke/Robert/Tavis   10-01: Alias/Cory/Luke/Robert/Tavis   10-02: Alias/Luke/Robert/Tavis

=== OPTIMOROUTE: 528 CREATE ===
  CREATE 8434-2298643895 2026-09-28 Luke LaVergne  ok
  CREATE 8475-2306272071 2026-09-28 Robert Norton  ok
  CREATE 8479-2308136674 2026-09-28 Cory Ventura  ok
  CREATE 8480-2308137627 2026-09-28 Robert Norton  ok
  CREATE 8533-2319651790 2026-09-28 Tavis Alexander  ok
  CREATE 8560-2323384853 2026-09-28 Cory Ventura  ok
  CREATE 5540-2325287690 2026-09-28 Cory Ventura  ok
  CREATE 6900-2325299011 2026-09-28 Robert Norton  ok
  CREATE 4515-2325338268 2026-09-28 Robert Norton  ok
  CREATE 8122-2325450650 2026-09-28 Robert Norton  ok
  CREATE 8340-2325625176 2026-09-28 Tavis Alexander  ok
  CREATE 4998-2325635399 2026-09-28 Cory Ventura  ok
  CREATE 8161-2325675162 2026-09-28 Luke LaVergne  ok
  CREATE 6297-2325691865 2026-09-28 Tavis Alexander  ok
  CREATE 8431-2325693315 2026-09-28 Cory Ventura  ok
  CREATE 8133-2325840542 2026-09-28 Cory Ventura  ok
  CREATE 7764-2325905913 2026-09-28 Cory Ventura  ok
  CREATE 7470-2325967727 2026-09-28 Tavis Alexander  ok
  CREATE 6926-2326033275 2026-09-28 Alias Franks  ok
  CREATE 6986-2326056123 2026-09-28 Cory Ventura  ok
  CREATE 7891-2326102924 2026-09-28 Luke LaVergne  ok
  CREATE 8296-2326143700 2026-09-28 Alias Franks  ok
  CREATE 8593-2333944111 2026-09-28 Cory Ventura  ok
  CREATE 7697-2337576632 2026-09-28 Robert Norton  ok
  CREATE 7797-2337616119 2026-09-28 Robert Norton  ok
  CREATE 8457-2337693745 2026-09-28 Luke LaVergne  ok
  CREATE 4930-2337726346 2026-09-28 Robert Norton  ok
  CREATE 4703-2337731100 2026-09-28 Alias Franks  ok
  CREATE 7810-2337747477 2026-09-28 Luke LaVergne  ok
  CREATE 6334-2337756359 2026-09-28 Robert Norton  ok
  CREATE 4777-2337792064 2026-09-28 Robert Norton  ok
  CREATE 7715-2337794234 2026-09-28 Tavis Alexander  ok
  CREATE 8449-2337794777 2026-09-28 Luke LaVergne  ok
  CREATE 8409-2337817399 2026-09-28 Tavis Alexander  ok
  CREATE 8500-2337827823 2026-09-28 Luke LaVergne  ok
  CREATE 7824-2337867423 2026-09-28 Luke LaVergne  ok
  CREATE 4502-2337870793 2026-09-28 Tavis Alexander  ok
  CREATE 7834-2337891596 2026-09-28 Alias Franks  ok
  CREATE 5355-2337937940 2026-09-28 Alias Franks  ok
  CREATE 5025-2337939020 2026-09-28 Robert Norton  ok
  CREATE 8136-2337953812 2026-09-28 Luke LaVergne  ok
  CREATE 7809-2337956990 2026-09-28 Luke LaVergne  ok
  CREATE 7974-2338040053 2026-09-28 Luke LaVergne  ok
  CREATE 8202-2338069743 2026-09-28 Robert Norton  ok
  CREATE 8072-2338094395 2026-09-28 Robert Norton  ok
  CREATE 5324-2338121980 2026-09-28 Robert Norton  ok
  CREATE 7893-2338167636 2026-09-28 Luke LaVergne  ok
  CREATE 8359-2338186098 2026-09-28 Tavis Alexander  ok
  CREATE 7753-2338189191 2026-09-28 Robert Norton  ok
  CREATE 7803-2338196956 2026-09-28 Luke LaVergne  ok
  CREATE 7574-2338197904 2026-09-28 Tavis Alexander  ok
  CREATE 8426-2338199107 2026-09-28 Tavis Alexander  ok
  CREATE 8461-2338200803 2026-09-28 Tavis Alexander  ok
  CREATE 7936-2338339514 2026-09-28 Luke LaVergne  ok
  CREATE 7471-2338390492 2026-09-28 Alias Franks  ok
  CREATE 5531-2338502349 2026-09-28 Alias Franks  ok
  CREATE 4941-2338963518 2026-09-28 Cory Ventura  ok
  CREATE 5780-2338992586 2026-09-28 Cory Ventura  ok
  CREATE 4549-2339025971 2026-09-28 Cory Ventura  ok
  CREATE 4644-2339048560 2026-09-28 Cory Ventura  ok
  CREATE 8375-2339142625 2026-09-28 Cory Ventura  ok
  CREATE 7884-2339273215 2026-09-28 Cory Ventura  ok
  CREATE 5024-2339285755 2026-09-28 Cory Ventura  ok
  CREATE 7747-2339338924 2026-09-28 Cory Ventura  ok
  CREATE 5413-2339384975 2026-09-28 Cory Ventura  ok
  CREATE 5954-2339404322 2026-09-28 Cory Ventura  ok
  CREATE 5727-2339508643 2026-09-28 Cory Ventura  ok
  CREATE 6064-2339551277 2026-09-28 Cory Ventura  ok
  CREATE 8633-2344012259 2026-09-28 Luke LaVergne  ok
  CREATE 6334-1624907333 2026-09-28 Robert Norton  ok
  CREATE 6735-1803498408 2026-09-28 Alias Franks  ok
  CREATE 4581-1870720241 2026-09-28 Alias Franks  ok
  CREATE 4701-1912566747 2026-09-28 Robert Norton  ok
  CREATE 4480-1912599780 2026-09-28 Cory Ventura  ok
  CREATE 7404-1924763940 2026-09-28 Alias Franks  ok
  CREATE 7626-2017357016 2026-09-28 Robert Norton  ok
  CREATE 7822-2107367004 2026-09-28 Luke LaVergne  ok
  CREATE 7853-2134723239 2026-09-28 Cory Ventura  ok
  CREATE 7901-2163651333 2026-09-28 Alias Franks  ok
  CREATE 8589-2333455048 2026-09-28 Luke LaVergne  ok
  CREATE 8634-2344012452 2026-09-28 Alias Franks  ok
  CREATE 8635-2344012563 2026-09-28 Tavis Alexander  ok
  CREATE 5335-2325181613 2026-09-28 Luke LaVergne  existed elsewhere -> UPDATE  ok
  CREATE 8588-2333262885 2026-09-28 Luke LaVergne  ok
  CREATE 8483-2308141602 2026-09-28 Luke LaVergne  ok
  CREATE 8485-2308143582 2026-09-28 Tavis Alexander  ok
  CREATE 8486-2308143986 2026-09-28 Tavis Alexander  ok
  CREATE 8590-2333526248 2026-09-28 Luke LaVergne  ok
  CREATE 8562-2324412529 2026-09-28 Alias Franks  ok
  CREATE 8619-2338506918 2026-09-28 Cory Ventura  ok
  CREATE 8499-2312109691 2026-09-28 Luke LaVergne  ok
  CREATE 8525-2316832539 2026-09-28 Tavis Alexander  ok
  CREATE 8527-2317027284 2026-09-28 Luke LaVergne  ok
  CREATE 8623-2339147859 2026-09-28 Tavis Alexander  ok
  CREATE 8572-2325840893 2026-09-28 Alias Franks  ok
  CREATE 8600-2336538528 2026-09-28 Tavis Alexander  ok
  CREATE 8607-2336574595 2026-09-28 Tavis Alexander  ok
  CREATE 8610-2336586804 2026-09-28 Cory Ventura  ok
  CREATE 8611-2336588203 2026-09-28 Cory Ventura  ok
  CREATE 8615-2338494840 2026-09-28 Luke LaVergne  ok
  CREATE 8614-2338493378 2026-09-28 Cory Ventura  ok
  CREATE 8627-2341461387 2026-09-28 Robert Norton  ok
  CREATE 8506-2312525465 2026-09-28 Alias Franks  ok
  CREATE 8502-2312310360 2026-09-28 Luke LaVergne  ok
  CREATE 8524-2316831160 2026-09-28 Tavis Alexander  ok
  CREATE 8592-2333909024 2026-09-28 Alias Franks  ok
  CREATE 8523-2316825082 2026-09-28 Alias Franks  ok
  CREATE 8491-2308635427 2026-09-28 Alias Franks  ok
  CREATE 8558-2322281775 2026-09-28 Tavis Alexander  ok
  CREATE 8574-2326312913 2026-09-28 Tavis Alexander  ok
  CREATE 8579-2326367527 2026-09-28 Robert Norton  ok
  CREATE 8270-2272143058 2026-09-28 Robert Norton  ok
  CREATE 8494-2311077162 2026-09-28 Tavis Alexander  ok
  CREATE 7804-2342743517 2026-09-28 Luke LaVergne  ok
  CREATE 8629-2341470918 2026-09-28 Robert Norton  ok
  CREATE 8390-2292815352 2026-09-29 Cory Ventura  ok
  CREATE 8473-2305383857 2026-09-29 Alias Franks  existed elsewhere -> UPDATE  ok
  CREATE 6400-2310063670 2026-09-29 Robert Norton  ok
  CREATE 8557-2322279051 2026-09-29 Alias Franks  ok
  CREATE 4902-2325257891 2026-09-29 Alias Franks  ok
  CREATE 8546-2325856349 2026-09-29 Tavis Alexander  ok
  CREATE 7795-2326951072 2026-09-29 Luke LaVergne  ok
  CREATE 7900-2332572124 2026-09-29 Alias Franks  ok
  CREATE 8471-2332715608 2026-09-29 Alias Franks  ok
  CREATE 6568-2333269355 2026-09-29 Robert Norton  ok
  CREATE 4492-2333288010 2026-09-29 Robert Norton  ok
  CREATE 5047-2333911320 2026-09-29 Cory Ventura  ok
  CREATE 8396-2333934719 2026-09-29 Cory Ventura  ok
  CREATE 7462-2334015540 2026-09-29 Cory Ventura  ok
  CREATE 8172-2334020677 2026-09-29 Cory Ventura  ok
  CREATE 7384-2338145444 2026-09-29 Tavis Alexander  ok
  CREATE 6492-2338183659 2026-09-29 Tavis Alexander  ok
  CREATE 6545-2338237065 2026-09-29 Tavis Alexander  ok
  CREATE 8561-2338919657 2026-09-29 Robert Norton  ok
  CREATE 8036-2338975958 2026-09-29 Alias Franks  ok
  CREATE 8564-2339035640 2026-09-29 Alias Franks  ok
  CREATE 7708-2339162397 2026-09-29 Luke LaVergne  ok
  CREATE 4935-2339209068 2026-09-29 Luke LaVergne  ok
  CREATE 6555-2339311486 2026-09-29 Robert Norton  ok
  CREATE 5192-2339382859 2026-09-29 Luke LaVergne  ok
  CREATE 8436-2339446054 2026-09-29 Luke LaVergne  ok
  CREATE 7857-2339533696 2026-09-29 Robert Norton  ok
  CREATE 7805-2339549671 2026-09-29 Luke LaVergne  ok
  CREATE 8452-2339608780 2026-09-29 Robert Norton  ok
  CREATE 8023-2339618474 2026-09-29 Robert Norton  ok
  CREATE 6083-2339637599 2026-09-29 Robert Norton  ok
  CREATE 5121-2339655419 2026-09-29 Luke LaVergne  ok
  CREATE 8507-2339668742 2026-09-29 Robert Norton  ok
  CREATE 7365-2339687097 2026-09-29 Robert Norton  ok
  CREATE 8238-2339703926 2026-09-29 Alias Franks  ok
  CREATE 5044-2339718131 2026-09-29 Luke LaVergne  ok
  CREATE 8067-2339720922 2026-09-29 Luke LaVergne  ok
  CREATE 7624-2339785386 2026-09-29 Alias Franks  ok
  CREATE 8474-2342505524 2026-09-29 Cory Ventura  ok
  CREATE 4926-1607466759 2026-09-29 Cory Ventura  ok
  CREATE 6303-1615059611 2026-09-29 Tavis Alexander  ok
  CREATE 6400-1651424069 2026-09-29 Robert Norton  ok
  CREATE 5148-1702497404 2026-09-29 Cory Ventura  ok
  CREATE 5602-1735742677 2026-09-29 Robert Norton  ok
  CREATE 6628-1777785442 2026-09-29 Robert Norton  ok
  CREATE 6660-1787859045 2026-09-29 Alias Franks  ok
  CREATE 4825-1809115496 2026-09-29 Cory Ventura  ok
  CREATE 6953-1840242134 2026-09-29 Robert Norton  ok
  CREATE 7017-1853949699 2026-09-29 Cory Ventura  ok
  CREATE 4749-1912550202 2026-09-29 Cory Ventura  ok
  CREATE 6324-1980805614 2026-09-29 Cory Ventura  ok
  CREATE 7657-2032729906 2026-09-29 Cory Ventura  ok
  CREATE 7670-2036882264 2026-09-29 Cory Ventura  ok
  CREATE 7673-2037613853 2026-09-29 Cory Ventura  ok
  CREATE 7705-2050079096 2026-09-29 Cory Ventura  ok
  CREATE 7725-2057513407 2026-09-29 Cory Ventura  ok
  CREATE 7744-2063541043 2026-09-29 Tavis Alexander  ok
  CREATE 7762-2070319020 2026-09-29 Tavis Alexander  ok
  CREATE 7684-2106950436 2026-09-29 Robert Norton  ok
  CREATE 7858-2136202677 2026-09-29 Cory Ventura  ok
  CREATE 6757-2151444038 2026-09-29 Tavis Alexander  ok
  CREATE 7970-2204820336 2026-09-29 Robert Norton  ok
  CREATE 8053-2228775211 2026-09-29 Cory Ventura  ok
  CREATE 7777-2249289736 2026-09-29 Cory Ventura  ok
  CREATE 8495-2311098127 2026-09-29 Robert Norton  ok
  CREATE 8505-2312522176 2026-09-29 Tavis Alexander  ok
  CREATE 8550-2321756705 2026-09-29 Tavis Alexander  ok
  CREATE 8638-2344013139 2026-09-29 Tavis Alexander  ok
  CREATE 8551-2321792502 2026-09-29 Tavis Alexander  ok
  CREATE 4425-1850020027 2026-09-29 Luke LaVergne  existed elsewhere -> UPDATE  ok
  CREATE 8481-2308139138 2026-09-29 Alias Franks  ok
  CREATE 8490-2308634863 2026-09-29 Cory Ventura  ok
  CREATE 8571-2325833334 2026-09-29 Robert Norton  ok
  CREATE 8573-2325849162 2026-09-29 Alias Franks  ok
  CREATE 8482-2308139969 2026-09-29 Alias Franks  ok
  CREATE 8488-2308147626 2026-09-29 Tavis Alexander  ok
  CREATE 8566-2324422319 2026-09-29 Tavis Alexander  ok
  CREATE 8630-2341476405 2026-09-29 Cory Ventura  ok
  CREATE 8598-2336532996 2026-09-29 Alias Franks  ok
  CREATE 8291-2273507999 2026-09-29 Robert Norton  ok
  CREATE 8613-2337971750 2026-09-29 Tavis Alexander  ok
  CREATE 8569-2325654195 2026-09-29 Tavis Alexander  ok
  CREATE 8605-2336569606 2026-09-29 Tavis Alexander  ok
  CREATE 8501-2312188829 2026-09-29 Tavis Alexander  ok
  CREATE 8535-2319706365 2026-09-29 Alias Franks  ok
  CREATE 8536-2319711386 2026-09-29 Tavis Alexander  ok
  CREATE 8537-2319722023 2026-09-29 Tavis Alexander  ok
  CREATE 8570-2325825655 2026-09-29 Alias Franks  ok
  CREATE 8584-2332496468 2026-09-29 Tavis Alexander  ok
  CREATE 8534-2319702723 2026-09-29 Alias Franks  ok
  CREATE 8544-2321147140 2026-09-29 Cory Ventura  ok
  CREATE 8526-2317027129 2026-09-29 Luke LaVergne  ok
  CREATE 8587-2332582259 2026-09-29 Luke LaVergne  ok
  CREATE 6784-2325563654 2026-09-29 Luke LaVergne  ok
  CREATE 8578-2326350874 2026-09-29 Luke LaVergne  ok
  CREATE 8622-2338522970 2026-09-29 Luke LaVergne  ok
  CREATE 8169-2344008030 2026-09-29 Tavis Alexander  ok
  CREATE 5411-2344008388 2026-09-29 Tavis Alexander  ok
  CREATE 5940-2344008516 2026-09-29 Tavis Alexander  ok
  CREATE 8244-2267612363 2026-09-30 Luke LaVergne  ok
  CREATE 8255-2268932819 2026-09-30 Alias Franks  ok
  CREATE 8365-2287201286 2026-09-30 Luke LaVergne  ok
  CREATE 8201-2310169798 2026-09-30 Tavis Alexander  ok
  CREATE 5114-2310632707 2026-09-30 Tavis Alexander  ok
  CREATE 7738-2310738973 2026-09-30 Tavis Alexander  ok
  CREATE 8345-2325360692 2026-09-30 Tavis Alexander  ok
  CREATE 8112-2326078104 2026-09-30 Tavis Alexander  ok
  CREATE 7633-2326845700 2026-09-30 Cory Ventura  ok
  CREATE 8190-2327042613 2026-09-30 Tavis Alexander  ok
  CREATE 8030-2331930983 2026-09-30 Tavis Alexander  ok
  CREATE 7459-2332504006 2026-09-30 Tavis Alexander  ok
  CREATE 8586-2332552730 2026-09-30 Robert Norton  ok
  CREATE 8417-2333332063 2026-09-30 Luke LaVergne  ok
  CREATE 7613-2333504350 2026-09-30 Robert Norton  ok
  CREATE 7611-2333525595 2026-09-30 Robert Norton  ok
  CREATE 4335-2333549654 2026-09-30 Robert Norton  ok
  CREATE 7820-2334502873 2026-09-30 Robert Norton  ok
  CREATE 8093-2334774031 2026-09-30 Robert Norton  ok
  CREATE 7951-2334992499 2026-09-30 Robert Norton  ok
  CREATE 7475-2337642862 2026-09-30 Tavis Alexander  ok
  CREATE 7317-2337694229 2026-09-30 Tavis Alexander  ok
  CREATE 5700-2337783439 2026-09-30 Tavis Alexander  ok
  CREATE 4705-2337804256 2026-09-30 Tavis Alexander  ok
  CREATE 8361-2337806538 2026-09-30 Tavis Alexander  ok
  CREATE 7608-2337858835 2026-09-30 Tavis Alexander  ok
  CREATE 8372-2338080530 2026-09-30 Tavis Alexander  ok
  CREATE 7751-2338125602 2026-09-30 Tavis Alexander  ok
  CREATE 4962-2339178168 2026-09-30 Cory Ventura  ok
  CREATE 5503-2339210246 2026-09-30 Cory Ventura  ok
  CREATE 5511-2339241015 2026-09-30 Cory Ventura  ok
  CREATE 8155-2340299054 2026-09-30 Robert Norton  ok
  CREATE 7517-2340317395 2026-09-30 Robert Norton  ok
  CREATE 8111-2340341951 2026-09-30 Luke LaVergne  ok
  CREATE 7902-2340354182 2026-09-30 Luke LaVergne  ok
  CREATE 7758-2340369997 2026-09-30 Alias Franks  ok
  CREATE 8406-2340415310 2026-09-30 Alias Franks  ok
  CREATE 8056-2340442771 2026-09-30 Robert Norton  ok
  CREATE 8042-2340473866 2026-09-30 Alias Franks  ok
  CREATE 6270-2340541118 2026-09-30 Alias Franks  ok
  CREATE 7434-2340572844 2026-09-30 Alias Franks  ok
  CREATE 7247-2340580780 2026-09-30 Robert Norton  ok
  CREATE 6649-2340613009 2026-09-30 Robert Norton  ok
  CREATE 8472-2340614319 2026-09-30 Alias Franks  ok
  CREATE 8246-2340655524 2026-09-30 Alias Franks  ok
  CREATE 7776-2340680844 2026-09-30 Alias Franks  ok
  CREATE 8217-2340878181 2026-09-30 Alias Franks  ok
  CREATE 5369-2340904678 2026-09-30 Robert Norton  ok
  CREATE 8415-2340995210 2026-09-30 Robert Norton  ok
  CREATE 7504-2341027630 2026-09-30 Alias Franks  ok
  CREATE 7548-2341044032 2026-09-30 Robert Norton  ok
  CREATE 7639-2341052662 2026-09-30 Alias Franks  ok
  CREATE 6382-2341061489 2026-09-30 Robert Norton  ok
  CREATE 6849-2341134649 2026-09-30 Alias Franks  ok
  CREATE 8405-2341325120 2026-09-30 Alias Franks  ok
  CREATE 8428-2342032435 2026-09-30 Cory Ventura  ok
  CREATE 5330-2342035192 2026-09-30 Cory Ventura  ok
  CREATE 5442-2342102584 2026-09-30 Cory Ventura  ok
  CREATE 4469-2342487297 2026-09-30 Cory Ventura  ok
  CREATE 6162-2342507653 2026-09-30 Cory Ventura  ok
  CREATE 5713-2342644235 2026-09-30 Cory Ventura  ok
  CREATE 8269-2342745736 2026-09-30 Cory Ventura  ok
  CREATE 5328-2342748915 2026-09-30 Cory Ventura  ok
  CREATE 5329-2342749270 2026-09-30 Cory Ventura  ok
  CREATE 6375-1644705667 2026-09-30 Alias Franks  ok
  CREATE 6418-1656783958 2026-09-30 Cory Ventura  ok
  CREATE 5016-1660792690 2026-09-30 Cory Ventura  ok
  CREATE 6567-1751496164 2026-09-30 Tavis Alexander  ok
  CREATE 7202-1891735421 2026-09-30 Alias Franks  ok
  CREATE 7208-1892797371 2026-09-30 Alias Franks  ok
  CREATE 6323-2010568150 2026-09-30 Alias Franks  ok
  CREATE 7704-2050067388 2026-09-30 Cory Ventura  ok
  CREATE 7757-2068214524 2026-09-30 Cory Ventura  ok
  CREATE 7842-2118400741 2026-09-30 Robert Norton  ok
  CREATE 8419-2296252909 2026-09-30 Cory Ventura  ok
  CREATE 8596-2336530134 2026-09-30 Robert Norton  ok
  CREATE 8632-2344011764 2026-09-30 Tavis Alexander  ok
  CREATE 8636-2344012591 2026-09-30 Tavis Alexander  ok
  CREATE 6856-2341916887 2026-09-30 Cory Ventura  ok
  CREATE 8395-2293212665 2026-09-30 Robert Norton  ok
  CREATE 8487-2308145455 2026-09-30 Luke LaVergne  ok
  CREATE 8563-2324415777 2026-09-30 Alias Franks  ok
  CREATE 8568-2325548235 2026-09-30 Robert Norton  ok
  CREATE 8637-2344012811 2026-09-30 Robert Norton  ok
  CREATE 8616-2338497643 2026-09-30 Robert Norton  ok
  CREATE 8493-2311032818 2026-09-30 Luke LaVergne  ok
  CREATE 8606-2336571520 2026-09-30 Luke LaVergne  ok
  CREATE 8608-2336577015 2026-09-30 Luke LaVergne  ok
  CREATE 8612-2336595349 2026-09-30 Luke LaVergne  ok
  CREATE 8470-2305378590 2026-09-30 Tavis Alexander  ok
  CREATE 8517-2315488663 2026-09-30 Luke LaVergne  ok
  CREATE 8541-2320970798 2026-09-30 Alias Franks  ok
  CREATE 8511-2313780695 2026-09-30 Luke LaVergne  ok
  CREATE 8575-2326317154 2026-09-30 Luke LaVergne  ok
  CREATE 8626-2339788277 2026-09-30 Robert Norton  ok
  CREATE 8503-2312509195 2026-09-30 Luke LaVergne  ok
  CREATE 8515-2314137346 2026-09-30 Robert Norton  ok
  CREATE 8518-2315661964 2026-09-30 Tavis Alexander  ok
  CREATE 8538-2319780445 2026-09-30 Cory Ventura  ok
  CREATE 8510-2312577226 2026-09-30 Tavis Alexander  ok
  CREATE 8532-2319525866 2026-09-30 Cory Ventura  ok
  CREATE 8576-2326325464 2026-09-30 Robert Norton  ok
  CREATE 8489-2308150703 2026-09-30 Robert Norton  ok
  CREATE 8624-2339776529 2026-09-30 Alias Franks  ok
  CREATE 8219-2261194919 2026-10-01 Tavis Alexander  ok
  CREATE 8231-2265621747 2026-10-01 Cory Ventura  ok
  CREATE 8274-2271943456 2026-10-01 Cory Ventura  ok
  CREATE 8292-2273511500 2026-10-01 Tavis Alexander  ok
  CREATE 8307-2277550493 2026-10-01 Alias Franks  ok
  CREATE 8320-2278465184 2026-10-01 Tavis Alexander  ok
  CREATE 8331-2280662659 2026-10-01 Tavis Alexander  ok
  CREATE 8338-2284287706 2026-10-01 Tavis Alexander  ok
  CREATE 8386-2292706643 2026-10-01 Alias Franks  ok
  CREATE 8387-2292793845 2026-10-01 Alias Franks  ok
  CREATE 8402-2293952348 2026-10-01 Cory Ventura  ok
  CREATE 8412-2294586506 2026-10-01 Luke LaVergne  ok
  CREATE 8478-2308133927 2026-10-01 Robert Norton  ok
  CREATE 8549-2321473218 2026-10-01 Tavis Alexander  ok
  CREATE 6500-2325559537 2026-10-01 Robert Norton  ok
  CREATE 7837-2325629344 2026-10-01 Robert Norton  ok
  CREATE 8200-2325661900 2026-10-01 Robert Norton  ok
  CREATE 5433-2332440386 2026-10-01 Cory Ventura  ok
  CREATE 4842-2333174831 2026-10-01 Robert Norton  ok
  CREATE 7371-2333235764 2026-10-01 Cory Ventura  ok
  CREATE 6970-2333433179 2026-10-01 Alias Franks  ok
  CREATE 7988-2333573689 2026-10-01 Tavis Alexander  ok
  CREATE 7979-2333664033 2026-10-01 Tavis Alexander  ok
  CREATE 7967-2333676792 2026-10-01 Tavis Alexander  ok
  CREATE 6322-2333712269 2026-10-01 Cory Ventura  ok
  CREATE 8232-2334509895 2026-10-01 Luke LaVergne  ok
  CREATE 7454-2334619212 2026-10-01 Alias Franks  ok
  CREATE 5381-2334790905 2026-10-01 Alias Franks  ok
  CREATE 8076-2335090341 2026-10-01 Luke LaVergne  ok
  CREATE 8599-2336536001 2026-10-01 Tavis Alexander  ok
  CREATE 8609-2336578956 2026-10-01 Robert Norton  ok
  CREATE 8512-2337654410 2026-10-01 Robert Norton  ok
  CREATE 8442-2338220032 2026-10-01 Robert Norton  ok
  CREATE 8459-2338300883 2026-10-01 Robert Norton  ok
  CREATE 7897-2338402064 2026-10-01 Luke LaVergne  ok
  CREATE 7529-2338418528 2026-10-01 Luke LaVergne  ok
  CREATE 5099-2340996397 2026-10-01 Alias Franks  ok
  CREATE 7829-2341892929 2026-10-01 Luke LaVergne  ok
  CREATE 6396-2341912324 2026-10-01 Tavis Alexander  ok
  CREATE 8418-2342534118 2026-10-01 Tavis Alexander  ok
  CREATE 8603-2342577487 2026-10-01 Tavis Alexander  ok
  CREATE 5040-2343115888 2026-10-01 Robert Norton  ok
  CREATE 8352-2343367130 2026-10-01 Cory Ventura  ok
  CREATE 8368-2343511167 2026-10-01 Cory Ventura  ok
  CREATE 4979-2343910222 2026-10-01 Cory Ventura  ok
  CREATE 6246-1603712605 2026-10-01 Luke LaVergne  ok
  CREATE 5594-1613400118 2026-10-01 Robert Norton  ok
  CREATE 4929-1620766320 2026-10-01 Robert Norton  ok
  CREATE 4994-1625952444 2026-10-01 Cory Ventura  ok
  CREATE 5071-1649894999 2026-10-01 Robert Norton  ok
  CREATE 5007-1650881876 2026-10-01 Alias Franks  ok
  CREATE 5152-1651228322 2026-10-01 Robert Norton  ok
  CREATE 5084-1668540637 2026-10-01 Alias Franks  ok
  CREATE 6454-1672990655 2026-10-01 Cory Ventura  ok
  CREATE 6475-1686594166 2026-10-01 Robert Norton  ok
  CREATE 5227-1689543698 2026-10-01 Cory Ventura  ok
  CREATE 5106-1699829553 2026-10-01 Tavis Alexander  ok
  CREATE 6602-1768237484 2026-10-01 Alias Franks  ok
  CREATE 5489-1770746937 2026-10-01 Alias Franks  ok
  CREATE 5545-1770762326 2026-10-01 Alias Franks  ok
  CREATE 5371-1770764145 2026-10-01 Tavis Alexander  ok
  CREATE 5526-1770768898 2026-10-01 Luke LaVergne  ok
  CREATE 5502-1771965640 2026-10-01 Tavis Alexander  ok
  CREATE 6663-1789043686 2026-10-01 Robert Norton  ok
  CREATE 5150-1797372340 2026-10-01 Alias Franks  ok
  CREATE 6737-1803511650 2026-10-01 Luke LaVergne  ok
  CREATE 6990-1846546652 2026-10-01 Alias Franks  ok
  CREATE 7022-1854765762 2026-10-01 Alias Franks  ok
  CREATE 5751-1870719599 2026-10-01 Tavis Alexander  ok
  CREATE 4673-1912576295 2026-10-01 Alias Franks  ok
  CREATE 4550-1912591104 2026-10-01 Robert Norton  ok
  CREATE 7406-1924765207 2026-10-01 Robert Norton  ok
  CREATE 7478-1950308795 2026-10-01 Luke LaVergne  ok
  CREATE 7488-1957237435 2026-10-01 Luke LaVergne  ok
  CREATE 6144-1966814355 2026-10-01 Robert Norton  ok
  CREATE 7531-1972505110 2026-10-01 Tavis Alexander  ok
  CREATE 7540-1988644198 2026-10-01 Cory Ventura  ok
  CREATE 7546-1989134982 2026-10-01 Alias Franks  ok
  CREATE 7618-2015370018 2026-10-01 Luke LaVergne  ok
  CREATE 7664-2035604067 2026-10-01 Cory Ventura  ok
  CREATE 7672-2037574682 2026-10-01 Robert Norton  ok
  CREATE 7720-2055656882 2026-10-01 Cory Ventura  ok
  CREATE 7728-2059905695 2026-10-01 Luke LaVergne  ok
  CREATE 7731-2060532831 2026-10-01 Cory Ventura  ok
  CREATE 7739-2062914275 2026-10-01 Cory Ventura  ok
  CREATE 7754-2068037140 2026-10-01 Cory Ventura  ok
  CREATE 7766-2074513654 2026-10-01 Robert Norton  ok
  CREATE 7792-2089783694 2026-10-01 Luke LaVergne  ok
  CREATE 7793-2090028887 2026-10-01 Cory Ventura  ok
  CREATE 7802-2097019415 2026-10-01 Alias Franks  ok
  CREATE 7812-2104520808 2026-10-01 Tavis Alexander  ok
  CREATE 7823-2107377283 2026-10-01 Tavis Alexander  ok
  CREATE 7832-2112685299 2026-10-01 Luke LaVergne  ok
  CREATE 5139-2134948191 2026-10-01 Tavis Alexander  ok
  CREATE 7869-2149304483 2026-10-01 Alias Franks  ok
  CREATE 7880-2152292330 2026-10-01 Cory Ventura  ok
  CREATE 7937-2190070907 2026-10-01 Luke LaVergne  ok
  CREATE 7961-2199874437 2026-10-01 Robert Norton  ok
  CREATE 7964-2202841414 2026-10-01 Tavis Alexander  ok
  CREATE 7967-2202870037 2026-10-01 Tavis Alexander  ok
  CREATE 7977-2206932324 2026-10-01 Luke LaVergne  ok
  CREATE 7979-2207210405 2026-10-01 Tavis Alexander  ok
  CREATE 7981-2209169546 2026-10-01 Tavis Alexander  ok
  CREATE 8058-2230913429 2026-10-01 Cory Ventura  ok
  CREATE 8074-2232629075 2026-10-01 Alias Franks  ok
  CREATE 8084-2234979684 2026-10-01 Cory Ventura  ok
  CREATE 8123-2242792405 2026-10-01 Cory Ventura  ok
  CREATE 5433-2246424924 2026-10-01 Cory Ventura  ok
  CREATE 8577-2326337250 2026-10-01 Alias Franks  ok
  CREATE 8498-2312074983 2026-10-01 Luke LaVergne  ok
  CREATE 8625-2339786161 2026-10-01 Tavis Alexander  ok
  CREATE 7875-2319750064 2026-10-01 Luke LaVergne  existed elsewhere -> UPDATE  ok
  CREATE 8513-2313802299 2026-10-01 Robert Norton  ok
  CREATE 8591-2333550296 2026-10-01 Luke LaVergne  ok
  CREATE 8521-2316817002 2026-10-01 Cory Ventura  ok
  CREATE 8530-2319402958 2026-10-01 Robert Norton  ok
  CREATE 8516-2314148419 2026-10-01 Cory Ventura  ok
  CREATE 8581-2332428776 2026-10-01 Luke LaVergne  ok
  CREATE 8203-2259599865 2026-10-01 Luke LaVergne  ok
  CREATE 8504-2312516791 2026-10-01 Cory Ventura  ok
  CREATE 8585-2332547341 2026-10-01 Cory Ventura  ok
  CREATE 8522-2316822256 2026-10-01 Robert Norton  ok
  CREATE 8540-2320735312 2026-10-01 Tavis Alexander  ok
  CREATE 8325-2279119346 2026-10-01 Cory Ventura  ok
  CREATE 8620-2338513066 2026-10-01 Luke LaVergne  ok
  CREATE 8621-2338517158 2026-10-01 Luke LaVergne  ok
  CREATE 8628-2341463676 2026-10-01 Robert Norton  ok
  CREATE 8466-2343957872 2026-10-01 Cory Ventura  ok
  CREATE 8233-2265627932 2026-10-02 Alias Franks  ok
  CREATE 8249-2267634767 2026-10-02 Alias Franks  ok
  CREATE 8256-2268932061 2026-10-02 Alias Franks  ok
  CREATE 8258-2268935171 2026-10-02 Tavis Alexander  ok
  CREATE 8265-2270506350 2026-10-02 Alias Franks  ok
  CREATE 8288-2273495403 2026-10-02 Alias Franks  ok
  CREATE 8315-2277577684 2026-10-02 Tavis Alexander  ok
  CREATE 8321-2278514668 2026-10-02 Alias Franks  ok
  CREATE 8416-2295550512 2026-10-02 Luke LaVergne  ok
  CREATE 8508-2312563235 2026-10-02 Tavis Alexander  ok
  CREATE 8519-2315673753 2026-10-02 Robert Norton  ok
  CREATE 8531-2319430913 2026-10-02 Robert Norton  ok
  CREATE 5053-2338980000 2026-10-02 Robert Norton  ok
  CREATE 8463-2339076777 2026-10-02 Robert Norton  ok
  CREATE 8213-2340430931 2026-10-02 Tavis Alexander  ok
  CREATE 8497-2340478685 2026-10-02 Alias Franks  ok
  CREATE 8460-2340565074 2026-10-02 Tavis Alexander  ok
  CREATE 7477-2340646412 2026-10-02 Tavis Alexander  ok
  CREATE 7388-2340680150 2026-10-02 Tavis Alexander  ok
  CREATE 7472-2340746092 2026-10-02 Tavis Alexander  ok
  CREATE 5201-2340801244 2026-10-02 Tavis Alexander  ok
  CREATE 8224-2340885291 2026-10-02 Tavis Alexander  ok
  CREATE 4504-2340948422 2026-10-02 Tavis Alexander  ok
  CREATE 5325-2340969255 2026-10-02 Tavis Alexander  ok
  CREATE 7841-2341023326 2026-10-02 Tavis Alexander  ok
  CREATE 6088-2341049516 2026-10-02 Tavis Alexander  ok
  CREATE 5178-2343127359 2026-10-02 Luke LaVergne  ok
  CREATE 8319-2343182859 2026-10-02 Luke LaVergne  ok
  CREATE 8444-2343374584 2026-10-02 Luke LaVergne  ok
  CREATE 8276-2343826204 2026-10-02 Luke LaVergne  ok
  CREATE 6275-1608836567 2026-10-02 Robert Norton  ok
  CREATE 6338-1625735232 2026-10-02 Luke LaVergne  ok
  CREATE 6355-1637516859 2026-10-02 Alias Franks  ok
  CREATE 6409-1655125377 2026-10-02 Robert Norton  ok
  CREATE 6416-1656780606 2026-10-02 Tavis Alexander  ok
  CREATE 5441-1770743224 2026-10-02 Alias Franks  ok
  CREATE 5458-1770745579 2026-10-02 Robert Norton  ok
  CREATE 5574-1771985991 2026-10-02 Luke LaVergne  ok
  CREATE 6677-1793387080 2026-10-02 Luke LaVergne  ok
  CREATE 6739-1803519882 2026-10-02 Tavis Alexander  ok
  CREATE 6919-1832480808 2026-10-02 Alias Franks  ok
  CREATE 5412-1850003046 2026-10-02 Luke LaVergne  ok
  CREATE 7011-1852006764 2026-10-02 Alias Franks  ok
  CREATE 7270-1902157899 2026-10-02 Tavis Alexander  ok
  CREATE 7295-1906017383 2026-10-02 Tavis Alexander  ok
  CREATE 7306-1909016237 2026-10-02 Robert Norton  ok
  CREATE 5982-1911293152 2026-10-02 Robert Norton  ok
  CREATE 5829-1912222273 2026-10-02 Robert Norton  ok
  CREATE 4614-1912586956 2026-10-02 Alias Franks  ok
  CREATE 4545-1912594496 2026-10-02 Robert Norton  ok
  CREATE 7450-1935662819 2026-10-02 Robert Norton  ok
  CREATE 7497-1959126740 2026-10-02 Luke LaVergne  ok
  CREATE 4754-1970472232 2026-10-02 Tavis Alexander  ok
  CREATE 7589-2007776455 2026-10-02 Alias Franks  ok
  CREATE 7632-2019823575 2026-10-02 Tavis Alexander  ok
  CREATE 7644-2024390321 2026-10-02 Robert Norton  ok
  CREATE 7675-2038425288 2026-10-02 Luke LaVergne  ok
  CREATE 7817-2106876956 2026-10-02 Alias Franks  ok
  CREATE 6287-2119598724 2026-10-02 Robert Norton  ok
  CREATE 7941-2192192470 2026-10-02 Luke LaVergne  ok
  CREATE 8014-2219801348 2026-10-02 Alias Franks  ok
  CREATE 8046-2226614716 2026-10-02 Alias Franks  ok
  CREATE 8091-2236839007 2026-10-02 Luke LaVergne  ok
  CREATE 8156-2248881713 2026-10-02 Alias Franks  ok
  CREATE 8496-2311099032 2026-10-02 Tavis Alexander  ok
  CREATE 8497-2312053055 2026-10-02 Alias Franks  ok
  CREATE 8594-2333955320 2026-10-02 Alias Franks  ok
  CREATE 8597-2336532011 2026-10-02 Robert Norton  ok
  CREATE 8617-2338499448 2026-10-02 Robert Norton  ok
  CREATE 8484-2308142907 2026-10-02 Robert Norton  ok
  CREATE 8528-2317029218 2026-10-02 Tavis Alexander  ok
  CREATE 7767-2336190090 2026-10-02 Robert Norton  existed elsewhere -> UPDATE  ok
  CREATE 8430-2297632428 2026-10-02 Luke LaVergne  ok
  CREATE 8556-2322166447 2026-10-02 Alias Franks  ok
  CREATE 8604-2336566061 2026-10-02 Alias Franks  ok
  CREATE 8547-2321191933 2026-10-02 Alias Franks  ok
  CREATE 8520-2315764537 2026-10-02 Alias Franks  ok
  CREATE 8542-2321110291 2026-10-02 Luke LaVergne  ok
  CREATE 8543-2321124683 2026-10-02 Alias Franks  ok
  CREATE 5004-2336279418 2026-10-02 Tavis Alexander  existed elsewhere -> UPDATE  ok
  CREATE 8545-2321166859 2026-10-02 Luke LaVergne  ok
  CREATE 8582-2332442778 2026-10-02 Luke LaVergne  ok
=== OPTIMOROUTE: 0 UPDATE ===
=== OPTIMOROUTE: 0 DELETE ===

=== OPTIMOROUTE: driver availability ===
  30/30 succeeded

=== PLAN 2026-09-28 (balancing OFF) ===
  Alias Franks        18 stops   405 min    98 km  first 06:42  last 12:19
  Cory Ventura        27 stops   475 min   134 km  first 06:18  last 13:24
  Luke LaVergne       26 stops   728 min   277 km  first 07:00  last 17:38
  Robert Norton       22 stops   463 min    81 km  first 06:52  last 13:58
  Tavis Alexander     22 stops   570 min   163 km  first 06:55  last 14:27

=== PLAN 2026-09-29 (balancing OFF) ===
  Tavis Alexander     24 stops   594 min   167 km  first 06:59  last 15:09
  Alias Franks        17 stops   433 min   123 km  first 06:40  last 12:49
  Cory Ventura        23 stops   421 min   111 km  first 06:03  last 12:49
  Luke LaVergne       15 stops   534 min   209 km  first 06:57  last 14:37
  Robert Norton       20 stops   403 min    59 km  first 06:43  last 12:58

=== PLAN 2026-09-30 (balancing OFF) ===
  Alias Franks        21 stops   513 min   138 km  first 06:26  last 14:19
  Cory Ventura        21 stops   375 min   110 km  first 06:11  last 11:49
  Luke LaVergne       14 stops   520 min   273 km  first 06:58  last 14:15
  Robert Norton       26 stops   606 min   134 km  first 07:02  last 16:05
  Tavis Alexander     22 stops   521 min   122 km  first 06:50  last 14:07

=== PLAN 2026-10-01 (balancing OFF) ===
  Alias Franks        21 stops   539 min   163 km  first 06:38  last 14:29
  Cory Ventura        30 stops   477 min    95 km  first 06:10  last 13:31
  Luke LaVergne       24 stops   678 min   258 km  first 07:31  last 16:45
  Robert Norton       26 stops   562 min   105 km  first 06:53  last 15:29
  Tavis Alexander     27 stops   562 min   128 km  first 06:55  last 14:44

=== PLAN 2026-10-02 (balancing OFF) ===
  Luke LaVergne       17 stops   425 min   108 km  first 06:37  last 12:57
  Robert Norton       18 stops   385 min    68 km  first 06:50  last 12:43
  Tavis Alexander     23 stops   591 min   201 km  first 07:01  last 15:06
  Alias Franks        24 stops   538 min   131 km  first 06:52  last 14:14

--no-times: planned times NOT written to Jobber.

✅ done 2026-09-25 21:31:08 PT — log: C:\Agentic-os-got-moles\projects\briefs\route-engine\redesign\ops\2026-09-28_week\sync-plan-times.log
Next: the arrival-window sweep (node projects/tool-jobber/scripts/arrival-window-sweep.mjs) so every visit carries the 3-hour window.
