[write-gate] writes BLOCKED — writes disabled: Revoked. — run 39f86f54
=== SYNC + PLAN + TIMES 2026-09-27 10:10:57 PT ===
mode: DRY (default) — queries only   window: 2026-09-28..2026-10-02
live Jobber: 528 visits, 528 not complete, 528 on a routed driver, 0 skipped (no tech / not a driver)
  2026-09-28  Cory 27  Alias 18  Robert 22  Tavis 22  Luke 26
  2026-09-29  Cory 23  Alias 17  Robert 20  Luke 15  Tavis 24
  2026-09-30  Cory 21  Alias 21  Tavis 22  Luke 14  Robert 26
  2026-10-01  Cory 30  Alias 21  Robert 26  Tavis 27  Luke 24
  2026-10-02  Luke 17  Robert 18  Alias 24  Tavis 23

OptimoRoute: 528 orders in the window
  CREATE 0   UPDATE 522   DELETE 0   unchanged 6
    UPDATE 7853-2134723239 2026-09-28 Cory Ventura  tw -> 07:00-21:00
    UPDATE 8593-2333944111 2026-09-28 Cory Ventura  tw -> 07:00-21:00
    UPDATE 8491-2308635427 2026-09-28 Alias Franks  tw -> 07:00-21:00
    UPDATE 8627-2341461387 2026-09-28 Robert Norton  tw -> 07:00-21:00
    UPDATE 4480-1912599780 2026-09-28 Cory Ventura  tw -> 07:00-21:00
    UPDATE 7715-2337794234 2026-09-28 Tavis Alexander  tw -> 07:00-21:00
    UPDATE 8634-2344012452 2026-09-28 Alias Franks  tw -> 07:00-21:00
    UPDATE 5780-2338992586 2026-09-28 Cory Ventura  tw -> 07:00-21:00
    UPDATE 7697-2337576632 2026-09-28 Robert Norton  tw -> 07:00-21:00
    UPDATE 8409-2337817399 2026-09-28 Tavis Alexander  tw -> 07:00-21:00
    UPDATE 8589-2333455048 2026-09-28 Luke LaVergne  tw -> 07:00-21:00
    UPDATE 4941-2338963518 2026-09-28 Cory Ventura  tw -> 07:00-21:00
    UPDATE 7797-2337616119 2026-09-28 Robert Norton  tw -> 07:00-21:00
    UPDATE 8562-2324412529 2026-09-28 Alias Franks  tw -> 07:00-21:00
    UPDATE 4502-2337870793 2026-09-28 Tavis Alexander  tw -> 07:00-21:00
    UPDATE 4549-2339025971 2026-09-28 Cory Ventura  tw -> 07:00-21:00
    UPDATE 8434-2298643895 2026-09-28 Luke LaVergne  tw -> 07:00-21:00
    UPDATE 4930-2337726346 2026-09-28 Robert Norton  tw -> 07:00-21:00
    UPDATE 8506-2312525465 2026-09-28 Alias Franks  tw -> 07:00-21:00
    UPDATE 4644-2339048560 2026-09-28 Cory Ventura  tw -> 07:00-21:00
    UPDATE 8499-2312109691 2026-09-28 Luke LaVergne  tw -> 07:00-21:00
    UPDATE 6334-2337756359 2026-09-28 Robert Norton  tw -> 07:00-21:00
    UPDATE 8572-2325840893 2026-09-28 Alias Franks  tw -> 07:00-21:00
    UPDATE 6986-2326056123 2026-09-28 Cory Ventura  tw -> 07:00-21:00
    UPDATE 8574-2326312913 2026-09-28 Tavis Alexander  tw -> 07:00-21:00
    UPDATE 6334-1624907333 2026-09-28 Robert Norton  tw -> 07:00-21:00
    UPDATE 8457-2337693745 2026-09-28 Luke LaVergne  tw -> 07:00-21:00
    UPDATE 8479-2308136674 2026-09-28 Cory Ventura  tw -> 07:00-21:00
    UPDATE 6735-1803498408 2026-09-28 Alias Franks  tw -> 07:00-21:00
    UPDATE 8558-2322281775 2026-09-28 Tavis Alexander  tw -> 07:00-21:00
    UPDATE 4777-2337792064 2026-09-28 Robert Norton  tw -> 07:00-21:00
    UPDATE 8375-2339142625 2026-09-28 Cory Ventura  tw -> 07:00-21:00
    UPDATE 7471-2338390492 2026-09-28 Alias Franks  tw -> 07:00-21:00
    UPDATE 8615-2338494840 2026-09-28 Luke LaVergne  tw -> 07:00-21:00
    UPDATE 8494-2311077162 2026-09-28 Tavis Alexander  tw -> 07:00-21:00
    UPDATE 8579-2326367527 2026-09-28 Robert Norton  tw -> 07:00-21:00
    UPDATE 8610-2336586804 2026-09-28 Cory Ventura  tw -> 07:00-21:00
    UPDATE 5355-2337937940 2026-09-28 Alias Franks  tw -> 07:00-21:00
    UPDATE 7810-2337747477 2026-09-28 Luke LaVergne  tw -> 07:00-21:00
    UPDATE 7764-2325905913 2026-09-28 Cory Ventura  tw -> 07:00-21:00
    UPDATE 8485-2308143582 2026-09-28 Tavis Alexander  tw -> 07:00-21:00
    UPDATE 7834-2337891596 2026-09-28 Alias Franks  tw -> 07:00-21:00
    UPDATE 8449-2337794777 2026-09-28 Luke LaVergne  tw -> 07:00-21:00
    UPDATE 5025-2337939020 2026-09-28 Robert Norton  tw -> 07:00-21:00
    UPDATE 8619-2338506918 2026-09-28 Cory Ventura  tw -> 07:00-21:00
    UPDATE 4581-1870720241 2026-09-28 Alias Franks  tw -> 07:00-21:00
    UPDATE 8500-2337827823 2026-09-28 Luke LaVergne  tw -> 07:00-21:00
    UPDATE 8133-2325840542 2026-09-28 Cory Ventura  tw -> 07:00-21:00
    UPDATE 8475-2306272071 2026-09-28 Robert Norton  tw -> 07:00-21:00
    UPDATE 8525-2316832539 2026-09-28 Tavis Alexander  tw -> 07:00-21:00
    UPDATE 7404-1924763940 2026-09-28 Alias Franks  tw -> 07:00-21:00
    UPDATE 8502-2312310360 2026-09-28 Luke LaVergne  tw -> 07:00-21:00
    UPDATE 8560-2323384853 2026-09-28 Cory Ventura  tw -> 07:00-21:00
    UPDATE 8072-2338094395 2026-09-28 Robert Norton  tw -> 07:00-21:00
    UPDATE 8340-2325625176 2026-09-28 Tavis Alexander  tw -> 07:00-21:00
    UPDATE 6926-2326033275 2026-09-28 Alias Franks  tw -> 07:00-21:00
    UPDATE 5024-2339285755 2026-09-28 Cory Ventura  tw -> 07:00-21:00
    UPDATE 7824-2337867423 2026-09-28 Luke LaVergne  tw -> 07:00-21:00
    UPDATE 6297-2325691865 2026-09-28 Tavis Alexander  tw -> 07:00-21:00
    UPDATE 8202-2338069743 2026-09-28 Robert Norton  tw -> 07:00-21:00
    UPDATE 8523-2316825082 2026-09-28 Alias Franks  tw -> 07:00-21:00
    UPDATE 7884-2339273215 2026-09-28 Cory Ventura  tw -> 07:00-21:00
    UPDATE 8431-2325693315 2026-09-28 Cory Ventura  tw -> 07:00-21:00
    UPDATE 8607-2336574595 2026-09-28 Tavis Alexander  tw -> 07:00-21:00
    UPDATE 5324-2338121980 2026-09-28 Robert Norton  tw -> 07:00-21:00
    UPDATE 4703-2337731100 2026-09-28 Alias Franks  tw -> 07:00-21:00
    UPDATE 7809-2337956990 2026-09-28 Luke LaVergne  tw -> 07:00-21:00
    UPDATE 4998-2325635399 2026-09-28 Cory Ventura  tw -> 07:00-21:00
    UPDATE 8600-2336538528 2026-09-28 Tavis Alexander  tw -> 07:00-21:00
    UPDATE 8480-2308137627 2026-09-28 Robert Norton  tw -> 07:00-21:00
    UPDATE 8296-2326143700 2026-09-28 Alias Franks  tw -> 07:00-21:00
    UPDATE 7822-2107367004 2026-09-28 Luke LaVergne  tw -> 07:00-21:00
    UPDATE 8623-2339147859 2026-09-28 Tavis Alexander  tw -> 07:00-21:00
    UPDATE 5413-2339384975 2026-09-28 Cory Ventura  tw -> 07:00-21:00
    UPDATE 7753-2338189191 2026-09-28 Robert Norton  tw -> 07:00-21:00
    UPDATE 8592-2333909024 2026-09-28 Alias Franks  tw -> 07:00-21:00
    UPDATE 5954-2339404322 2026-09-28 Cory Ventura  tw -> 07:00-21:00
    UPDATE 8359-2338186098 2026-09-28 Tavis Alexander  tw -> 07:00-21:00
    UPDATE 8122-2325450650 2026-09-28 Robert Norton  tw -> 07:00-21:00
    UPDATE 8136-2337953812 2026-09-28 Luke LaVergne  tw -> 07:00-21:00
    UPDATE 7901-2163651333 2026-09-28 Alias Franks  tw -> 07:00-21:00
    UPDATE 8614-2338493378 2026-09-28 Cory Ventura  tw -> 07:00-21:00
    UPDATE 8486-2308143986 2026-09-28 Tavis Alexander  tw -> 07:00-21:00
    UPDATE 4515-2325338268 2026-09-28 Robert Norton  tw -> 07:00-21:00
    UPDATE 8611-2336588203 2026-09-28 Cory Ventura  tw -> 07:00-21:00
    UPDATE 8590-2333526248 2026-09-28 Luke LaVergne  tw -> 07:00-21:00
    UPDATE 5531-2338502349 2026-09-28 Alias Franks  tw -> 07:00-21:00
    UPDATE 8524-2316831160 2026-09-28 Tavis Alexander  tw -> 07:00-21:00
    UPDATE 6900-2325299011 2026-09-28 Robert Norton  tw -> 07:00-21:00
    UPDATE 5727-2339508643 2026-09-28 Cory Ventura  tw -> 07:00-21:00
    UPDATE 8161-2325675162 2026-09-28 Luke LaVergne  tw -> 07:00-21:00
    UPDATE 7626-2017357016 2026-09-28 Robert Norton  tw -> 07:00-21:00
    UPDATE 7470-2325967727 2026-09-28 Tavis Alexander  tw -> 07:00-21:00
    UPDATE 6064-2339551277 2026-09-28 Cory Ventura  tw -> 07:00-21:00
    UPDATE 7974-2338040053 2026-09-28 Luke LaVergne  tw -> 07:00-21:00
    UPDATE 7574-2338197904 2026-09-28 Tavis Alexander  tw -> 07:00-21:00
    UPDATE 5540-2325287690 2026-09-28 Cory Ventura  tw -> 07:00-21:00
    UPDATE 8270-2272143058 2026-09-28 Robert Norton  tw -> 07:00-21:00
    UPDATE 7803-2338196956 2026-09-28 Luke LaVergne  tw -> 07:00-21:00
    UPDATE 7747-2339338924 2026-09-28 Cory Ventura  tw -> 07:00-21:00
    UPDATE 8426-2338199107 2026-09-28 Tavis Alexander  tw -> 07:00-21:00
    UPDATE 4701-1912566747 2026-09-28 Robert Norton  tw -> 07:00-21:00
    UPDATE 8461-2338200803 2026-09-28 Tavis Alexander  tw -> 07:00-21:00
    UPDATE 7893-2338167636 2026-09-28 Luke LaVergne  tw -> 07:00-21:00
    UPDATE 8629-2341470918 2026-09-28 Robert Norton  tw -> 07:00-21:00
    UPDATE 8533-2319651790 2026-09-28 Tavis Alexander  tw -> 07:00-21:00
    UPDATE 8527-2317027284 2026-09-28 Luke LaVergne  tw -> 07:00-21:00
    UPDATE 8635-2344012563 2026-09-28 Tavis Alexander  tw -> 07:00-21:00
    UPDATE 7891-2326102924 2026-09-28 Luke LaVergne  tw -> 07:00-21:00
    UPDATE 8588-2333262885 2026-09-28 Luke LaVergne  tw -> 07:00-21:00
    UPDATE 7936-2338339514 2026-09-28 Luke LaVergne  tw -> 07:00-21:00
    UPDATE 8633-2344012259 2026-09-28 Luke LaVergne  tw -> 07:00-21:00
    UPDATE 8483-2308141602 2026-09-28 Luke LaVergne  tw -> 07:00-21:00
    UPDATE 7804-2342743517 2026-09-28 Luke LaVergne  tw -> 07:00-21:00
    UPDATE 5047-2333911320 2026-09-29 Cory Ventura  tw -> 07:00-21:00
    UPDATE 7673-2037613853 2026-09-29 Cory Ventura  tw -> 07:00-21:00
    UPDATE 7657-2032729906 2026-09-29 Cory Ventura  tw -> 07:00-21:00
    UPDATE 8573-2325849162 2026-09-29 Alias Franks  tw -> 07:00-21:00
    UPDATE 7684-2106950436 2026-09-29 Robert Norton  tw -> 07:00-21:00
    UPDATE 6324-1980805614 2026-09-29 Cory Ventura  tw -> 07:00-21:00
    UPDATE 6784-2325563654 2026-09-29 Luke LaVergne  tw -> 07:00-21:00
    UPDATE 7744-2063541043 2026-09-29 Tavis Alexander  tw -> 07:00-21:00
    UPDATE 8036-2338975958 2026-09-29 Alias Franks  tw -> 07:00-21:00
    UPDATE 8561-2338919657 2026-09-29 Robert Norton  tw -> 07:00-21:00
    UPDATE 8474-2342505524 2026-09-29 Cory Ventura  tw -> 07:00-21:00
    UPDATE 8578-2326350874 2026-09-29 Luke LaVergne  tw -> 07:00-21:00
    UPDATE 8569-2325654195 2026-09-29 Tavis Alexander  tw -> 07:00-21:00
    UPDATE 8544-2321147140 2026-09-29 Cory Ventura  tw -> 07:00-21:00
    UPDATE 7970-2204820336 2026-09-29 Robert Norton  tw -> 07:00-21:00
    UPDATE 8471-2332715608 2026-09-29 Alias Franks  tw -> 07:00-21:00
    UPDATE 7705-2050079096 2026-09-29 Cory Ventura  tw -> 07:00-21:00
    UPDATE 8546-2325856349 2026-09-29 Tavis Alexander  tw -> 07:00-21:00
    UPDATE 7365-2339687097 2026-09-29 Robert Norton  tw -> 07:00-21:00
    UPDATE 8598-2336532996 2026-09-29 Alias Franks  tw -> 07:00-21:00
    UPDATE 7795-2326951072 2026-09-29 Luke LaVergne  tw -> 07:00-21:00
    UPDATE 4825-1809115496 2026-09-29 Cory Ventura  tw -> 07:00-21:00
    UPDATE 8605-2336569606 2026-09-29 Tavis Alexander  tw -> 07:00-21:00
    UPDATE 8396-2333934719 2026-09-29 Cory Ventura  tw -> 07:00-21:00
    UPDATE 8507-2339668742 2026-09-29 Robert Norton  tw -> 07:00-21:00
    UPDATE 8564-2339035640 2026-09-29 Alias Franks  tw -> 07:00-21:00
    UPDATE 8638-2344013139 2026-09-29 Tavis Alexander  tw -> 07:00-21:00
    UPDATE 8067-2339720922 2026-09-29 Luke LaVergne  tw -> 07:00-21:00
    UPDATE 4749-1912550202 2026-09-29 Cory Ventura  tw -> 07:00-21:00
    UPDATE 8571-2325833334 2026-09-29 Robert Norton  tw -> 07:00-21:00
    UPDATE 8535-2319706365 2026-09-29 Alias Franks  tw -> 07:00-21:00
    UPDATE 5044-2339718131 2026-09-29 Luke LaVergne  tw -> 07:00-21:00
    UPDATE 5148-1702497404 2026-09-29 Cory Ventura  tw -> 07:00-21:00
    UPDATE 8501-2312188829 2026-09-29 Tavis Alexander  tw -> 07:00-21:00
    UPDATE 6083-2339637599 2026-09-29 Robert Norton  tw -> 07:00-21:00
    UPDATE 8390-2292815352 2026-09-29 Cory Ventura  tw -> 07:00-21:00
    UPDATE 6660-1787859045 2026-09-29 Alias Franks  tw -> 07:00-21:00
    UPDATE 8550-2321756705 2026-09-29 Tavis Alexander  tw -> 07:00-21:00
    UPDATE 8023-2339618474 2026-09-29 Robert Norton  tw -> 07:00-21:00
    UPDATE 7017-1853949699 2026-09-29 Cory Ventura  tw -> 07:00-21:00
    UPDATE 7900-2332572124 2026-09-29 Alias Franks  tw -> 07:00-21:00
    UPDATE 7805-2339549671 2026-09-29 Luke LaVergne  tw -> 07:00-21:00
    UPDATE 8452-2339608780 2026-09-29 Robert Norton  tw -> 07:00-21:00
    UPDATE 8630-2341476405 2026-09-29 Cory Ventura  tw -> 07:00-21:00
    UPDATE 8536-2319711386 2026-09-29 Tavis Alexander  tw -> 07:00-21:00
    UPDATE 8534-2319702723 2026-09-29 Alias Franks  tw -> 07:00-21:00
    UPDATE 6555-2339311486 2026-09-29 Robert Norton  tw -> 07:00-21:00
    UPDATE 8537-2319722023 2026-09-29 Tavis Alexander  tw -> 07:00-21:00
    UPDATE 8490-2308634863 2026-09-29 Cory Ventura  tw -> 07:00-21:00
    UPDATE 6568-2333269355 2026-09-29 Robert Norton  tw -> 07:00-21:00
    UPDATE 8482-2308139969 2026-09-29 Alias Franks  tw -> 07:00-21:00
    UPDATE 7384-2338145444 2026-09-29 Tavis Alexander  tw -> 07:00-21:00
    UPDATE 8436-2339446054 2026-09-29 Luke LaVergne  tw -> 07:00-21:00
    UPDATE 7670-2036882264 2026-09-29 Cory Ventura  tw -> 07:00-21:00
    UPDATE 6492-2338183659 2026-09-29 Tavis Alexander  tw -> 07:00-21:00
    UPDATE 7857-2339533696 2026-09-29 Robert Norton  tw -> 07:00-21:00
    UPDATE 8481-2308139138 2026-09-29 Alias Franks  tw -> 07:00-21:00
    UPDATE 7725-2057513407 2026-09-29 Cory Ventura  tw -> 07:00-21:00
    UPDATE 8613-2337971750 2026-09-29 Tavis Alexander  tw -> 07:00-21:00
    UPDATE 4492-2333288010 2026-09-29 Robert Norton  tw -> 07:00-21:00
    UPDATE 8570-2325825655 2026-09-29 Alias Franks  tw -> 07:00-21:00
    UPDATE 4926-1607466759 2026-09-29 Cory Ventura  tw -> 07:00-21:00
    UPDATE 8584-2332496468 2026-09-29 Tavis Alexander  tw -> 07:00-21:00
    UPDATE 5192-2339382859 2026-09-29 Luke LaVergne  tw -> 07:00-21:00
    UPDATE 6400-1651424069 2026-09-29 Robert Norton  tw -> 07:00-21:00
    UPDATE 8557-2322279051 2026-09-29 Alias Franks  tw -> 07:00-21:00
    UPDATE 8053-2228775211 2026-09-29 Cory Ventura  tw -> 07:00-21:00
    UPDATE 6545-2338237065 2026-09-29 Tavis Alexander  tw -> 07:00-21:00
    UPDATE 6400-2310063670 2026-09-29 Robert Norton  tw -> 07:00-21:00
    UPDATE 8238-2339703926 2026-09-29 Alias Franks  tw -> 07:00-21:00
    UPDATE 8291-2273507999 2026-09-29 Robert Norton  tw -> 07:00-21:00
    UPDATE 8488-2308147626 2026-09-29 Tavis Alexander  tw -> 07:00-21:00
    UPDATE 8622-2338522970 2026-09-29 Luke LaVergne  tw -> 07:00-21:00
    UPDATE 7858-2136202677 2026-09-29 Cory Ventura  tw -> 07:00-21:00
    UPDATE 8495-2311098127 2026-09-29 Robert Norton  tw -> 07:00-21:00
    UPDATE 6757-2151444038 2026-09-29 Tavis Alexander  tw -> 07:00-21:00
    UPDATE 8172-2334020677 2026-09-29 Cory Ventura  tw -> 07:00-21:00
    UPDATE 6628-1777785442 2026-09-29 Robert Norton  tw -> 07:00-21:00
    UPDATE 4902-2325257891 2026-09-29 Alias Franks  tw -> 07:00-21:00
    UPDATE 4935-2339209068 2026-09-29 Luke LaVergne  tw -> 07:00-21:00
    UPDATE 8566-2324422319 2026-09-29 Tavis Alexander  tw -> 07:00-21:00
    UPDATE 7462-2334015540 2026-09-29 Cory Ventura  tw -> 07:00-21:00
    UPDATE 6953-1840242134 2026-09-29 Robert Norton  tw -> 07:00-21:00
    UPDATE 6303-1615059611 2026-09-29 Tavis Alexander  tw -> 07:00-21:00
    UPDATE 7777-2249289736 2026-09-29 Cory Ventura  tw -> 07:00-21:00
    UPDATE 7624-2339785386 2026-09-29 Alias Franks  tw -> 07:00-21:00
    UPDATE 5602-1735742677 2026-09-29 Robert Norton  tw -> 07:00-21:00
    UPDATE 8587-2332582259 2026-09-29 Luke LaVergne  tw -> 07:00-21:00
    UPDATE 8551-2321792502 2026-09-29 Tavis Alexander  tw -> 07:00-21:00
    UPDATE 5121-2339655419 2026-09-29 Luke LaVergne  tw -> 07:00-21:00
    UPDATE 8505-2312522176 2026-09-29 Tavis Alexander  tw -> 07:00-21:00
    UPDATE 7708-2339162397 2026-09-29 Luke LaVergne  tw -> 07:00-21:00
    UPDATE 7762-2070319020 2026-09-29 Tavis Alexander  tw -> 07:00-21:00
    UPDATE 8526-2317027129 2026-09-29 Luke LaVergne  tw -> 07:00-21:00
    UPDATE 8169-2344008030 2026-09-29 Tavis Alexander  tw -> 07:00-21:00
    UPDATE 5411-2344008388 2026-09-29 Tavis Alexander  tw -> 07:00-21:00
    UPDATE 5940-2344008516 2026-09-29 Tavis Alexander  tw -> 07:00-21:00
    UPDATE 7633-2326845700 2026-09-30 Cory Ventura  tw -> 07:00-21:00
    UPDATE 8541-2320970798 2026-09-30 Alias Franks  tw -> 07:00-21:00
    UPDATE 6162-2342507653 2026-09-30 Cory Ventura  tw -> 07:00-21:00
    UPDATE 7757-2068214524 2026-09-30 Cory Ventura  tw -> 07:00-21:00
    UPDATE 7459-2332504006 2026-09-30 Tavis Alexander  tw -> 07:00-21:00
    UPDATE 7758-2340369997 2026-09-30 Alias Franks  tw -> 07:00-21:00
    UPDATE 8487-2308145455 2026-09-30 Luke LaVergne  tw -> 07:00-21:00
    UPDATE 8637-2344012811 2026-09-30 Robert Norton  tw -> 07:00-21:00
    UPDATE 8419-2296252909 2026-09-30 Cory Ventura  tw -> 07:00-21:00
    UPDATE 5700-2337783439 2026-09-30 Tavis Alexander  tw -> 07:00-21:00
    UPDATE 8111-2340341951 2026-09-30 Luke LaVergne  tw -> 07:00-21:00
    UPDATE 8406-2340415310 2026-09-30 Alias Franks  tw -> 07:00-21:00
    UPDATE 6418-1656783958 2026-09-30 Cory Ventura  tw -> 07:00-21:00
    UPDATE 7751-2338125602 2026-09-30 Tavis Alexander  tw -> 07:00-21:00
    UPDATE 7902-2340354182 2026-09-30 Luke LaVergne  tw -> 07:00-21:00
    UPDATE 8616-2338497643 2026-09-30 Robert Norton  tw -> 07:00-21:00
    UPDATE 5016-1660792690 2026-09-30 Cory Ventura  tw -> 07:00-21:00
    UPDATE 8042-2340473866 2026-09-30 Alias Franks  tw -> 07:00-21:00
    UPDATE 8030-2331930983 2026-09-30 Tavis Alexander  tw -> 07:00-21:00
    UPDATE 5511-2339241015 2026-09-30 Cory Ventura  tw -> 07:00-21:00
    UPDATE 7820-2334502873 2026-09-30 Robert Norton  tw -> 07:00-21:00
    UPDATE 6270-2340541118 2026-09-30 Alias Franks  tw -> 07:00-21:00
    UPDATE 8372-2338080530 2026-09-30 Tavis Alexander  tw -> 07:00-21:00
    UPDATE 5503-2339210246 2026-09-30 Cory Ventura  tw -> 07:00-21:00
    UPDATE 8365-2287201286 2026-09-30 Luke LaVergne  tw -> 07:00-21:00
    UPDATE 7613-2333504350 2026-09-30 Robert Norton  tw -> 07:00-21:00
    UPDATE 4962-2339178168 2026-09-30 Cory Ventura  tw -> 07:00-21:00
    UPDATE 7434-2340572844 2026-09-30 Alias Franks  tw -> 07:00-21:00
    UPDATE 8470-2305378590 2026-09-30 Tavis Alexander  tw -> 07:00-21:00
    UPDATE 8269-2342745736 2026-09-30 Cory Ventura  tw -> 07:00-21:00
    UPDATE 7611-2333525595 2026-09-30 Robert Norton  tw -> 07:00-21:00
    UPDATE 7608-2337858835 2026-09-30 Tavis Alexander  tw -> 07:00-21:00
    UPDATE 8472-2340614319 2026-09-30 Alias Franks  tw -> 07:00-21:00
    UPDATE 5713-2342644235 2026-09-30 Cory Ventura  tw -> 07:00-21:00
    UPDATE 4335-2333549654 2026-09-30 Robert Norton  tw -> 07:00-21:00
    UPDATE 8201-2310169798 2026-09-30 Tavis Alexander  tw -> 07:00-21:00
    UPDATE 8608-2336577015 2026-09-30 Luke LaVergne  tw -> 07:00-21:00
    UPDATE 8246-2340655524 2026-09-30 Alias Franks  tw -> 07:00-21:00
    UPDATE 7704-2050067388 2026-09-30 Cory Ventura  tw -> 07:00-21:00
    UPDATE 8345-2325360692 2026-09-30 Tavis Alexander  tw -> 07:00-21:00
    UPDATE 7776-2340680844 2026-09-30 Alias Franks  tw -> 07:00-21:00
    UPDATE 5369-2340904678 2026-09-30 Robert Norton  tw -> 07:00-21:00
    UPDATE 6856-2341916887 2026-09-30 Cory Ventura  tw -> 07:00-21:00
    UPDATE 6375-1644705667 2026-09-30 Alias Franks  tw -> 07:00-21:00
    UPDATE 8112-2326078104 2026-09-30 Tavis Alexander  tw -> 07:00-21:00
    UPDATE 8626-2339788277 2026-09-30 Robert Norton  tw -> 07:00-21:00
    UPDATE 8428-2342032435 2026-09-30 Cory Ventura  tw -> 07:00-21:00
    UPDATE 8612-2336595349 2026-09-30 Luke LaVergne  tw -> 07:00-21:00
    UPDATE 5330-2342035192 2026-09-30 Cory Ventura  tw -> 07:00-21:00
    UPDATE 8518-2315661964 2026-09-30 Tavis Alexander  tw -> 07:00-21:00
    UPDATE 7951-2334992499 2026-09-30 Robert Norton  tw -> 07:00-21:00
    UPDATE 8217-2340878181 2026-09-30 Alias Franks  tw -> 07:00-21:00
    UPDATE 8532-2319525866 2026-09-30 Cory Ventura  tw -> 07:00-21:00
    UPDATE 8361-2337806538 2026-09-30 Tavis Alexander  tw -> 07:00-21:00
    UPDATE 7208-1892797371 2026-09-30 Alias Franks  tw -> 07:00-21:00
    UPDATE 8415-2340995210 2026-09-30 Robert Norton  tw -> 07:00-21:00
    UPDATE 5442-2342102584 2026-09-30 Cory Ventura  tw -> 07:00-21:00
    UPDATE 4705-2337804256 2026-09-30 Tavis Alexander  tw -> 07:00-21:00
    UPDATE 8395-2293212665 2026-09-30 Robert Norton  tw -> 07:00-21:00
    UPDATE 7504-2341027630 2026-09-30 Alias Franks  tw -> 07:00-21:00
    UPDATE 8538-2319780445 2026-09-30 Cory Ventura  tw -> 07:00-21:00
    UPDATE 8517-2315488663 2026-09-30 Luke LaVergne  tw -> 07:00-21:00
    UPDATE 5114-2310632707 2026-09-30 Tavis Alexander  tw -> 07:00-21:00
    UPDATE 7548-2341044032 2026-09-30 Robert Norton  tw -> 07:00-21:00
    UPDATE 4469-2342487297 2026-09-30 Cory Ventura  tw -> 07:00-21:00
    UPDATE 7639-2341052662 2026-09-30 Alias Franks  tw -> 07:00-21:00
    UPDATE 8632-2344011764 2026-09-30 Tavis Alexander  tw -> 07:00-21:00
    UPDATE 6382-2341061489 2026-09-30 Robert Norton  tw -> 07:00-21:00
    UPDATE 5329-2342749270 2026-09-30 Cory Ventura  tw -> 07:00-21:00
    UPDATE 6849-2341134649 2026-09-30 Alias Franks  tw -> 07:00-21:00
    UPDATE 5328-2342748915 2026-09-30 Cory Ventura  tw -> 07:00-21:00
    UPDATE 8568-2325548235 2026-09-30 Robert Norton  tw -> 07:00-21:00
    UPDATE 8190-2327042613 2026-09-30 Tavis Alexander  tw -> 07:00-21:00
    UPDATE 8511-2313780695 2026-09-30 Luke LaVergne  tw -> 07:00-21:00
    UPDATE 7202-1891735421 2026-09-30 Alias Franks  tw -> 07:00-21:00
    UPDATE 6649-2340613009 2026-09-30 Robert Norton  tw -> 07:00-21:00
    UPDATE 7317-2337694229 2026-09-30 Tavis Alexander  tw -> 07:00-21:00
    UPDATE 8244-2267612363 2026-09-30 Luke LaVergne  tw -> 07:00-21:00
    UPDATE 6323-2010568150 2026-09-30 Alias Franks  tw -> 07:00-21:00
    UPDATE 7247-2340580780 2026-09-30 Robert Norton  tw -> 07:00-21:00
    UPDATE 8636-2344012591 2026-09-30 Tavis Alexander  tw -> 07:00-21:00
    UPDATE 8417-2333332063 2026-09-30 Luke LaVergne  tw -> 07:00-21:00
    UPDATE 8255-2268932819 2026-09-30 Alias Franks  tw -> 07:00-21:00
    UPDATE 8596-2336530134 2026-09-30 Robert Norton  tw -> 07:00-21:00
    UPDATE 8575-2326317154 2026-09-30 Luke LaVergne  tw -> 07:00-21:00
    UPDATE 8510-2312577226 2026-09-30 Tavis Alexander  tw -> 07:00-21:00
    UPDATE 8489-2308150703 2026-09-30 Robert Norton  tw -> 07:00-21:00
    UPDATE 8563-2324415777 2026-09-30 Alias Franks  tw -> 07:00-21:00
    UPDATE 8493-2311032818 2026-09-30 Luke LaVergne  tw -> 07:00-21:00
    UPDATE 7475-2337642862 2026-09-30 Tavis Alexander  tw -> 07:00-21:00
    UPDATE 8515-2314137346 2026-09-30 Robert Norton  tw -> 07:00-21:00
    UPDATE 8405-2341325120 2026-09-30 Alias Franks  tw -> 07:00-21:00
    UPDATE 8606-2336571520 2026-09-30 Luke LaVergne  tw -> 07:00-21:00
    UPDATE 7738-2310738973 2026-09-30 Tavis Alexander  tw -> 07:00-21:00
    UPDATE 8576-2326325464 2026-09-30 Robert Norton  tw -> 07:00-21:00
    UPDATE 6567-1751496164 2026-09-30 Tavis Alexander  tw -> 07:00-21:00
    UPDATE 8503-2312509195 2026-09-30 Luke LaVergne  tw -> 07:00-21:00
    UPDATE 8056-2340442771 2026-09-30 Robert Norton  tw -> 07:00-21:00
    UPDATE 8624-2339776529 2026-09-30 Alias Franks  tw -> 07:00-21:00
    UPDATE 8093-2334774031 2026-09-30 Robert Norton  tw -> 07:00-21:00
    UPDATE 7842-2118400741 2026-09-30 Robert Norton  tw -> 07:00-21:00
    UPDATE 8586-2332552730 2026-09-30 Robert Norton  tw -> 07:00-21:00
    UPDATE 7517-2340317395 2026-09-30 Robert Norton  tw -> 07:00-21:00
    UPDATE 8155-2340299054 2026-09-30 Robert Norton  tw -> 07:00-21:00
    UPDATE 8402-2293952348 2026-10-01 Cory Ventura  tw -> 07:00-21:00
    UPDATE 6454-1672990655 2026-10-01 Cory Ventura  tw -> 07:00-21:00
    UPDATE 8577-2326337250 2026-10-01 Alias Franks  tw -> 07:00-21:00
    UPDATE 5433-2246424924 2026-10-01 Cory Ventura  tw -> 07:00-21:00
    UPDATE 6144-1966814355 2026-10-01 Robert Norton  tw -> 07:00-21:00
    UPDATE 5433-2332440386 2026-10-01 Cory Ventura  tw -> 07:00-21:00
    UPDATE 5371-1770764145 2026-10-01 Tavis Alexander  tw -> 07:00-21:00
    UPDATE 7802-2097019415 2026-10-01 Alias Franks  tw -> 07:00-21:00
    UPDATE 7540-1988644198 2026-10-01 Cory Ventura  tw -> 07:00-21:00
    UPDATE 4550-1912591104 2026-10-01 Robert Norton  tw -> 07:00-21:00
    UPDATE 8625-2339786161 2026-10-01 Tavis Alexander  tw -> 07:00-21:00
    UPDATE 7731-2060532831 2026-10-01 Cory Ventura  tw -> 07:00-21:00
    UPDATE 7728-2059905695 2026-10-01 Luke LaVergne  tw -> 07:00-21:00
    UPDATE 8387-2292793845 2026-10-01 Alias Franks  tw -> 07:00-21:00
    UPDATE 8599-2336536001 2026-10-01 Tavis Alexander  tw -> 07:00-21:00
    UPDATE 4979-2343910222 2026-10-01 Cory Ventura  tw -> 07:00-21:00
    UPDATE 8530-2319402958 2026-10-01 Robert Norton  tw -> 07:00-21:00
    UPDATE 5150-1797372340 2026-10-01 Alias Franks  tw -> 07:00-21:00
    UPDATE 8585-2332547341 2026-10-01 Cory Ventura  tw -> 07:00-21:00
    UPDATE 8219-2261194919 2026-10-01 Tavis Alexander  tw -> 07:00-21:00
    UPDATE 7766-2074513654 2026-10-01 Robert Norton  tw -> 07:00-21:00
    UPDATE 5227-1689543698 2026-10-01 Cory Ventura  tw -> 07:00-21:00
    UPDATE 7829-2341892929 2026-10-01 Luke LaVergne  tw -> 07:00-21:00
    UPDATE 5139-2134948191 2026-10-01 Tavis Alexander  tw -> 07:00-21:00
    UPDATE 6990-1846546652 2026-10-01 Alias Franks  tw -> 07:00-21:00
    UPDATE 8478-2308133927 2026-10-01 Robert Norton  tw -> 07:00-21:00
    UPDATE 6322-2333712269 2026-10-01 Cory Ventura  tw -> 07:00-21:00
    UPDATE 6246-1603712605 2026-10-01 Luke LaVergne  tw -> 07:00-21:00
    UPDATE 7812-2104520808 2026-10-01 Tavis Alexander  tw -> 07:00-21:00
    UPDATE 6500-2325559537 2026-10-01 Robert Norton  tw -> 07:00-21:00
    UPDATE 8466-2343957872 2026-10-01 Cory Ventura  tw -> 07:00-21:00
    UPDATE 5007-1650881876 2026-10-01 Alias Franks  tw -> 07:00-21:00
    UPDATE 6737-1803511650 2026-10-01 Luke LaVergne  tw -> 07:00-21:00
    UPDATE 8603-2342577487 2026-10-01 Tavis Alexander  tw -> 07:00-21:00
    UPDATE 8123-2242792405 2026-10-01 Cory Ventura  tw -> 07:00-21:00
    UPDATE 8459-2338300883 2026-10-01 Robert Norton  tw -> 07:00-21:00
    UPDATE 5545-1770762326 2026-10-01 Alias Franks  tw -> 07:00-21:00
    UPDATE 8231-2265621747 2026-10-01 Cory Ventura  tw -> 07:00-21:00
    UPDATE 7961-2199874437 2026-10-01 Robert Norton  tw -> 07:00-21:00
    UPDATE 8418-2342534118 2026-10-01 Tavis Alexander  tw -> 07:00-21:00
    UPDATE 4994-1625952444 2026-10-01 Cory Ventura  tw -> 07:00-21:00
    UPDATE 8620-2338513066 2026-10-01 Luke LaVergne  tw -> 07:00-21:00
    UPDATE 8522-2316822256 2026-10-01 Robert Norton  tw -> 07:00-21:00
    UPDATE 5489-1770746937 2026-10-01 Alias Franks  tw -> 07:00-21:00
    UPDATE 7964-2202841414 2026-10-01 Tavis Alexander  tw -> 07:00-21:00
    UPDATE 7371-2333235764 2026-10-01 Cory Ventura  tw -> 07:00-21:00
    UPDATE 7981-2209169546 2026-10-01 Tavis Alexander  tw -> 07:00-21:00
    UPDATE 8442-2338220032 2026-10-01 Robert Norton  tw -> 07:00-21:00
    UPDATE 8203-2259599865 2026-10-01 Luke LaVergne  tw -> 07:00-21:00
    UPDATE 5381-2334790905 2026-10-01 Alias Franks  tw -> 07:00-21:00
    UPDATE 7739-2062914275 2026-10-01 Cory Ventura  tw -> 07:00-21:00
    UPDATE 7967-2202870037 2026-10-01 Tavis Alexander  tw -> 07:00-21:00
    UPDATE 7837-2325629344 2026-10-01 Robert Norton  tw -> 07:00-21:00
    UPDATE 7967-2333676792 2026-10-01 Tavis Alexander  tw -> 07:00-21:00
    UPDATE 8325-2279119346 2026-10-01 Cory Ventura  tw -> 07:00-21:00
    UPDATE 8074-2232629075 2026-10-01 Alias Franks  tw -> 07:00-21:00
    UPDATE 7979-2207210405 2026-10-01 Tavis Alexander  tw -> 07:00-21:00
    UPDATE 7618-2015370018 2026-10-01 Luke LaVergne  tw -> 07:00-21:00
    UPDATE 7720-2055656882 2026-10-01 Cory Ventura  tw -> 07:00-21:00
    UPDATE 8200-2325661900 2026-10-01 Robert Norton  tw -> 07:00-21:00
    UPDATE 7979-2333664033 2026-10-01 Tavis Alexander  tw -> 07:00-21:00
    UPDATE 5084-1668540637 2026-10-01 Alias Franks  tw -> 07:00-21:00
    UPDATE 7754-2068037140 2026-10-01 Cory Ventura  tw -> 07:00-21:00
    UPDATE 8320-2278465184 2026-10-01 Tavis Alexander  tw -> 07:00-21:00
    UPDATE 7977-2206932324 2026-10-01 Luke LaVergne  tw -> 07:00-21:00
    UPDATE 8512-2337654410 2026-10-01 Robert Norton  tw -> 07:00-21:00
    UPDATE 7880-2152292330 2026-10-01 Cory Ventura  tw -> 07:00-21:00
    UPDATE 7454-2334619212 2026-10-01 Alias Franks  tw -> 07:00-21:00
    UPDATE 8549-2321473218 2026-10-01 Tavis Alexander  tw -> 07:00-21:00
    UPDATE 8516-2314148419 2026-10-01 Cory Ventura  tw -> 07:00-21:00
    UPDATE 8591-2333550296 2026-10-01 Luke LaVergne  tw -> 07:00-21:00
    UPDATE 7672-2037574682 2026-10-01 Robert Norton  tw -> 07:00-21:00
    UPDATE 8386-2292706643 2026-10-01 Alias Franks  tw -> 07:00-21:00
    UPDATE 8331-2280662659 2026-10-01 Tavis Alexander  tw -> 07:00-21:00
    UPDATE 8352-2343367130 2026-10-01 Cory Ventura  tw -> 07:00-21:00
    UPDATE 7937-2190070907 2026-10-01 Luke LaVergne  tw -> 07:00-21:00
    UPDATE 7793-2090028887 2026-10-01 Cory Ventura  tw -> 07:00-21:00
    UPDATE 4929-1620766320 2026-10-01 Robert Norton  tw -> 07:00-21:00
    UPDATE 5106-1699829553 2026-10-01 Tavis Alexander  tw -> 07:00-21:00
    UPDATE 7869-2149304483 2026-10-01 Alias Franks  tw -> 07:00-21:00
    UPDATE 8084-2234979684 2026-10-01 Cory Ventura  tw -> 07:00-21:00
    UPDATE 7406-1924765207 2026-10-01 Robert Norton  tw -> 07:00-21:00
    UPDATE 7823-2107377283 2026-10-01 Tavis Alexander  tw -> 07:00-21:00
    UPDATE 6602-1768237484 2026-10-01 Alias Franks  tw -> 07:00-21:00
    UPDATE 7664-2035604067 2026-10-01 Cory Ventura  tw -> 07:00-21:00
    UPDATE 5594-1613400118 2026-10-01 Robert Norton  tw -> 07:00-21:00
    UPDATE 5751-1870719599 2026-10-01 Tavis Alexander  tw -> 07:00-21:00
    UPDATE 8498-2312074983 2026-10-01 Luke LaVergne  tw -> 07:00-21:00
    UPDATE 4673-1912576295 2026-10-01 Alias Franks  tw -> 07:00-21:00
    UPDATE 8504-2312516791 2026-10-01 Cory Ventura  tw -> 07:00-21:00
    UPDATE 5071-1649894999 2026-10-01 Robert Norton  tw -> 07:00-21:00
    UPDATE 8292-2273511500 2026-10-01 Tavis Alexander  tw -> 07:00-21:00
    UPDATE 8521-2316817002 2026-10-01 Cory Ventura  tw -> 07:00-21:00
    UPDATE 8581-2332428776 2026-10-01 Luke LaVergne  tw -> 07:00-21:00
    UPDATE 7022-1854765762 2026-10-01 Alias Franks  tw -> 07:00-21:00
    UPDATE 4842-2333174831 2026-10-01 Robert Norton  tw -> 07:00-21:00
    UPDATE 8274-2271943456 2026-10-01 Cory Ventura  tw -> 07:00-21:00
    UPDATE 8338-2284287706 2026-10-01 Tavis Alexander  tw -> 07:00-21:00
    UPDATE 8621-2338517158 2026-10-01 Luke LaVergne  tw -> 07:00-21:00
    UPDATE 8058-2230913429 2026-10-01 Cory Ventura  tw -> 07:00-21:00
    UPDATE 8513-2313802299 2026-10-01 Robert Norton  tw -> 07:00-21:00
    UPDATE 7546-1989134982 2026-10-01 Alias Franks  tw -> 07:00-21:00
    UPDATE 7897-2338402064 2026-10-01 Luke LaVergne  tw -> 07:00-21:00
    UPDATE 7531-1972505110 2026-10-01 Tavis Alexander  tw -> 07:00-21:00
    UPDATE 8368-2343511167 2026-10-01 Cory Ventura  tw -> 07:00-21:00
    UPDATE 7529-2338418528 2026-10-01 Luke LaVergne  tw -> 07:00-21:00
    UPDATE 7988-2333573689 2026-10-01 Tavis Alexander  tw -> 07:00-21:00
    UPDATE 8307-2277550493 2026-10-01 Alias Franks  tw -> 07:00-21:00
    UPDATE 6663-1789043686 2026-10-01 Robert Norton  tw -> 07:00-21:00
    UPDATE 7792-2089783694 2026-10-01 Luke LaVergne  tw -> 07:00-21:00
    UPDATE 5502-1771965640 2026-10-01 Tavis Alexander  tw -> 07:00-21:00
    UPDATE 6970-2333433179 2026-10-01 Alias Franks  tw -> 07:00-21:00
    UPDATE 8609-2336578956 2026-10-01 Robert Norton  tw -> 07:00-21:00
    UPDATE 5526-1770768898 2026-10-01 Luke LaVergne  tw -> 07:00-21:00
    UPDATE 6396-2341912324 2026-10-01 Tavis Alexander  tw -> 07:00-21:00
    UPDATE 5099-2340996397 2026-10-01 Alias Franks  tw -> 07:00-21:00
    UPDATE 5152-1651228322 2026-10-01 Robert Norton  tw -> 07:00-21:00
    UPDATE 8076-2335090341 2026-10-01 Luke LaVergne  tw -> 07:00-21:00
    UPDATE 8540-2320735312 2026-10-01 Tavis Alexander  tw -> 07:00-21:00
    UPDATE 6475-1686594166 2026-10-01 Robert Norton  tw -> 07:00-21:00
    UPDATE 8412-2294586506 2026-10-01 Luke LaVergne  tw -> 07:00-21:00
    UPDATE 5040-2343115888 2026-10-01 Robert Norton  tw -> 07:00-21:00
    UPDATE 7832-2112685299 2026-10-01 Luke LaVergne  tw -> 07:00-21:00
    UPDATE 8628-2341463676 2026-10-01 Robert Norton  tw -> 07:00-21:00
    UPDATE 7488-1957237435 2026-10-01 Luke LaVergne  tw -> 07:00-21:00
    UPDATE 7478-1950308795 2026-10-01 Luke LaVergne  tw -> 07:00-21:00
    UPDATE 8232-2334509895 2026-10-01 Luke LaVergne  tw -> 07:00-21:00
    UPDATE 5178-2343127359 2026-10-02 Luke LaVergne  tw -> 07:00-21:00
    UPDATE 7450-1935662819 2026-10-02 Robert Norton  tw -> 07:00-21:00
    UPDATE 8233-2265627932 2026-10-02 Alias Franks  tw -> 07:00-21:00
    UPDATE 7941-2192192470 2026-10-02 Luke LaVergne  tw -> 07:00-21:00
    UPDATE 5201-2340801244 2026-10-02 Tavis Alexander  tw -> 07:00-21:00
    UPDATE 8463-2339076777 2026-10-02 Robert Norton  tw -> 07:00-21:00
    UPDATE 8265-2270506350 2026-10-02 Alias Franks  tw -> 07:00-21:00
    UPDATE 6677-1793387080 2026-10-02 Luke LaVergne  tw -> 07:00-21:00
    UPDATE 8315-2277577684 2026-10-02 Tavis Alexander  tw -> 07:00-21:00
    UPDATE 8604-2336566061 2026-10-02 Alias Franks  tw -> 07:00-21:00
    UPDATE 5053-2338980000 2026-10-02 Robert Norton  tw -> 07:00-21:00
    UPDATE 8091-2236839007 2026-10-02 Luke LaVergne  tw -> 07:00-21:00
    UPDATE 8224-2340885291 2026-10-02 Tavis Alexander  tw -> 07:00-21:00
    UPDATE 7817-2106876956 2026-10-02 Alias Franks  tw -> 07:00-21:00
    UPDATE 7644-2024390321 2026-10-02 Robert Norton  tw -> 07:00-21:00
    UPDATE 6739-1803519882 2026-10-02 Tavis Alexander  tw -> 07:00-21:00
    UPDATE 8545-2321166859 2026-10-02 Luke LaVergne  tw -> 07:00-21:00
    UPDATE 8497-2312053055 2026-10-02 Alias Franks  tw -> 07:00-21:00
    UPDATE 4754-1970472232 2026-10-02 Tavis Alexander  tw -> 07:00-21:00
    UPDATE 6409-1655125377 2026-10-02 Robert Norton  tw -> 07:00-21:00
    UPDATE 8497-2340478685 2026-10-02 Alias Franks  tw -> 07:00-21:00
    UPDATE 8319-2343182859 2026-10-02 Luke LaVergne  tw -> 07:00-21:00
    UPDATE 4504-2340948422 2026-10-02 Tavis Alexander  tw -> 07:00-21:00
    UPDATE 8519-2315673753 2026-10-02 Robert Norton  tw -> 07:00-21:00
    UPDATE 7675-2038425288 2026-10-02 Luke LaVergne  tw -> 07:00-21:00
    UPDATE 8288-2273495403 2026-10-02 Alias Franks  tw -> 07:00-21:00
    UPDATE 7295-1906017383 2026-10-02 Tavis Alexander  tw -> 07:00-21:00
    UPDATE 8542-2321110291 2026-10-02 Luke LaVergne  tw -> 07:00-21:00
    UPDATE 8543-2321124683 2026-10-02 Alias Franks  tw -> 07:00-21:00
    UPDATE 8597-2336532011 2026-10-02 Robert Norton  tw -> 07:00-21:00
    UPDATE 5325-2340969255 2026-10-02 Tavis Alexander  tw -> 07:00-21:00
    UPDATE 5829-1912222273 2026-10-02 Robert Norton  tw -> 07:00-21:00
    UPDATE 7497-1959126740 2026-10-02 Luke LaVergne  tw -> 07:00-21:00
    UPDATE 8520-2315764537 2026-10-02 Alias Franks  tw -> 07:00-21:00
    UPDATE 8508-2312563235 2026-10-02 Tavis Alexander  tw -> 07:00-21:00
    UPDATE 8531-2319430913 2026-10-02 Robert Norton  tw -> 07:00-21:00
    UPDATE 8556-2322166447 2026-10-02 Alias Franks  tw -> 07:00-21:00
    UPDATE 8444-2343374584 2026-10-02 Luke LaVergne  tw -> 07:00-21:00
    UPDATE 7841-2341023326 2026-10-02 Tavis Alexander  tw -> 07:00-21:00
    UPDATE 8046-2226614716 2026-10-02 Alias Franks  tw -> 07:00-21:00
    UPDATE 4545-1912594496 2026-10-02 Robert Norton  tw -> 07:00-21:00
    UPDATE 8582-2332442778 2026-10-02 Luke LaVergne  tw -> 07:00-21:00
    UPDATE 5441-1770743224 2026-10-02 Alias Franks  tw -> 07:00-21:00
    UPDATE 5458-1770745579 2026-10-02 Robert Norton  tw -> 07:00-21:00
    UPDATE 5412-1850003046 2026-10-02 Luke LaVergne  tw -> 07:00-21:00
    UPDATE 8594-2333955320 2026-10-02 Alias Franks  tw -> 07:00-21:00
    UPDATE 8617-2338499448 2026-10-02 Robert Norton  tw -> 07:00-21:00
    UPDATE 6088-2341049516 2026-10-02 Tavis Alexander  tw -> 07:00-21:00
    UPDATE 8156-2248881713 2026-10-02 Alias Franks  tw -> 07:00-21:00
    UPDATE 6275-1608836567 2026-10-02 Robert Norton  tw -> 07:00-21:00
    UPDATE 5574-1771985991 2026-10-02 Luke LaVergne  tw -> 07:00-21:00
    UPDATE 7011-1852006764 2026-10-02 Alias Franks  tw -> 07:00-21:00
    UPDATE 7270-1902157899 2026-10-02 Tavis Alexander  tw -> 07:00-21:00
    UPDATE 7306-1909016237 2026-10-02 Robert Norton  tw -> 07:00-21:00
    UPDATE 8430-2297632428 2026-10-02 Luke LaVergne  tw -> 07:00-21:00
    UPDATE 6355-1637516859 2026-10-02 Alias Franks  tw -> 07:00-21:00
    UPDATE 6416-1656780606 2026-10-02 Tavis Alexander  tw -> 07:00-21:00
    UPDATE 6287-2119598724 2026-10-02 Robert Norton  tw -> 07:00-21:00
    UPDATE 6919-1832480808 2026-10-02 Alias Franks  tw -> 07:00-21:00
    UPDATE 7472-2340746092 2026-10-02 Tavis Alexander  tw -> 07:00-21:00
    UPDATE 6338-1625735232 2026-10-02 Luke LaVergne  tw -> 07:00-21:00
    UPDATE 8256-2268932061 2026-10-02 Alias Franks  tw -> 07:00-21:00
    UPDATE 8484-2308142907 2026-10-02 Robert Norton  tw -> 07:00-21:00
    UPDATE 8276-2343826204 2026-10-02 Luke LaVergne  tw -> 07:00-21:00
    UPDATE 7388-2340680150 2026-10-02 Tavis Alexander  tw -> 07:00-21:00
    UPDATE 8547-2321191933 2026-10-02 Alias Franks  tw -> 07:00-21:00
    UPDATE 5982-1911293152 2026-10-02 Robert Norton  tw -> 07:00-21:00
    UPDATE 7632-2019823575 2026-10-02 Tavis Alexander  tw -> 07:00-21:00
    UPDATE 8416-2295550512 2026-10-02 Luke LaVergne  tw -> 07:00-21:00
    UPDATE 8014-2219801348 2026-10-02 Alias Franks  tw -> 07:00-21:00
    UPDATE 7589-2007776455 2026-10-02 Alias Franks  tw -> 07:00-21:00
    UPDATE 7477-2340646412 2026-10-02 Tavis Alexander  tw -> 07:00-21:00
    UPDATE 4614-1912586956 2026-10-02 Alias Franks  tw -> 07:00-21:00
    UPDATE 8258-2268935171 2026-10-02 Tavis Alexander  tw -> 07:00-21:00
    UPDATE 8321-2278514668 2026-10-02 Alias Franks  tw -> 07:00-21:00
    UPDATE 8496-2311099032 2026-10-02 Tavis Alexander  tw -> 07:00-21:00
    UPDATE 8249-2267634767 2026-10-02 Alias Franks  tw -> 07:00-21:00
    UPDATE 8460-2340565074 2026-10-02 Tavis Alexander  tw -> 07:00-21:00
    UPDATE 8213-2340430931 2026-10-02 Tavis Alexander  tw -> 07:00-21:00
    UPDATE 8528-2317029218 2026-10-02 Tavis Alexander  tw -> 07:00-21:00

driver availability: 09-28: Alias/Cory/Luke/Robert/Tavis   09-29: Alias/Cory/Luke/Robert/Tavis   09-30: Alias/Cory/Luke/Robert/Tavis   10-01: Alias/Cory/Luke/Robert/Tavis   10-02: Alias/Luke/Robert/Tavis

DRY RUN — nothing written. Planning and time write-back happen only with --execute. Log: C:\Agentic-os-got-moles\projects\briefs\route-engine\redesign\ops\2026-09-28_week\sync-plan-times.log
