window 2026-08-14..2026-10-16  jobs 1063  visits 4290  asOf 2026-09-18

DELIVERED cadence (consecutive completed-visit gaps, unattributed)
  TMCP       {"n":1403,"median":7,"p25":7,"p75":9,"min":3,"max":34,"shareWeekly":80,"shareMonthlyish":4.1}
  Quick Fix  {"n":476,"median":7,"p25":7,"p75":7,"min":3,"max":23,"shareWeekly":99.6,"shareMonthlyish":0}
  all        {"n":1925,"median":7,"p25":7,"p75":8,"min":3,"max":34,"shareWeekly":85.1,"shareMonthlyish":3}

BOOKED-NEXT interval after last completed visit, BY TRIGGER (1 row/job).
  NOTE: every row here is a SCHEDULED date, never a delivered one (bookedOnly=true).
trigger                                 n    med    p25    p75  %<=10d
quiet (None, no catch/miss)           446      9      7     25    55.2
catch                                 138     14      7     26      37
activity Low (no catch/miss)          104     14      7     21    45.2
miss (no catch)                       104     14      7   25.5    44.2
activity Moderate (no catch/miss)      13     14     13     21    23.1
activity High (no catch/miss)           5     14      7     27      40

  TMCP only:
  quiet (None, no catch/miss)         324     14      7     28    40.4
  catch                               136     14      7   26.3    37.5
  activity Low (no catch/miss)        101     14      7     21    43.6
  miss (no catch)                      98     14      7   26.5    42.9
  activity Moderate (no catch/miss)    12     14   13.8     22    16.7
  activity High (no catch/miss)         5     14      7     27      40

NOTES CROSS-CHECK (true per-visit state, 40-job sample)  rows=172  {"next note":148,"next scheduled visit":20,"next completed visit":4}
  -- all rows --
  quiet (None, no catch/miss)          51      9  %<=10d 51
  activity Low (no catch/miss)         46      7  %<=10d 89.1
  miss (no catch)                      37      7  %<=10d 94.6
  catch                                29      8  %<=10d 62.1
  activity Moderate (no catch/miss)     4      7  %<=10d 100
  unknown                               3      7  %<=10d 100
  activity High (no catch/miss)         2    6.5  %<=10d 100
  -- DELIVERED rows only (the follow-up actually happened) --
  activity Low (no catch/miss)         43      7  p25 7 p75 7  %<=10d 88.4
  quiet (None, no catch/miss)          42      7  p25 7 p75 16  %<=10d 57.1
  miss (no catch)                      36      7  p25 7 p75 7  %<=10d 94.4
  catch                                22    7.5  p25 7 p75 11.5  %<=10d 72.7
  activity Moderate (no catch/miss)     4      7  p25 6.8 p75 7  %<=10d 100
  unknown                               3      7  p25 7 p75 7.5  %<=10d 100
  activity High (no catch/miss)         2    6.5  p25 6.3 p75 6.8  %<=10d 100
  -- by Next Action written on the note --
  Add visit                            83      7  %<=10d 89.2
  Monthly                              17     28  %<=10d 11.8
  Add visit 1 week                     15      7  %<=10d 93.3
  2 weeks                              11     14  %<=10d 9.1
  Add visit 2 week                      5     16  %<=10d 0

QUICK FIX all       {"jobs":274,"visitsPerJob":{"n":274,"median":5,"p25":2,"p75":5,"min":0,"max":6,"shareWeekly":100,"shareMonthlyish":0},"spacingDays":{"n":757,"median":7,"p25":7,"p75":7,"min":3,"max":23,"shareWeekly":99.1,"shareMonthlyish":0},"ranPastFiveScheduled":19,"ranPastFiveCompleted":0,"completedFiveOrMore":46,"stillHaveFutureVisit":116,"archived":150,"shareSpacingWeeklyPct":99.1,"withAnyCompleted":237}
QUICK FIX clean     {"jobs":134,"visitsPerJob":{"n":134,"median":5,"p25":5,"p75":5,"min":3,"max":6,"shareWeekly":100,"shareMonthlyish":0},"spacingDays":{"n":543,"median":7,"p25":7,"p75":7,"min":3,"max":11,"shareWeekly":99.4,"shareMonthlyish":0},"ranPastFiveScheduled":11,"ranPastFiveCompleted":0,"completedFiveOrMore":31,"stillHaveFutureVisit":108,"archived":22,"shareSpacingWeeklyPct":99.4,"withAnyCompleted":131}

TMCP QUIET {"quietJobs":324,"forwardInterval":{"n":324,"median":14,"p25":7,"p75":28,"min":4,"max":42,"shareWeekly":40.4,"shareMonthlyish":34.3},"allTmcpCompletedIntervals":{"n":1403,"median":7,"p25":7,"p75":9,"min":3,"max":34,"shareWeekly":80,"shareMonthlyish":4.1},"weekdayHoldPct":66.6,"techHoldPct":83.2,"jobsMeasuredForHold":728,"jobsWith100PctDowHold":169}

SEASONALITY (TMCP; denominator for the rate column = 722 TMCP jobs with a completed visit 08-17..09-17)
  2026-08-17  visits= 449  weekly   100%  median    7d  visits/job 0.622  implied  11.3d  fieldDays 5  v/fieldDay   89.8  rate@5d 0.622  <<BIASED
  2026-08-24  visits= 444  weekly  97.5%  median    7d  visits/job 0.615  implied  11.4d  fieldDays 5  v/fieldDay   88.8  rate@5d 0.615
  2026-08-31  visits= 422  weekly  82.8%  median    7d  visits/job 0.584  implied    12d  fieldDays 5  v/fieldDay   84.4  rate@5d 0.584
  2026-09-07  visits= 321  weekly  84.7%  median    7d  visits/job 0.445  implied  15.7d  fieldDays 4  v/fieldDay   80.3  rate@5d 0.556
  2026-09-14  visits= 405  weekly  53.5%  median    8d  visits/job 0.561  implied  12.5d  fieldDays 5  v/fieldDay     81  rate@5d 0.561  <<PARTIAL

OVERDUE as of 2026-09-18
  active jobs 881  unsatisfied 403  hard overdue 129  no future visit 81
  unsatisfied by product    {"TMCP":393,"Quick Fix":5,"Barter":4,"Friends and family":1}
  unsatisfied by NextAction {"Add visit":355,"2 weeks":33,"Monthly":15}
  unsatisfied by trigger    {"quiet (None, no catch/miss)":181,"catch":85,"activity Low (no catch/miss)":63,"miss (no catch)":61,"activity Moderate (no catch/miss)":10,"activity High (no catch/miss)":3}
  hard overdue by product   {"TMCP":125,"Barter":3,"Friends and family":1}
  unsatisfied by route-day:
    Robert Norton / wed         23
    Tavis Alexander / wed       23
    Cory Ventura / mon          22
    Tavis Alexander / fri       22
    Tavis Alexander / thu       21
    Robert Norton / thu         20
    Tavis Alexander / tue       19
    Tavis Alexander / mon       19
    Alias Franks / mon          18
    Robert Norton / tue         18
    Luke LaVergne / mon         18
    Cory Ventura / wed          17
    Luke LaVergne / fri         16
    Alias Franks / tue          16
    Cory Ventura / fri          15
    Cory Ventura / tue          15
    Luke LaVergne / tue         14
    Cory Ventura / thu          14
    Alias Franks / wed          14
    Luke LaVergne / thu         13
    Alias Franks / thu          12
    Robert Norton / fri         11
    Alias Franks / fri          11
    Robert Norton / mon         6
    Luke LaVergne / wed         6
  hard overdue by route-day:
    Cory Ventura / wed          11
    Tavis Alexander / thu       9
    Luke LaVergne / fri         8
    Cory Ventura / tue          8
    Alias Franks / thu          7
    Robert Norton / tue         7
    Tavis Alexander / tue       7
    Tavis Alexander / wed       7
    Cory Ventura / thu          6
    Alias Franks / wed          6
    Luke LaVergne / mon         6
    Luke LaVergne / thu         5
    Robert Norton / fri         5
    Tavis Alexander / fri       5
    Robert Norton / thu         5
    Robert Norton / wed         4
    Tavis Alexander / mon       4
    Cory Ventura / mon          4
    Alias Franks / tue          4
    Luke LaVergne / tue         3
    Alias Franks / mon          2
    Cory Ventura / fri          2
    Robert Norton / mon         2
    Alias Franks / fri          1
    Luke LaVergne / wed         1
  worst 10: #4929 35d miss (no catch) | #6649 35d miss (no catch) | #7529 32d catch | #7824 32d catch | #7788 31d activity Low (no catch/miss) | #7797 31d catch | #5099 30d miss (no catch) | #6677 30d activity Low (no catch/miss) | #7058 30d catch | #7063 30d quiet (None, no catch/miss)
