[cross-check] completed-visits file: 2793 rows, 0 absent from visits.json, 0 tech disagreements
[window] completed visits 2026-08-14 .. 2026-09-18 (5.14 weeks)
[cadence] observed weekly rate, product medians {"TMCP":0.583,"BARTER":0.389,"QUICK_FIX":0.583,"OTHER":0.389,"BID_OR_EMPTY":0.778}; 66 future-only jobs used the fallback
[cadence] cross-check, spacing-derived medians {"TMCP":0.667,"BARTER":0.5835,"QUICK_FIX":1,"OTHER":1,"BID_OR_EMPTY":1}
[cadence] 2924 completed visits / 5.14 weeks = 568.6 actual visits per week
[diagnostic] weekday share among 773 multi-visit jobs: {"1.00":351,"0.80-0.99":31,"0.60-0.79":186,"0.50-0.59":146,"<0.50":59}
[diagnostic] distinct weekdays per multi-visit job: {"1":351,"2":303,"3":98,"4":19,"5":2}
[diagnostic] completed-visit count distribution: {"2":178,"3":218,"4":212,"5":148,"6":17}

=== STABILITY CLASSES ===
  STABLE       345  32.5%
  DAY-FLIP     291  27.4%
  SINGLE       224  21.1%
  BOTH-FLIP    100  9.4%
  NONE          66  6.2%
  TECH-FLIP     37  3.5%
  INFERRED (subset of NONE): 66
  unassigned (no route-day at all): 0

=== HANDOVERS ===
  Robert Norton -> Cory Ventura: 5 jobs; dates {"2026-09-08":3,"2026-08-24":1,"2026-08-27":1}
  Alias Franks -> Tavis Alexander: 28 jobs; dates {"2026-08-21":19,"2026-09-03":1,"2026-08-28":2,"2026-08-27":1,"2026-08-25":4,"2026-09-10":1}
  Tavis Alexander -> Cory Ventura: 9 jobs; dates {"2026-09-03":4,"2026-08-27":4,"2026-09-09":1}
  Cory Ventura -> Robert Norton: 7 jobs; dates {"2026-09-11":1,"2026-09-04":2,"2026-08-18":1,"2026-09-03":1,"2026-08-26":1,"2026-08-25":1}
  Cory Ventura -> Alias Franks: 1 jobs; dates {"2026-08-28":1}
  Cory Ventura -> Tavis Alexander: 12 jobs; dates {"2026-08-26":5,"2026-08-19":2,"2026-09-09":1,"2026-08-28":3,"2026-08-25":1}
  Tavis Alexander -> Alias Franks: 4 jobs; dates {"2026-08-31":1,"2026-09-08":3}
  Luke LaVergne -> Robert Norton: 6 jobs; dates {"2026-08-27":1,"2026-08-20":5}
  Luke LaVergne -> Cory Ventura: 3 jobs; dates {"2026-08-19":3}
  Cory Ventura -> Luke LaVergne: 3 jobs; dates {"2026-09-01":1,"2026-09-04":2}

=== ROUTE-DAY LOAD ===
  tech               dow  jobs  actv  stab infer  flip  wkEqVis  min/stop  hours
  Alias Franks       mon    47    38     6     2    30     26.1      19.2    8.4
  Alias Franks       tue    54    38    33     4     3       28      23.6     11
  Alias Franks       wed    40    34    22     2     7     24.1      28.3   11.4
  Alias Franks       thu    38    34    19     2     5     22.9      25.3    9.7
  Alias Franks       fri    44    37    26     6     4     26.4      22.4    9.8
  Cory Ventura       mon    62    54     6     2    48     40.2      12.8    8.6
  Cory Ventura       tue    34    33     1     0    25     14.2      15.1    3.6
  Cory Ventura       wed    40    36     3     0    23     19.8      15.2      5
  Cory Ventura       thu    33    32     0     0    27     20.6        16    5.5
  Cory Ventura       fri    54    45     0     0    49     33.8      15.5    8.7
  Luke LaVergne      mon    49    42    11     3    21     23.3      22.1    8.6
  Luke LaVergne      tue    31    27     9     4    10     17.9      28.9    8.6
  Luke LaVergne      wed    32    25    23     4     0     18.3      32.1    9.8
  Luke LaVergne      thu    37    35    11     2    13     19.4      27.4    8.9
  Luke LaVergne      fri    39    28     9     2    21     22.4        20    7.5
  Robert Norton      mon    20    18     1     0    17     14.6      21.5    5.2
  Robert Norton      tue    36    33    18     2     6       21      19.9      7
  Robert Norton      wed    40    36    19     2    10     23.1      20.1    7.7
  Robert Norton      thu    44    34    25     3     5     26.6      21.1    9.4
  Robert Norton      fri    53    40    17     7    22     29.4      23.7   11.6
  Tavis Alexander    mon    50    42     4     2    37       28      16.4    7.6
  Tavis Alexander    tue    53    37    12     9    21     31.3      18.2    9.5
  Tavis Alexander    wed    37    30    21     4     7     23.9        15      6
  Tavis Alexander    thu    50    37    16     2    13     24.3      18.7    7.6
  Tavis Alexander    fri    46    41    33     2     4       26      21.1    9.2
  TOTAL: 1063 jobs, 605.6 weekly-equivalent visits, 205.9 h/week

wrote C:\Agentic-os-got-moles\projects\briefs\route-engine\redesign\data\master-asbuilt.json
