[write-gate] WRITES ENABLED until 2026-09-19T23:31:15.514Z (spenc@Got-Moles: Tavis Friday 09-25 runs late: extend window, re-plan Friday, write times (Spencer 16:00)) — ceiling 200/run — run 356ebc7c
=== FRIDAY LATE 2026-09-19 16:06:28 PT === mode LIVE  Tavis Alexander 2026-09-25 work window to 20:30
Friday visits in Jobber: 140  (Tavis Alexander: 40)
  now  Alias Franks        27 stops  616 min  last 16:02
  now  Cory Ventura        22 stops  426 min  last 13:23
  now  Luke LaVergne       25 stops  574 min  last 16:06
  now  Robert Norton       26 stops  570 min  last 16:02
  now  Tavis Alexander     36 stops  718 min  last 18:17
start_planning 2026-09-25 balancing OFF startWith EMPTY
  plan Alias Franks        27 stops  616 min  last 16:02
  plan Cory Ventura        22 stops  426 min  last 13:23
  plan Luke LaVergne       25 stops  574 min  last 16:06
  plan Robert Norton       26 stops  570 min  last 16:02
  plan Tavis Alexander     36 stops  718 min  last 18:17
  ⚠ still unscheduled: Tavis #8058, Tavis #8368, Tavis #4979, Tavis #8123
  [1] 08:22 #8325 Tavis    Maryanne Zukowski            was 08:38  ok
  [2] 08:38 #7739 Tavis    Joey Deluca                  was 08:22  ok
  [3] 13:42 #8390 Tavis    Jane Molenda                 was 14:00  ok
  [4] 13:59 #7430 Tavis    Darren Bartels               was 13:43  ok
  [5] 17:23 #8585 Tavis    Jan Sterling                 was 17:41  ok
  [6] 17:40 #5227 Tavis    Jana Wilson                  was 17:24  ok

written 6  unchanged 130
✅ done 2026-09-19 16:06:40 PT — now run the arrival-window sweep.
