=== LEVEL WEEK (layer 1) 2026-09-19 13:34:39 PT ===
board pulled 2026-09-19T20:05:09.567Z
593 rows pulled, 1 duplicate row(s) dropped, 592 visits, 7 names on the board
pre-existing same-job-same-day pairs: 4

Alias Franks: 113 visits, 106 movable, workdays mon/tue/wed/thu/fri
  pass 1: cost 3012  moves 41  swaps 52  hours 9.9 9.4 10.6 9.7 10.4
  pass 2: cost 2208  moves 46  swaps 81  hours 9.9 10.0 10.0 9.7 9.9
  pass 3: cost 2038  moves 48  swaps 102  hours 9.7 10.0 10.0 9.6 9.9
  pass 4: cost 1927  moves 49  swaps 118  hours 10.0 10.0 9.6 9.6 9.9
  pass 5: cost 1908  moves 49  swaps 128  hours 10.0 10.0 9.6 9.6 9.9
  pass 6: cost 1903  moves 49  swaps 135  hours 10.0 10.0 9.6 9.6 9.9
  pass 7: cost 1902  moves 49  swaps 137  hours 10.0 10.0 9.6 9.6 9.9
  pass 8: cost 1902  moves 49  swaps 137  hours 10.0 10.0 9.6 9.6 9.9
  cap unreachable — no day left with room under 9 h
  before 11.9 2.8 15.0 7.1 16.0  ->  after 10.0 10.0 9.6 9.6 9.9   spread 13.2 -> 0.5   moves 61

Cory Ventura: 132 visits, 122 movable, workdays mon/tue/wed/thu/fri
  pass 1: cost 495  moves 11  swaps 9  hours 8.7 8.6 8.6 8.9 8.7
  pass 2: cost 492  moves 13  swaps 13  hours 8.7 8.8 8.5 8.6 8.7
  pass 3: cost 492  moves 13  swaps 14  hours 8.7 8.9 8.5 8.6 8.7
  pass 4: cost 492  moves 13  swaps 15  hours 8.7 8.8 8.5 8.6 8.7
  pass 5: cost 492  moves 13  swaps 15  hours 8.7 8.8 8.5 8.6 8.7
  before 8.6 10.5 6.8 8.9 8.2  ->  after 8.4 8.8 8.5 8.6 7.9   spread 3.6 -> 0.9   moves 13

Courtney: FROZEN (4 visits) — no home on file, stop counts only
Luke LaVergne: 105 visits, 95 movable, workdays mon/tue/wed/thu/fri
  pass 1: cost 2389  moves 21  swaps 28  hours 9.8 10.1 9.8 10.3 9.0
  pass 2: cost 1961  moves 25  swaps 40  hours 9.8 10.0 9.1 10.3 9.3
  pass 3: cost 1602  moves 28  swaps 42  hours 9.8 9.5 9.9 9.8 9.3
  pass 4: cost 1600  moves 28  swaps 45  hours 9.8 9.5 9.9 9.8 9.3
  pass 5: cost 1598  moves 28  swaps 51  hours 9.8 9.5 9.9 9.8 9.3
  pass 6: cost 1598  moves 28  swaps 52  hours 9.8 9.5 9.9 9.8 9.3
  pass 7: cost 1598  moves 28  swaps 52  hours 9.8 9.5 9.9 9.8 9.3
  cap unreachable — no day left with room under 9 h
  before 11.3 5.3 12.2 13.0 9.4  ->  after 9.8 9.5 9.9 9.8 9.1   spread 7.7 -> 0.8   moves 29

Robert Norton: 121 visits, 120 movable, workdays mon/tue/wed/thu/fri
  pass 1: cost 414  moves 27  swaps 43  hours 8.6 8.6 8.3 8.2 8.4
  pass 2: cost 365  moves 30  swaps 58  hours 8.4 8.6 8.4 8.3 8.6
  pass 3: cost 351  moves 36  swaps 70  hours 8.4 8.9 8.6 8.3 8.6
  pass 4: cost 341  moves 37  swaps 80  hours 8.5 8.7 8.7 8.4 8.6
  pass 5: cost 337  moves 39  swaps 86  hours 8.5 8.5 8.6 8.7 8.6
  pass 6: cost 332  moves 39  swaps 92  hours 8.5 8.5 8.6 8.5 8.6
  pass 7: cost 331  moves 39  swaps 93  hours 8.5 8.5 8.6 8.5 8.7
  pass 8: cost 331  moves 39  swaps 93  hours 8.5 8.5 8.6 8.5 8.7
  before 6.5 11.2 5.3 6.7 12.9  ->  after 8.5 8.4 8.3 8.5 8.6   spread 7.6 -> 0.3   moves 54

Spencer Hill: 79 visits, 73 movable, workdays mon/tue/wed/thu
  pass 1: cost 385  moves 17  swaps 17  hours 7.8 8.0 8.0 8.3
  pass 2: cost 371  moves 23  swaps 25  hours 7.8 8.0 8.0 8.3
  pass 3: cost 360  moves 26  swaps 30  hours 7.8 7.9 8.1 7.9
  pass 4: cost 357  moves 29  swaps 32  hours 8.0 7.7 8.1 7.9
  pass 5: cost 354  moves 31  swaps 33  hours 8.1 7.7 8.1 7.9
  pass 6: cost 354  moves 31  swaps 33  hours 8.1 7.7 8.1 7.9
  before 4.9 7.8 7.6 10.8  ->  after 8.1 7.2 7.9 8.0   spread 5.9 -> 0.8   moves 25

Tavis Alexander: FROZEN (38 visits)
islands: 48 candidates, 10 save km and keep the owner under the cap (56.67 km)

TOTALS  moves 182   overtime 39.68 h -> 11.7 h   flags 95
wrote leveled-plan.json
wrote leveled-plan.md
