=== REPLAN 2026-09-19 12:51:59 PT ===

2026-09-21
  Luke LaVergne       20 stops   562 min   227 km  first 07:39  last 15:22
  Robert Norton       18 stops   436 min   116 km  first 07:13  last 13:55
  Alias Franks        29 stops   716 min   202 km  first 06:56  last 18:08
  Cory Ventura        27 stops   661 min   262 km  first 07:51  last 16:54
  Spencer Hill        18 stops   650 min   347 km  first 07:41  last 16:59
  unscheduled: none

2026-09-22
  Luke LaVergne       10 stops   352 min   154 km  first 07:35  last 12:05
  Robert Norton       31 stops   622 min    94 km  first 07:09  last 16:58
  Alias Franks         6 stops   337 min   210 km  first 07:15  last 11:17
  Cory Ventura        32 stops   701 min   205 km  first 07:39  last 17:45
  Spencer Hill        18 stops   602 min   283 km  first 07:40  last 16:16
  unscheduled: Robert Norton 6

2026-09-23
  Luke LaVergne       20 stops   698 min   293 km  first 07:34  last 17:47
  Robert Norton       16 stops   393 min   116 km  first 07:06  last 13:13
  Alias Franks        29 stops   708 min   193 km  first 07:06  last 18:06
  Cory Ventura        17 stops   491 min   249 km  first 07:46  last 14:04
  Spencer Hill        19 stops   423 min   146 km  first 07:22  last 13:28
  unscheduled: Alias Franks 2

2026-09-24
  Luke LaVergne       27 stops   682 min   227 km  first 07:42  last 17:29
  Robert Norton       19 stops   452 min   121 km  first 07:30  last 14:11
  Alias Franks        11 stops   321 min   139 km  first 07:16  last 11:19
  Cory Ventura        26 stops   609 min   248 km  first 07:35  last 16:08
  Spencer Hill        30 stops   658 min   206 km  first 07:37  last 17:17
  unscheduled: none

done — log: C:\Agentic-os-got-moles\projects\briefs\route-engine\redesign\ops\2026-09-21_swap\replan.log
