[write-gate] WRITES ENABLED until 2026-09-23T00:33:53.922Z (spenc@Got-Moles: Robert Wed 09-23 reversed: Kent 07:00 -> Algona (Spencer 17:30)) — ceiling 200/run — run 75721f3c
inserted 8596-2336529776 (5811 Frances Avenue Northeast, Tacoma, Washington, 98422) after stop 6
  07:00  8155-2333507820    15m  25626 Lake Fenwick Road, Kent, Washington, 98032
  07:18  7517-2333479975    15m  27538 46th Avenue South, Auburn, Washington, 98001
  07:40  8586-2332552725    15m  2505 South 299th Street, Federal Way, Washington, 98003
  08:04  8393-2334761385    15m  2121 Southwest 309th Court, Federal Way, Washington, 98023
  08:23  8056-2322087029    15m  31500 33rd Place Southwest, Federal Way, Washington, 98023
  08:47  8489-2308151696    15m  1518 52nd Street Northeast, Tacoma, Washington, 98422
  09:05  8596-2336529776    30m  5811 Frances Avenue Northeast, Tacoma, Washington, 98422
  09:41  7247-1899450454    15m  3929 Blossom Drive Northeast, Tacoma, Washington, 98422
  10:01  6649-1783833893    15m  3326 43rd Place Northeast, Tacoma, Washington, 98422
  10:22  8159-2250286140    15m  1409 Southwest 349th Street, Federal Way, Washington, 98023
  10:42  8515-2314137341    15m  33402 4th Court Southwest, Federal Way, Washington, 98023
  11:01  8576-2326325461    15m  514 Southwest 326th Street, Federal Way, Washington, 98023
  11:21  7476-2334927737    15m  34420 9th Avenue South, Federal Way, Washington, 98003
  11:42  8568-2325548233    15m  36203 22nd Place South, Federal Way, Washington, 98003
  12:06  6840-1819626452    15m  2301 9th Avenue, Milton, Washington, 98354
  12:29  7617-2015185249    15m  1601 Industrial Parkway, Puyallup, Washington, 98371
  12:49  5672-2315672398    15m  10808 Valley Avenue East, Puyallup, Washington, 98372
  13:08  8381-2290523384    15m  5816 117th Avenue Court East, Puyallup, Washington, 98372
  13:25  4741-2322521373    15m  11317 Valley Ave. E, Puyallup, Washington, 98372
  13:43  7701-2077824756    15m  11210 45th Street East, Edgewood, Washington, 98372
  14:03  5369-2335024678    15m  3021 110th Avenue East, Edgewood, Washington, 98372
  14:21  8626-2339788275    30m  10510 33rd Street East, Edgewood, Washington, 98372
  14:59  8415-2334974233    15m  37809 26th Drive South, Federal Way, Washington, 98003
  15:17  8395-2293212664    15m  37514 34th Avenue South, Auburn, Washington, 98001
  15:35  8438-2322366938    15m  38215 42nd Avenue South, Auburn, Washington, 98001
  15:54  8100-2239936896    15m  4419 South 372nd Street, Auburn, Washington, 98001
  16:13  7548-2322348112    15m  5605 South 362nd Place, Auburn, Washington, 98001
  16:33  6382-2334561585    15m  35024 37th Avenue South, Auburn, Washington, 98001
  16:52  7713-2054378854    15m  33704 Military Road South, Auburn, Washington, 98001
day ends ~17:07 at 33704 Military Road South, Auburn, Washington, 98001
  wrote 07:00 #8155 Bac Walker  was 16:44  ok
  wrote 07:18 #7517 Balbir Houthi  was 16:25  ok
  wrote 07:40 #8586 Deidre Moore  was 16:03  ok
  wrote 08:04 #8393 Dan Haeck  was 15:37  ok
  wrote 08:23 #8056 Madera West Condos  was 15:16  ok
  wrote 08:47 #8489 Jason Kjellesvik  was 14:50  ok
  wrote 09:05 #8596 Barbara Kupietz  was 17:21  ok
  wrote 09:41 #7247 Lynn Clapp  was 14:31  ok
  wrote 10:01 #6649 Theresa  Hall  was 14:13  ok
  wrote 10:22 #8159 Jonae  was 13:51  ok
  wrote 10:42 #8515 Dean Shull  was 13:30  ok
  wrote 11:01 #8576 Kevin Voelker  was 13:11  ok
  wrote 11:21 #7476 Craig Koester  was 12:49  ok
  wrote 11:42 #8568 Dorthya Dunford  was 12:29  ok
  wrote 12:06 #6840 Bill Harris  was 12:06  ok
  wrote 12:29 #7617 Prologis - Sumner Landing  was 11:42  ok
  wrote 12:49 #5672 Rachel Brouhard  was 11:22  ok
  wrote 13:08 #8381 Michael Colella  was 11:04  ok
  wrote 13:25 #4741 Ron Krebbs  was 10:47  ok
  wrote 13:43 #7701 Susan Mcdonald  was 10:27  ok
  wrote 14:03 #5369 Chris Doll  was 10:07  ok
  wrote 14:21 #8626 Isabella Kestner  was 09:34  ok
  wrote 14:59 #8415 Kevin Mcginnity  was 09:13  ok
  wrote 15:17 #8395 Beverly Worthen  was 08:55  ok
  wrote 15:35 #8438 Jay Poole  was 08:37  ok
  wrote 15:54 #8100 Melissa Weythman  was 08:19  ok
  wrote 16:13 #7548 HyperGreen Landscaping  was 08:00  ok
  wrote 16:33 #6382 Jared Haines  was 07:40  ok
  wrote 16:52 #7713 Scott Fritschle  was 07:21  ok
OptimoRoute after re-plan: 27 stops, first 07:24 at 27538 46th Avenue South, Auburn, Washington, 98001, last 16:38 at 33704 Military Road South, Auburn, Washington, 98001
sequence matches Jobber: false
✅ done, 29 Jobber times written
