[write-gate] WRITES ENABLED until 2026-09-20T01:31:20.982Z (spenc@Got-Moles: First job 07:00 for everyone: 07:00-21:00 window on every order, re-plan Mon-Fri, write times (Spencer 16:35)) — ceiling 1500/run — run c0b125eb
=== SYNC + PLAN + TIMES 2026-09-19 16:31:21 PT ===
mode: LIVE (--execute)   window: 2026-09-21..2026-09-25
live Jobber: 592 visits, 592 not complete, 592 on a routed driver, 0 skipped (no tech / not a driver)
  2026-09-21  Alias 28  Robert 30  Luke 29  Cory 26  Spencer 29
  2026-09-22  Robert 28  Alias 23  Cory 25  Luke 17
  2026-09-23  Alias 22  Spencer 27  Robert 28  Luke 20  Cory 25
  2026-09-24  Cory 24  Robert 25  Alias 22  Luke 24
  2026-09-25  Luke 25  Robert 26  Cory 22  Tavis 40  Alias 27

OptimoRoute: 592 orders in the window
  CREATE 0   UPDATE 592   DELETE 0   unchanged 0
    UPDATE 8455-2303096703 2026-09-21 Alias Franks  tw -> 07:00-21:00
    UPDATE 4711-2325424271 2026-09-21 Robert Norton  tw -> 07:00-21:00
    UPDATE 8060-2325295808 2026-09-21 Alias Franks  tw -> 07:00-21:00
    UPDATE 5335-2325181613 2026-09-21 Luke LaVergne  tw -> 07:00-21:00
    UPDATE 7961-2325523752 2026-09-21 Robert Norton  tw -> 07:00-21:00
    UPDATE 8512-2313796149 2026-09-21 Cory Ventura  tw -> 07:00-21:00
    UPDATE 7475-2326951997 2026-09-21 Spencer Hill  tw -> 07:00-21:00
    UPDATE 7915-2173923316 2026-09-21 Cory Ventura  tw -> 07:00-21:00
    UPDATE 8522-2316822254 2026-09-21 Robert Norton  tw -> 07:00-21:00
    UPDATE 8589-2333455046 2026-09-21 Luke LaVergne  tw -> 07:00-21:00
    UPDATE 8450-2301459644 2026-09-21 Alias Franks  tw -> 07:00-21:00
    UPDATE 8510-2312577225 2026-09-21 Spencer Hill  tw -> 07:00-21:00
    UPDATE 7511-2332556035 2026-09-21 Cory Ventura  tw -> 07:00-21:00
    UPDATE 8459-2303102681 2026-09-21 Robert Norton  tw -> 07:00-21:00
    UPDATE 8562-2324412528 2026-09-21 Alias Franks  tw -> 07:00-21:00
    UPDATE 8492-2334452192 2026-09-21 Luke LaVergne  tw -> 07:00-21:00
    UPDATE 7852-2132525841 2026-09-21 Cory Ventura  tw -> 07:00-21:00
    UPDATE 7317-2327012857 2026-09-21 Spencer Hill  tw -> 07:00-21:00
    UPDATE 6495-1770758458 2026-09-21 Robert Norton  tw -> 07:00-21:00
    UPDATE 5390-2050099327 2026-09-21 Cory Ventura  tw -> 07:00-21:00
    UPDATE 4703-2326183754 2026-09-21 Alias Franks  tw -> 07:00-21:00
    UPDATE 8434-2298643770 2026-09-21 Luke LaVergne  tw -> 07:00-21:00
    UPDATE 7724-2056046998 2026-09-21 Spencer Hill  tw -> 07:00-21:00
    UPDATE 7943-2325775921 2026-09-21 Robert Norton  tw -> 07:00-21:00
    UPDATE 8055-2229493549 2026-09-21 Cory Ventura  tw -> 07:00-21:00
    UPDATE 8293-2320872724 2026-09-21 Alias Franks  tw -> 07:00-21:00
    UPDATE 6239-2320589737 2026-09-21 Spencer Hill  tw -> 07:00-21:00
    UPDATE 8499-2312112846 2026-09-21 Luke LaVergne  tw -> 07:00-21:00
    UPDATE 7987-2325752250 2026-09-21 Robert Norton  tw -> 07:00-21:00
    UPDATE 8098-2320721141 2026-09-21 Cory Ventura  tw -> 07:00-21:00
    UPDATE 8294-2320879488 2026-09-21 Alias Franks  tw -> 07:00-21:00
    UPDATE 8457-2303099611 2026-09-21 Luke LaVergne  tw -> 07:00-21:00
    UPDATE 8209-2260988355 2026-09-21 Spencer Hill  tw -> 07:00-21:00
    UPDATE 5700-2332156115 2026-09-21 Cory Ventura  tw -> 07:00-21:00
    UPDATE 8453-2301467895 2026-09-21 Robert Norton  tw -> 07:00-21:00
    UPDATE 8138-2246405671 2026-09-21 Alias Franks  tw -> 07:00-21:00
    UPDATE 7788-2086100544 2026-09-21 Spencer Hill  tw -> 07:00-21:00
    UPDATE 7810-2325492865 2026-09-21 Luke LaVergne  tw -> 07:00-21:00
    UPDATE 7715-2055380251 2026-09-21 Cory Ventura  tw -> 07:00-21:00
    UPDATE 8442-2300345825 2026-09-21 Robert Norton  tw -> 07:00-21:00
    UPDATE 8236-2322570414 2026-09-21 Alias Franks  tw -> 07:00-21:00
    UPDATE 8409-2332450672 2026-09-21 Cory Ventura  tw -> 07:00-21:00
    UPDATE 5801-1872160845 2026-09-21 Luke LaVergne  tw -> 07:00-21:00
    UPDATE 4705-2326141473 2026-09-21 Spencer Hill  tw -> 07:00-21:00
    UPDATE 8480-2308137626 2026-09-21 Robert Norton  tw -> 07:00-21:00
    UPDATE 8447-2301448517 2026-09-21 Alias Franks  tw -> 07:00-21:00
    UPDATE 8443-2300767356 2026-09-21 Cory Ventura  tw -> 07:00-21:00
    UPDATE 8361-2326140110 2026-09-21 Spencer Hill  tw -> 07:00-21:00
    UPDATE 8449-2301456660 2026-09-21 Luke LaVergne  tw -> 07:00-21:00
    UPDATE 7753-2333688832 2026-09-21 Robert Norton  tw -> 07:00-21:00
    UPDATE 7834-2326070617 2026-09-21 Alias Franks  tw -> 07:00-21:00
    UPDATE 8518-2315661963 2026-09-21 Spencer Hill  tw -> 07:00-21:00
    UPDATE 4502-2332224575 2026-09-21 Cory Ventura  tw -> 07:00-21:00
    UPDATE 8500-2312128108 2026-09-21 Luke LaVergne  tw -> 07:00-21:00
    UPDATE 8072-2333627206 2026-09-21 Robert Norton  tw -> 07:00-21:00
    UPDATE 5355-2335219933 2026-09-21 Alias Franks  tw -> 07:00-21:00
    UPDATE 8502-2312310355 2026-09-21 Luke LaVergne  tw -> 07:00-21:00
    UPDATE 7608-2326056225 2026-09-21 Spencer Hill  tw -> 07:00-21:00
    UPDATE 6436-2332177898 2026-09-21 Cory Ventura  tw -> 07:00-21:00
    UPDATE 8202-2333652374 2026-09-21 Robert Norton  tw -> 07:00-21:00
    UPDATE 8470-2305378589 2026-09-21 Spencer Hill  tw -> 07:00-21:00
    UPDATE 8550-2321756704 2026-09-21 Alias Franks  tw -> 07:00-21:00
    UPDATE 7824-2108534468 2026-09-21 Luke LaVergne  tw -> 07:00-21:00
    UPDATE 8574-2326312910 2026-09-21 Cory Ventura  tw -> 07:00-21:00
    UPDATE 5324-2333685916 2026-09-21 Robert Norton  tw -> 07:00-21:00
    UPDATE 6447-2325271258 2026-09-21 Spencer Hill  tw -> 07:00-21:00
    UPDATE 8536-2319711383 2026-09-21 Alias Franks  tw -> 07:00-21:00
    UPDATE 8558-2322281768 2026-09-21 Cory Ventura  tw -> 07:00-21:00
    UPDATE 6440-2333745843 2026-09-21 Robert Norton  tw -> 07:00-21:00
    UPDATE 6581-1757684341 2026-09-21 Spencer Hill  tw -> 07:00-21:00
    UPDATE 7809-2325587058 2026-09-21 Luke LaVergne  tw -> 07:00-21:00
    UPDATE 8595-2334387699 2026-09-21 Cory Ventura  tw -> 07:00-21:00
    UPDATE 8537-2319722021 2026-09-21 Alias Franks  tw -> 07:00-21:00
    UPDATE 8451-2301461810 2026-09-21 Robert Norton  tw -> 07:00-21:00
    UPDATE 8601-2336540549 2026-09-21 Spencer Hill  tw -> 07:00-21:00
    UPDATE 8494-2311077159 2026-09-21 Cory Ventura  tw -> 07:00-21:00
    UPDATE 7384-2322059259 2026-09-21 Alias Franks  tw -> 07:00-21:00
    UPDATE 8475-2306272065 2026-09-21 Robert Norton  tw -> 07:00-21:00
    UPDATE 8136-2325637567 2026-09-21 Luke LaVergne  tw -> 07:00-21:00
    UPDATE 8440-2325447773 2026-09-21 Spencer Hill  tw -> 07:00-21:00
    UPDATE 8421-2296258866 2026-09-21 Cory Ventura  tw -> 07:00-21:00
    UPDATE 8584-2332496462 2026-09-21 Alias Franks  tw -> 07:00-21:00
    UPDATE 7736-2333803982 2026-09-21 Robert Norton  tw -> 07:00-21:00
    UPDATE 8590-2333526239 2026-09-21 Luke LaVergne  tw -> 07:00-21:00
    UPDATE 8485-2308143580 2026-09-21 Cory Ventura  tw -> 07:00-21:00
    UPDATE 8533-2319651787 2026-09-21 Spencer Hill  tw -> 07:00-21:00
    UPDATE 6545-2322029443 2026-09-21 Alias Franks  tw -> 07:00-21:00
    UPDATE 7903-2166549252 2026-09-21 Cory Ventura  tw -> 07:00-21:00
    UPDATE 5025-2333457601 2026-09-21 Robert Norton  tw -> 07:00-21:00
    UPDATE 7974-2325712965 2026-09-21 Luke LaVergne  tw -> 07:00-21:00
    UPDATE 8524-2316830871 2026-09-21 Spencer Hill  tw -> 07:00-21:00
    UPDATE 8501-2312188828 2026-09-21 Alias Franks  tw -> 07:00-21:00
    UPDATE 8372-2332203677 2026-09-21 Cory Ventura  tw -> 07:00-21:00
    UPDATE 8514-2313850347 2026-09-21 Robert Norton  tw -> 07:00-21:00
    UPDATE 7803-2325814313 2026-09-21 Luke LaVergne  tw -> 07:00-21:00
    UPDATE 7574-2325964909 2026-09-21 Spencer Hill  tw -> 07:00-21:00
    UPDATE 8569-2325654194 2026-09-21 Alias Franks  tw -> 07:00-21:00
    UPDATE 7825-2108542954 2026-09-21 Cory Ventura  tw -> 07:00-21:00
    UPDATE 8426-2297113056 2026-09-21 Spencer Hill  tw -> 07:00-21:00
    UPDATE 6277-2325748620 2026-09-21 Luke LaVergne  tw -> 07:00-21:00
    UPDATE 8605-2336569214 2026-09-21 Alias Franks  tw -> 07:00-21:00
    UPDATE 8602-2336548524 2026-09-21 Robert Norton  tw -> 07:00-21:00
    UPDATE 7702-2049953369 2026-09-21 Cory Ventura  tw -> 07:00-21:00
    UPDATE 8461-2325855813 2026-09-21 Spencer Hill  tw -> 07:00-21:00
    UPDATE 7010-2319528043 2026-09-21 Robert Norton  tw -> 07:00-21:00
    UPDATE 8448-2301451779 2026-09-21 Cory Ventura  tw -> 07:00-21:00
    UPDATE 8527-2317027283 2026-09-21 Luke LaVergne  tw -> 07:00-21:00
    UPDATE 8486-2308143985 2026-09-21 Spencer Hill  tw -> 07:00-21:00
    UPDATE 7751-2332138056 2026-09-21 Cory Ventura  tw -> 07:00-21:00
    UPDATE 7471-2325913388 2026-09-21 Alias Franks  tw -> 07:00-21:00
    UPDATE 8579-2326366714 2026-09-21 Robert Norton  tw -> 07:00-21:00
    UPDATE 8454-2302702245 2026-09-21 Cory Ventura  tw -> 07:00-21:00
    UPDATE 8359-2325575422 2026-09-21 Spencer Hill  tw -> 07:00-21:00
    UPDATE 8572-2325840891 2026-09-21 Alias Franks  tw -> 07:00-21:00
    UPDATE 4777-2333920342 2026-09-21 Robert Norton  tw -> 07:00-21:00
    UPDATE 8588-2333262879 2026-09-21 Luke LaVergne  tw -> 07:00-21:00
    UPDATE 8506-2312525464 2026-09-21 Alias Franks  tw -> 07:00-21:00
    UPDATE 6334-2333942086 2026-09-21 Robert Norton  tw -> 07:00-21:00
    UPDATE 8600-2336538524 2026-09-21 Spencer Hill  tw -> 07:00-21:00
    UPDATE 4771-1986414908 2026-09-21 Alias Franks  tw -> 07:00-21:00
    UPDATE 4930-2334959051 2026-09-21 Robert Norton  tw -> 07:00-21:00
    UPDATE 7936-2325964470 2026-09-21 Luke LaVergne  tw -> 07:00-21:00
    UPDATE 8523-2316825067 2026-09-21 Alias Franks  tw -> 07:00-21:00
    UPDATE 8607-2336574405 2026-09-21 Spencer Hill  tw -> 07:00-21:00
    UPDATE 6674-2320621910 2026-09-21 Robert Norton  tw -> 07:00-21:00
    UPDATE 8404-2326011273 2026-09-21 Luke LaVergne  tw -> 07:00-21:00
    UPDATE 8592-2333909021 2026-09-21 Alias Franks  tw -> 07:00-21:00
    UPDATE 8397-2325722652 2026-09-21 Spencer Hill  tw -> 07:00-21:00
    UPDATE 7797-2090232033 2026-09-21 Robert Norton  tw -> 07:00-21:00
    UPDATE 8437-2298668701 2026-09-21 Luke LaVergne  tw -> 07:00-21:00
    UPDATE 5531-2320691161 2026-09-21 Alias Franks  tw -> 07:00-21:00
    UPDATE 8525-2316832538 2026-09-21 Spencer Hill  tw -> 07:00-21:00
    UPDATE 7712-2054364451 2026-09-21 Robert Norton  tw -> 07:00-21:00
    UPDATE 8583-2332504259 2026-09-21 Spencer Hill  tw -> 07:00-21:00
    UPDATE 7897-2162906622 2026-09-21 Luke LaVergne  tw -> 07:00-21:00
    UPDATE 7697-2335013070 2026-09-21 Robert Norton  tw -> 07:00-21:00
    UPDATE 7529-1972229514 2026-09-21 Luke LaVergne  tw -> 07:00-21:00
    UPDATE 5947-1912213817 2026-09-21 Spencer Hill  tw -> 07:00-21:00
    UPDATE 7682-2334568456 2026-09-21 Luke LaVergne  tw -> 07:00-21:00
    UPDATE 7745-2336585102 2026-09-21 Luke LaVergne  tw -> 07:00-21:00
    UPDATE 8332-2334490636 2026-09-21 Luke LaVergne  tw -> 07:00-21:00
    UPDATE 7996-2216280499 2026-09-21 Luke LaVergne  tw -> 07:00-21:00
    UPDATE 8561-2326093242 2026-09-22 Robert Norton  tw -> 07:00-21:00
    UPDATE 8573-2325849157 2026-09-22 Alias Franks  tw -> 07:00-21:00
    UPDATE 4941-2333455520 2026-09-22 Cory Ventura  tw -> 07:00-21:00
    UPDATE 4425-2312659779 2026-09-22 Luke LaVergne  tw -> 07:00-21:00
    UPDATE 5053-1583660402 2026-09-22 Robert Norton  tw -> 07:00-21:00
    UPDATE 8036-2318920141 2026-09-22 Alias Franks  tw -> 07:00-21:00
    UPDATE 5780-2312420896 2026-09-22 Cory Ventura  tw -> 07:00-21:00
    UPDATE 4425-1850020027 2026-09-22 Luke LaVergne  tw -> 07:00-21:00
    UPDATE 4549-2333414283 2026-09-22 Cory Ventura  tw -> 07:00-21:00
    UPDATE 7449-2335772160 2026-09-22 Robert Norton  tw -> 07:00-21:00
    UPDATE 8564-2332698454 2026-09-22 Alias Franks  tw -> 07:00-21:00
    UPDATE 8526-2317027128 2026-09-22 Luke LaVergne  tw -> 07:00-21:00
    UPDATE 4644-2333362845 2026-09-22 Cory Ventura  tw -> 07:00-21:00
    UPDATE 8463-2335787926 2026-09-22 Robert Norton  tw -> 07:00-21:00
    UPDATE 8388-2332710793 2026-09-22 Alias Franks  tw -> 07:00-21:00
    UPDATE 5565-1770754283 2026-09-22 Cory Ventura  tw -> 07:00-21:00
    UPDATE 8222-2336554165 2026-09-22 Luke LaVergne  tw -> 07:00-21:00
    UPDATE 7735-2335804304 2026-09-22 Robert Norton  tw -> 07:00-21:00
    UPDATE 7543-2332730391 2026-09-22 Alias Franks  tw -> 07:00-21:00
    UPDATE 7058-1863425480 2026-09-22 Cory Ventura  tw -> 07:00-21:00
    UPDATE 7708-2336560016 2026-09-22 Luke LaVergne  tw -> 07:00-21:00
    UPDATE 7450-2335865842 2026-09-22 Robert Norton  tw -> 07:00-21:00
    UPDATE 8479-2308136673 2026-09-22 Cory Ventura  tw -> 07:00-21:00
    UPDATE 8598-2336532995 2026-09-22 Alias Franks  tw -> 07:00-21:00
    UPDATE 7320-2312021244 2026-09-22 Cory Ventura  tw -> 07:00-21:00
    UPDATE 7444-1934065503 2026-09-22 Robert Norton  tw -> 07:00-21:00
    UPDATE 8587-2332581204 2026-09-22 Luke LaVergne  tw -> 07:00-21:00
    UPDATE 8375-2325963527 2026-09-22 Cory Ventura  tw -> 07:00-21:00
    UPDATE 8248-2319693933 2026-09-22 Alias Franks  tw -> 07:00-21:00
    UPDATE 4962-2332324175 2026-09-22 Robert Norton  tw -> 07:00-21:00
    UPDATE 8610-2336586800 2026-09-22 Cory Ventura  tw -> 07:00-21:00
    UPDATE 4935-2336562710 2026-09-22 Luke LaVergne  tw -> 07:00-21:00
    UPDATE 5503-2332266099 2026-09-22 Robert Norton  tw -> 07:00-21:00
    UPDATE 8407-2332630365 2026-09-22 Alias Franks  tw -> 07:00-21:00
    UPDATE 5344-1771976199 2026-09-22 Cory Ventura  tw -> 07:00-21:00
    UPDATE 5511-2319485463 2026-09-22 Robert Norton  tw -> 07:00-21:00
    UPDATE 8535-2319706363 2026-09-22 Alias Franks  tw -> 07:00-21:00
    UPDATE 7737-2323137078 2026-09-22 Cory Ventura  tw -> 07:00-21:00
    UPDATE 5016-2327043193 2026-09-22 Robert Norton  tw -> 07:00-21:00
    UPDATE 5192-2327119420 2026-09-22 Luke LaVergne  tw -> 07:00-21:00
    UPDATE 7849-2130123331 2026-09-22 Alias Franks  tw -> 07:00-21:00
    UPDATE 7884-2325717788 2026-09-22 Cory Ventura  tw -> 07:00-21:00
    UPDATE 6555-2333273022 2026-09-22 Robert Norton  tw -> 07:00-21:00
    UPDATE 8560-2323384846 2026-09-22 Cory Ventura  tw -> 07:00-21:00
    UPDATE 8534-2319702722 2026-09-22 Alias Franks  tw -> 07:00-21:00
    UPDATE 5639-2322355517 2026-09-22 Luke LaVergne  tw -> 07:00-21:00
    UPDATE 5024-2325756895 2026-09-22 Cory Ventura  tw -> 07:00-21:00
    UPDATE 8509-2312573039 2026-09-22 Robert Norton  tw -> 07:00-21:00
    UPDATE 7493-2332555082 2026-09-22 Alias Franks  tw -> 07:00-21:00
    UPDATE 8432-2297637428 2026-09-22 Cory Ventura  tw -> 07:00-21:00
    UPDATE 8414-2294670185 2026-09-22 Alias Franks  tw -> 07:00-21:00
    UPDATE 7857-2333309267 2026-09-22 Robert Norton  tw -> 07:00-21:00
    UPDATE 8436-2298658370 2026-09-22 Luke LaVergne  tw -> 07:00-21:00
    UPDATE 7747-2321902498 2026-09-22 Cory Ventura  tw -> 07:00-21:00
    UPDATE 8318-2311661759 2026-09-22 Cory Ventura  tw -> 07:00-21:00
    UPDATE 6653-2300322228 2026-09-22 Robert Norton  tw -> 07:00-21:00
    UPDATE 8481-2308139136 2026-09-22 Alias Franks  tw -> 07:00-21:00
    UPDATE 5413-2325410877 2026-09-22 Cory Ventura  tw -> 07:00-21:00
    UPDATE 7962-2333944923 2026-09-22 Robert Norton  tw -> 07:00-21:00
    UPDATE 7805-2331950986 2026-09-22 Luke LaVergne  tw -> 07:00-21:00
    UPDATE 8570-2325825654 2026-09-22 Alias Franks  tw -> 07:00-21:00
    UPDATE 5954-2325353005 2026-09-22 Cory Ventura  tw -> 07:00-21:00
    UPDATE 8452-2335689935 2026-09-22 Robert Norton  tw -> 07:00-21:00
    UPDATE 8611-2336588201 2026-09-22 Cory Ventura  tw -> 07:00-21:00
    UPDATE 8557-2322279047 2026-09-22 Alias Franks  tw -> 07:00-21:00
    UPDATE 6619-1776930417 2026-09-22 Luke LaVergne  tw -> 07:00-21:00
    UPDATE 8023-2327100597 2026-09-22 Robert Norton  tw -> 07:00-21:00
    UPDATE 8482-2308139968 2026-09-22 Alias Franks  tw -> 07:00-21:00
    UPDATE 5727-2325461194 2026-09-22 Cory Ventura  tw -> 07:00-21:00
    UPDATE 6083-2327074582 2026-09-22 Robert Norton  tw -> 07:00-21:00
    UPDATE 8462-2326917518 2026-09-22 Alias Franks  tw -> 07:00-21:00
    UPDATE 8356-2327015300 2026-09-22 Luke LaVergne  tw -> 07:00-21:00
    UPDATE 6064-1980793848 2026-09-22 Cory Ventura  tw -> 07:00-21:00
    UPDATE 8571-2325833328 2026-09-22 Robert Norton  tw -> 07:00-21:00
    UPDATE 8238-2319018879 2026-09-22 Alias Franks  tw -> 07:00-21:00
    UPDATE 6241-1654760893 2026-09-22 Cory Ventura  tw -> 07:00-21:00
    UPDATE 8067-2232219537 2026-09-22 Luke LaVergne  tw -> 07:00-21:00
    UPDATE 8507-2312560328 2026-09-22 Robert Norton  tw -> 07:00-21:00
    UPDATE 8473-2305383661 2026-09-22 Alias Franks  tw -> 07:00-21:00
    UPDATE 7496-2325247197 2026-09-22 Cory Ventura  tw -> 07:00-21:00
    UPDATE 5044-1702510022 2026-09-22 Luke LaVergne  tw -> 07:00-21:00
    UPDATE 7365-2328915753 2026-09-22 Robert Norton  tw -> 07:00-21:00
    UPDATE 8473-2305383857 2026-09-22 Alias Franks  tw -> 07:00-21:00
    UPDATE 7172-2311963403 2026-09-22 Luke LaVergne  tw -> 07:00-21:00
    UPDATE 7489-2331562964 2026-09-22 Robert Norton  tw -> 07:00-21:00
    UPDATE 8347-2284412402 2026-09-22 Alias Franks  tw -> 07:00-21:00
    UPDATE 7494-2332010663 2026-09-22 Robert Norton  tw -> 07:00-21:00
    UPDATE 8578-2326350505 2026-09-22 Luke LaVergne  tw -> 07:00-21:00
    UPDATE 4707-2332140459 2026-09-22 Robert Norton  tw -> 07:00-21:00
    UPDATE 7624-2333255621 2026-09-22 Alias Franks  tw -> 07:00-21:00
    UPDATE 7358-2319270610 2026-09-22 Robert Norton  tw -> 07:00-21:00
    UPDATE 7970-2332181724 2026-09-22 Robert Norton  tw -> 07:00-21:00
    UPDATE 8495-2311098126 2026-09-22 Robert Norton  tw -> 07:00-21:00
    UPDATE 8405-2333099694 2026-09-23 Alias Franks  tw -> 07:00-21:00
    UPDATE 6856-2332412902 2026-09-23 Spencer Hill  tw -> 07:00-21:00
    UPDATE 8563-2324415775 2026-09-23 Alias Franks  tw -> 07:00-21:00
    UPDATE 8155-2333507820 2026-09-23 Robert Norton  tw -> 07:00-21:00
    UPDATE 4655-2332132266 2026-09-23 Spencer Hill  tw -> 07:00-21:00
    UPDATE 8487-2308145454 2026-09-23 Luke LaVergne  tw -> 07:00-21:00
    UPDATE 7517-2333479975 2026-09-23 Robert Norton  tw -> 07:00-21:00
    UPDATE 8213-2323103856 2026-09-23 Cory Ventura  tw -> 07:00-21:00
    UPDATE 8111-2333435915 2026-09-23 Luke LaVergne  tw -> 07:00-21:00
    UPDATE 8428-2332166332 2026-09-23 Spencer Hill  tw -> 07:00-21:00
    UPDATE 7504-2333333766 2026-09-23 Alias Franks  tw -> 07:00-21:00
    UPDATE 8528-2317029217 2026-09-23 Cory Ventura  tw -> 07:00-21:00
    UPDATE 5330-2327093188 2026-09-23 Spencer Hill  tw -> 07:00-21:00
    UPDATE 8586-2332552725 2026-09-23 Robert Norton  tw -> 07:00-21:00
    UPDATE 7902-2333442147 2026-09-23 Luke LaVergne  tw -> 07:00-21:00
    UPDATE 8497-2312055075 2026-09-23 Cory Ventura  tw -> 07:00-21:00
    UPDATE 5099-1682274130 2026-09-23 Alias Franks  tw -> 07:00-21:00
    UPDATE 8441-2300302095 2026-09-23 Spencer Hill  tw -> 07:00-21:00
    UPDATE 8050-2228086542 2026-09-23 Luke LaVergne  tw -> 07:00-21:00
    UPDATE 8393-2334761385 2026-09-23 Robert Norton  tw -> 07:00-21:00
    UPDATE 8275-2335245362 2026-09-23 Cory Ventura  tw -> 07:00-21:00
    UPDATE 8298-2333479631 2026-09-23 Alias Franks  tw -> 07:00-21:00
    UPDATE 8532-2319525864 2026-09-23 Spencer Hill  tw -> 07:00-21:00
    UPDATE 8056-2322087029 2026-09-23 Robert Norton  tw -> 07:00-21:00
    UPDATE 7686-2335732922 2026-09-23 Cory Ventura  tw -> 07:00-21:00
    UPDATE 7560-2333564859 2026-09-23 Luke LaVergne  tw -> 07:00-21:00
    UPDATE 8217-2333535576 2026-09-23 Alias Franks  tw -> 07:00-21:00
    UPDATE 8539-2332304644 2026-09-23 Spencer Hill  tw -> 07:00-21:00
    UPDATE 8460-2303103962 2026-09-23 Cory Ventura  tw -> 07:00-21:00
    UPDATE 8596-2336529776 2026-09-23 Robert Norton  tw -> 07:00-21:00
    UPDATE 5442-2327048094 2026-09-23 Spencer Hill  tw -> 07:00-21:00
    UPDATE 8520-2335788993 2026-09-23 Cory Ventura  tw -> 07:00-21:00
    UPDATE 6607-2321913866 2026-09-23 Alias Franks  tw -> 07:00-21:00
    UPDATE 8612-2336595348 2026-09-23 Luke LaVergne  tw -> 07:00-21:00
    UPDATE 7417-1926987069 2026-09-23 Cory Ventura  tw -> 07:00-21:00
    UPDATE 5948-2332149449 2026-09-23 Spencer Hill  tw -> 07:00-21:00
    UPDATE 8467-2305375950 2026-09-23 Alias Franks  tw -> 07:00-21:00
    UPDATE 8489-2308151696 2026-09-23 Robert Norton  tw -> 07:00-21:00
    UPDATE 8543-2321122924 2026-09-23 Cory Ventura  tw -> 07:00-21:00
    UPDATE 8538-2319780443 2026-09-23 Spencer Hill  tw -> 07:00-21:00
    UPDATE 8288-2323366718 2026-09-23 Cory Ventura  tw -> 07:00-21:00
    UPDATE 8194-2333900850 2026-09-23 Alias Franks  tw -> 07:00-21:00
    UPDATE 7247-1899450454 2026-09-23 Robert Norton  tw -> 07:00-21:00
    UPDATE 8496-2311099031 2026-09-23 Cory Ventura  tw -> 07:00-21:00
    UPDATE 4469-2332184002 2026-09-23 Spencer Hill  tw -> 07:00-21:00
    UPDATE 8365-2287201282 2026-09-23 Luke LaVergne  tw -> 07:00-21:00
    UPDATE 6375-2333924329 2026-09-23 Alias Franks  tw -> 07:00-21:00
    UPDATE 6649-1783833893 2026-09-23 Robert Norton  tw -> 07:00-21:00
    UPDATE 7477-2335861773 2026-09-23 Cory Ventura  tw -> 07:00-21:00
    UPDATE 7776-2082030356 2026-09-23 Alias Franks  tw -> 07:00-21:00
    UPDATE 5329-1702468686 2026-09-23 Spencer Hill  tw -> 07:00-21:00
    UPDATE 8159-2250286140 2026-09-23 Robert Norton  tw -> 07:00-21:00
    UPDATE 7388-1922166562 2026-09-23 Cory Ventura  tw -> 07:00-21:00
    UPDATE 8246-2333950696 2026-09-23 Alias Franks  tw -> 07:00-21:00
    UPDATE 5328-1702467448 2026-09-23 Spencer Hill  tw -> 07:00-21:00
    UPDATE 8515-2314137341 2026-09-23 Robert Norton  tw -> 07:00-21:00
    UPDATE 8330-2320711480 2026-09-23 Luke LaVergne  tw -> 07:00-21:00
    UPDATE 6198-2332268601 2026-09-23 Spencer Hill  tw -> 07:00-21:00
    UPDATE 8472-2333983018 2026-09-23 Alias Franks  tw -> 07:00-21:00
    UPDATE 7472-2335948164 2026-09-23 Cory Ventura  tw -> 07:00-21:00
    UPDATE 8576-2326325461 2026-09-23 Robert Norton  tw -> 07:00-21:00
    UPDATE 8608-2336577048 2026-09-23 Luke LaVergne  tw -> 07:00-21:00
    UPDATE 6270-2333612903 2026-09-23 Alias Franks  tw -> 07:00-21:00
    UPDATE 4997-2326934380 2026-09-23 Spencer Hill  tw -> 07:00-21:00
    UPDATE 7476-2334927737 2026-09-23 Robert Norton  tw -> 07:00-21:00
    UPDATE 5201-2336040245 2026-09-23 Cory Ventura  tw -> 07:00-21:00
    UPDATE 7434-2333583031 2026-09-23 Alias Franks  tw -> 07:00-21:00
    UPDATE 8315-2336074615 2026-09-23 Cory Ventura  tw -> 07:00-21:00
    UPDATE 8568-2325548233 2026-09-23 Robert Norton  tw -> 07:00-21:00
    UPDATE 6449-2326959115 2026-09-23 Spencer Hill  tw -> 07:00-21:00
    UPDATE 7933-2186544777 2026-09-23 Luke LaVergne  tw -> 07:00-21:00
    UPDATE 8224-2262415874 2026-09-23 Cory Ventura  tw -> 07:00-21:00
    UPDATE 8415-2334974233 2026-09-23 Robert Norton  tw -> 07:00-21:00
    UPDATE 8042-2334003815 2026-09-23 Alias Franks  tw -> 07:00-21:00
    UPDATE 6162-2319834044 2026-09-23 Spencer Hill  tw -> 07:00-21:00
    UPDATE 6739-2336141093 2026-09-23 Cory Ventura  tw -> 07:00-21:00
    UPDATE 4479-2326882711 2026-09-23 Spencer Hill  tw -> 07:00-21:00
    UPDATE 5369-2335024678 2026-09-23 Robert Norton  tw -> 07:00-21:00
    UPDATE 7639-2334019074 2026-09-23 Alias Franks  tw -> 07:00-21:00
    UPDATE 4754-2336191252 2026-09-23 Cory Ventura  tw -> 07:00-21:00
    UPDATE 7640-2320809542 2026-09-23 Luke LaVergne  tw -> 07:00-21:00
    UPDATE 4504-2336169710 2026-09-23 Cory Ventura  tw -> 07:00-21:00
    UPDATE 5260-2327010280 2026-09-23 Spencer Hill  tw -> 07:00-21:00
    UPDATE 7701-2077824756 2026-09-23 Robert Norton  tw -> 07:00-21:00
    UPDATE 6849-2334036173 2026-09-23 Alias Franks  tw -> 07:00-21:00
    UPDATE 5325-2336230829 2026-09-23 Cory Ventura  tw -> 07:00-21:00
    UPDATE 6427-1661077500 2026-09-23 Spencer Hill  tw -> 07:00-21:00
    UPDATE 4741-2322521373 2026-09-23 Robert Norton  tw -> 07:00-21:00
    UPDATE 8285-2334047643 2026-09-23 Alias Franks  tw -> 07:00-21:00
    UPDATE 8508-2312568496 2026-09-23 Cory Ventura  tw -> 07:00-21:00
    UPDATE 8517-2315488659 2026-09-23 Luke LaVergne  tw -> 07:00-21:00
    UPDATE 7482-2332473777 2026-09-23 Spencer Hill  tw -> 07:00-21:00
    UPDATE 8381-2290523384 2026-09-23 Robert Norton  tw -> 07:00-21:00
    UPDATE 7841-2118313207 2026-09-23 Cory Ventura  tw -> 07:00-21:00
    UPDATE 7758-2334066302 2026-09-23 Alias Franks  tw -> 07:00-21:00
    UPDATE 7757-2068214523 2026-09-23 Spencer Hill  tw -> 07:00-21:00
    UPDATE 5672-2315672398 2026-09-23 Robert Norton  tw -> 07:00-21:00
    UPDATE 5004-2336279418 2026-09-23 Cory Ventura  tw -> 07:00-21:00
    UPDATE 5818-2319331051 2026-09-23 Spencer Hill  tw -> 07:00-21:00
    UPDATE 7617-2015185249 2026-09-23 Robert Norton  tw -> 07:00-21:00
    UPDATE 8406-2334083841 2026-09-23 Alias Franks  tw -> 07:00-21:00
    UPDATE 8565-2333964918 2026-09-23 Luke LaVergne  tw -> 07:00-21:00
    UPDATE 6088-2336296380 2026-09-23 Cory Ventura  tw -> 07:00-21:00
    UPDATE 8251-2319294285 2026-09-23 Spencer Hill  tw -> 07:00-21:00
    UPDATE 6840-1819626452 2026-09-23 Robert Norton  tw -> 07:00-21:00
    UPDATE 8541-2320967233 2026-09-23 Alias Franks  tw -> 07:00-21:00
    UPDATE 8269-2332354554 2026-09-23 Spencer Hill  tw -> 07:00-21:00
    UPDATE 8548-2333534874 2026-09-23 Luke LaVergne  tw -> 07:00-21:00
    UPDATE 8395-2293212664 2026-09-23 Robert Norton  tw -> 07:00-21:00
    UPDATE 5713-2319215793 2026-09-23 Spencer Hill  tw -> 07:00-21:00
    UPDATE 8391-2333505297 2026-09-23 Luke LaVergne  tw -> 07:00-21:00
    UPDATE 8438-2322366938 2026-09-23 Robert Norton  tw -> 07:00-21:00
    UPDATE 8100-2239936896 2026-09-23 Robert Norton  tw -> 07:00-21:00
    UPDATE 7765-2332392375 2026-09-23 Spencer Hill  tw -> 07:00-21:00
    UPDATE 8511-2313780693 2026-09-23 Luke LaVergne  tw -> 07:00-21:00
    UPDATE 7548-2322348112 2026-09-23 Robert Norton  tw -> 07:00-21:00
    UPDATE 8575-2326317149 2026-09-23 Luke LaVergne  tw -> 07:00-21:00
    UPDATE 6382-2334561585 2026-09-23 Robert Norton  tw -> 07:00-21:00
    UPDATE 8493-2311032815 2026-09-23 Luke LaVergne  tw -> 07:00-21:00
    UPDATE 7713-2054378854 2026-09-23 Robert Norton  tw -> 07:00-21:00
    UPDATE 8606-2336571429 2026-09-23 Luke LaVergne  tw -> 07:00-21:00
    UPDATE 8503-2312508938 2026-09-23 Luke LaVergne  tw -> 07:00-21:00
    UPDATE 4676-2320469395 2026-09-24 Cory Ventura  tw -> 07:00-21:00
    UPDATE 7705-2303439366 2026-09-24 Cory Ventura  tw -> 07:00-21:00
    UPDATE 8540-2320735309 2026-09-24 Robert Norton  tw -> 07:00-21:00
    UPDATE 7546-2335191681 2026-09-24 Alias Franks  tw -> 07:00-21:00
    UPDATE 8474-2306255894 2026-09-24 Cory Ventura  tw -> 07:00-21:00
    UPDATE 7826-2109589955 2026-09-24 Robert Norton  tw -> 07:00-21:00
    UPDATE 8233-2335104025 2026-09-24 Alias Franks  tw -> 07:00-21:00
    UPDATE 6396-2321169217 2026-09-24 Robert Norton  tw -> 07:00-21:00
    UPDATE 6720-2326974036 2026-09-24 Cory Ventura  tw -> 07:00-21:00
    UPDATE 7728-2332263825 2026-09-24 Luke LaVergne  tw -> 07:00-21:00
    UPDATE 8154-2335130746 2026-09-24 Alias Franks  tw -> 07:00-21:00
    UPDATE 6418-2326951632 2026-09-24 Cory Ventura  tw -> 07:00-21:00
    UPDATE 7823-2107377282 2026-09-24 Robert Norton  tw -> 07:00-21:00
    UPDATE 7116-2335073672 2026-09-24 Alias Franks  tw -> 07:00-21:00
    UPDATE 8419-2319772895 2026-09-24 Cory Ventura  tw -> 07:00-21:00
    UPDATE 5751-2334636275 2026-09-24 Robert Norton  tw -> 07:00-21:00
    UPDATE 4673-1912576292 2026-09-24 Alias Franks  tw -> 07:00-21:00
    UPDATE 7829-2332401898 2026-09-24 Luke LaVergne  tw -> 07:00-21:00
    UPDATE 7623-2326927660 2026-09-24 Cory Ventura  tw -> 07:00-21:00
    UPDATE 7022-2335037547 2026-09-24 Alias Franks  tw -> 07:00-21:00
    UPDATE 5411-1820717473 2026-09-24 Robert Norton  tw -> 07:00-21:00
    UPDATE 6890-2283867307 2026-09-24 Cory Ventura  tw -> 07:00-21:00
    UPDATE 6246-2332365879 2026-09-24 Luke LaVergne  tw -> 07:00-21:00
    UPDATE 5138-1774774979 2026-09-24 Robert Norton  tw -> 07:00-21:00
    UPDATE 6737-2332363958 2026-09-24 Luke LaVergne  tw -> 07:00-21:00
    UPDATE 5084-2334581166 2026-09-24 Alias Franks  tw -> 07:00-21:00
    UPDATE 5424-2320885782 2026-09-24 Cory Ventura  tw -> 07:00-21:00
    UPDATE 7914-2173617814 2026-09-24 Robert Norton  tw -> 07:00-21:00
    UPDATE 8386-2334656949 2026-09-24 Alias Franks  tw -> 07:00-21:00
    UPDATE 4480-2323785387 2026-09-24 Cory Ventura  tw -> 07:00-21:00
    UPDATE 8169-2335646412 2026-09-24 Robert Norton  tw -> 07:00-21:00
    UPDATE 7087-1867815928 2026-09-24 Cory Ventura  tw -> 07:00-21:00
    UPDATE 7869-2334536066 2026-09-24 Alias Franks  tw -> 07:00-21:00
    UPDATE 7875-2319750064 2026-09-24 Luke LaVergne  tw -> 07:00-21:00
    UPDATE 8593-2333944108 2026-09-24 Cory Ventura  tw -> 07:00-21:00
    UPDATE 7875-2319748972 2026-09-24 Luke LaVergne  tw -> 07:00-21:00
    UPDATE 7960-2334667806 2026-09-24 Robert Norton  tw -> 07:00-21:00
    UPDATE 6602-2334689017 2026-09-24 Alias Franks  tw -> 07:00-21:00
    UPDATE 7853-2311960158 2026-09-24 Cory Ventura  tw -> 07:00-21:00
    UPDATE 8203-2319606122 2026-09-24 Luke LaVergne  tw -> 07:00-21:00
    UPDATE 8074-2334758042 2026-09-24 Alias Franks  tw -> 07:00-21:00
    UPDATE 7183-2322635643 2026-09-24 Robert Norton  tw -> 07:00-21:00
    UPDATE 7997-2216283369 2026-09-24 Cory Ventura  tw -> 07:00-21:00
    UPDATE 7762-2334800906 2026-09-24 Robert Norton  tw -> 07:00-21:00
    UPDATE 8286-2334932695 2026-09-24 Alias Franks  tw -> 07:00-21:00
    UPDATE 7337-2334904305 2026-09-24 Luke LaVergne  tw -> 07:00-21:00
    UPDATE 8490-2308634862 2026-09-24 Cory Ventura  tw -> 07:00-21:00
    UPDATE 7670-2297126366 2026-09-24 Cory Ventura  tw -> 07:00-21:00
    UPDATE 6757-2334830307 2026-09-24 Robert Norton  tw -> 07:00-21:00
    UPDATE 6809-2334780436 2026-09-24 Alias Franks  tw -> 07:00-21:00
    UPDATE 7618-2334907997 2026-09-24 Luke LaVergne  tw -> 07:00-21:00
    UPDATE 7725-2311966924 2026-09-24 Cory Ventura  tw -> 07:00-21:00
    UPDATE 8566-2324422318 2026-09-24 Robert Norton  tw -> 07:00-21:00
    UPDATE 5489-2334835470 2026-09-24 Alias Franks  tw -> 07:00-21:00
    UPDATE 7461-2334909076 2026-09-24 Luke LaVergne  tw -> 07:00-21:00
    UPDATE 4926-2311883059 2026-09-24 Cory Ventura  tw -> 07:00-21:00
    UPDATE 8045-2226612904 2026-09-24 Robert Norton  tw -> 07:00-21:00
    UPDATE 5241-1699826403 2026-09-24 Alias Franks  tw -> 07:00-21:00
    UPDATE 7977-2206932323 2026-09-24 Luke LaVergne  tw -> 07:00-21:00
    UPDATE 8551-2321792500 2026-09-24 Robert Norton  tw -> 07:00-21:00
    UPDATE 8053-2312521636 2026-09-24 Cory Ventura  tw -> 07:00-21:00
    UPDATE 6380-2336595090 2026-09-24 Alias Franks  tw -> 07:00-21:00
    UPDATE 8505-2312522170 2026-09-24 Robert Norton  tw -> 07:00-21:00
    UPDATE 7527-2334971341 2026-09-24 Luke LaVergne  tw -> 07:00-21:00
    UPDATE 5545-2334971331 2026-09-24 Alias Franks  tw -> 07:00-21:00
    UPDATE 7858-2332538195 2026-09-24 Cory Ventura  tw -> 07:00-21:00
    UPDATE 8469-2305378136 2026-09-24 Robert Norton  tw -> 07:00-21:00
    UPDATE 8591-2333550289 2026-09-24 Luke LaVergne  tw -> 07:00-21:00
    UPDATE 7637-2332567867 2026-09-24 Cory Ventura  tw -> 07:00-21:00
    UPDATE 6990-1846546651 2026-09-24 Alias Franks  tw -> 07:00-21:00
    UPDATE 8581-2332428519 2026-09-24 Luke LaVergne  tw -> 07:00-21:00
    UPDATE 8488-2334981226 2026-09-24 Robert Norton  tw -> 07:00-21:00
    UPDATE 5023-2316974241 2026-09-24 Cory Ventura  tw -> 07:00-21:00
    UPDATE 8498-2312074980 2026-09-24 Luke LaVergne  tw -> 07:00-21:00
    UPDATE 6116-2321912775 2026-09-24 Robert Norton  tw -> 07:00-21:00
    UPDATE 5150-1797372339 2026-09-24 Alias Franks  tw -> 07:00-21:00
    UPDATE 7657-2336148072 2026-09-24 Cory Ventura  tw -> 07:00-21:00
    UPDATE 7937-2326099647 2026-09-24 Luke LaVergne  tw -> 07:00-21:00
    UPDATE 7744-2063541035 2026-09-24 Robert Norton  tw -> 07:00-21:00
    UPDATE 8387-2333773179 2026-09-24 Alias Franks  tw -> 07:00-21:00
    UPDATE 7673-2334005739 2026-09-24 Cory Ventura  tw -> 07:00-21:00
    UPDATE 8320-2333720015 2026-09-24 Robert Norton  tw -> 07:00-21:00
    UPDATE 8412-2335129052 2026-09-24 Luke LaVergne  tw -> 07:00-21:00
    UPDATE 7802-2097019396 2026-09-24 Alias Franks  tw -> 07:00-21:00
    UPDATE 8418-2333762002 2026-09-24 Robert Norton  tw -> 07:00-21:00
    UPDATE 5015-2335152874 2026-09-24 Luke LaVergne  tw -> 07:00-21:00
    UPDATE 5667-2333828003 2026-09-24 Robert Norton  tw -> 07:00-21:00
    UPDATE 8577-2326337248 2026-09-24 Alias Franks  tw -> 07:00-21:00
    UPDATE 7832-2112685293 2026-09-24 Luke LaVergne  tw -> 07:00-21:00
    UPDATE 8603-2336559628 2026-09-24 Robert Norton  tw -> 07:00-21:00
    UPDATE 7488-1957237434 2026-09-24 Luke LaVergne  tw -> 07:00-21:00
    UPDATE 7478-2335241807 2026-09-24 Luke LaVergne  tw -> 07:00-21:00
    UPDATE 6181-2289304400 2026-09-24 Luke LaVergne  tw -> 07:00-21:00
    UPDATE 6181-1995423696 2026-09-24 Luke LaVergne  tw -> 07:00-21:00
    UPDATE 8483-2308141601 2026-09-24 Luke LaVergne  tw -> 07:00-21:00
    UPDATE 5178-2335618040 2026-09-25 Luke LaVergne  tw -> 07:00-21:00
    UPDATE 5040-1651220347 2026-09-25 Robert Norton  tw -> 07:00-21:00
    UPDATE 8519-2315673749 2026-09-25 Cory Ventura  tw -> 07:00-21:00
    UPDATE 8231-2320901835 2026-09-25 Tavis Alexander  tw -> 07:00-21:00
    UPDATE 6475-2334637404 2026-09-25 Robert Norton  tw -> 07:00-21:00
    UPDATE 8401-2297431458 2026-09-25 Alias Franks  tw -> 07:00-21:00
    UPDATE 8545-2321165559 2026-09-25 Luke LaVergne  tw -> 07:00-21:00
    UPDATE 8123-2333628199 2026-09-25 Tavis Alexander  tw -> 07:00-21:00
    UPDATE 5427-2334540120 2026-09-25 Cory Ventura  tw -> 07:00-21:00
    UPDATE 5152-2334652378 2026-09-25 Robert Norton  tw -> 07:00-21:00
    UPDATE 8064-2336370574 2026-09-25 Alias Franks  tw -> 07:00-21:00
    UPDATE 5982-2334542478 2026-09-25 Cory Ventura  tw -> 07:00-21:00
    UPDATE 8319-2335723626 2026-09-25 Luke LaVergne  tw -> 07:00-21:00
    UPDATE 4994-2333267175 2026-09-25 Tavis Alexander  tw -> 07:00-21:00
    UPDATE 8609-2336578955 2026-09-25 Robert Norton  tw -> 07:00-21:00
    UPDATE 8484-2308142906 2026-09-25 Cory Ventura  tw -> 07:00-21:00
    UPDATE 8249-2267634766 2026-09-25 Alias Franks  tw -> 07:00-21:00
    UPDATE 7675-2335750323 2026-09-25 Luke LaVergne  tw -> 07:00-21:00
    UPDATE 7720-2320801944 2026-09-25 Tavis Alexander  tw -> 07:00-21:00
    UPDATE 6275-2336124356 2026-09-25 Cory Ventura  tw -> 07:00-21:00
    UPDATE 7382-2334713382 2026-09-25 Robert Norton  tw -> 07:00-21:00
    UPDATE 7669-2336354258 2026-09-25 Alias Franks  tw -> 07:00-21:00
    UPDATE 8542-2321110290 2026-09-25 Luke LaVergne  tw -> 07:00-21:00
    UPDATE 8325-2333211534 2026-09-25 Tavis Alexander  tw -> 07:00-21:00
    UPDATE 5458-2336109551 2026-09-25 Cory Ventura  tw -> 07:00-21:00
    UPDATE 6663-2334762916 2026-09-25 Robert Norton  tw -> 07:00-21:00
    UPDATE 4614-2335766920 2026-09-25 Alias Franks  tw -> 07:00-21:00
    UPDATE 4545-2336153612 2026-09-25 Cory Ventura  tw -> 07:00-21:00
    UPDATE 7739-2333191680 2026-09-25 Tavis Alexander  tw -> 07:00-21:00
    UPDATE 7497-2335794170 2026-09-25 Luke LaVergne  tw -> 07:00-21:00
    UPDATE 7306-1909016236 2026-09-25 Cory Ventura  tw -> 07:00-21:00
    UPDATE 8277-2335811460 2026-09-25 Luke LaVergne  tw -> 07:00-21:00
    UPDATE 8279-2336346109 2026-09-25 Alias Franks  tw -> 07:00-21:00
    UPDATE 8468-2305377147 2026-09-25 Tavis Alexander  tw -> 07:00-21:00
    UPDATE 5371-2333292244 2026-09-25 Robert Norton  tw -> 07:00-21:00
    UPDATE 7644-2024390319 2026-09-25 Cory Ventura  tw -> 07:00-21:00
    UPDATE 8197-2259564729 2026-09-25 Luke LaVergne  tw -> 07:00-21:00
    UPDATE 7676-2336322368 2026-09-25 Alias Franks  tw -> 07:00-21:00
    UPDATE 7427-1931190185 2026-09-25 Tavis Alexander  tw -> 07:00-21:00
    UPDATE 8599-2336536000 2026-09-25 Robert Norton  tw -> 07:00-21:00
    UPDATE 6409-2335912789 2026-09-25 Cory Ventura  tw -> 07:00-21:00
    UPDATE 8014-2219801347 2026-09-25 Alias Franks  tw -> 07:00-21:00
    UPDATE 8444-2301151327 2026-09-25 Luke LaVergne  tw -> 07:00-21:00
    UPDATE 8352-2335930711 2026-09-25 Tavis Alexander  tw -> 07:00-21:00
    UPDATE 8219-2333366057 2026-09-25 Robert Norton  tw -> 07:00-21:00
    UPDATE 8597-2336532010 2026-09-25 Cory Ventura  tw -> 07:00-21:00
    UPDATE 7589-2336340514 2026-09-25 Alias Franks  tw -> 07:00-21:00
    UPDATE 7793-2335933566 2026-09-25 Tavis Alexander  tw -> 07:00-21:00
    UPDATE 8582-2332442132 2026-09-25 Luke LaVergne  tw -> 07:00-21:00
    UPDATE 7812-2333404673 2026-09-25 Robert Norton  tw -> 07:00-21:00
    UPDATE 8547-2336307355 2026-09-25 Alias Franks  tw -> 07:00-21:00
    UPDATE 8084-2323725107 2026-09-25 Tavis Alexander  tw -> 07:00-21:00
    UPDATE 8531-2336081214 2026-09-25 Cory Ventura  tw -> 07:00-21:00
    UPDATE 5139-2134948187 2026-09-25 Robert Norton  tw -> 07:00-21:00
    UPDATE 5696-2335916061 2026-09-25 Luke LaVergne  tw -> 07:00-21:00
    UPDATE 8256-2336287864 2026-09-25 Alias Franks  tw -> 07:00-21:00
    UPDATE 6287-2336170574 2026-09-25 Cory Ventura  tw -> 07:00-21:00
    UPDATE 8504-2312516786 2026-09-25 Tavis Alexander  tw -> 07:00-21:00
    UPDATE 8124-2323555679 2026-09-25 Luke LaVergne  tw -> 07:00-21:00
    UPDATE 4929-1620766319 2026-09-25 Robert Norton  tw -> 07:00-21:00
    UPDATE 7767-2336190090 2026-09-25 Cory Ventura  tw -> 07:00-21:00
    UPDATE 8594-2333955318 2026-09-25 Alias Franks  tw -> 07:00-21:00
    UPDATE 8521-2316817001 2026-09-25 Tavis Alexander  tw -> 07:00-21:00
    UPDATE 7699-2049090864 2026-09-25 Luke LaVergne  tw -> 07:00-21:00
    UPDATE 8513-2313803359 2026-09-25 Robert Norton  tw -> 07:00-21:00
    UPDATE 8476-2306720788 2026-09-25 Alias Franks  tw -> 07:00-21:00
    UPDATE 7626-2325285648 2026-09-25 Cory Ventura  tw -> 07:00-21:00
    UPDATE 8274-2271943450 2026-09-25 Tavis Alexander  tw -> 07:00-21:00
    UPDATE 5412-2335977314 2026-09-25 Luke LaVergne  tw -> 07:00-21:00
    UPDATE 5441-2336170075 2026-09-25 Alias Franks  tw -> 07:00-21:00
    UPDATE 4701-2325256982 2026-09-25 Cory Ventura  tw -> 07:00-21:00
    UPDATE 5071-2333150088 2026-09-25 Robert Norton  tw -> 07:00-21:00
    UPDATE 8058-2336041624 2026-09-25 Tavis Alexander  tw -> 07:00-21:00
    UPDATE 8046-2336120931 2026-09-25 Alias Franks  tw -> 07:00-21:00
    UPDATE 7199-1891621394 2026-09-25 Cory Ventura  tw -> 07:00-21:00
    UPDATE 7406-2334822342 2026-09-25 Robert Norton  tw -> 07:00-21:00
    UPDATE 7026-2336106823 2026-09-25 Luke LaVergne  tw -> 07:00-21:00
    UPDATE 8368-2336043249 2026-09-25 Tavis Alexander  tw -> 07:00-21:00
    UPDATE 7684-2326061180 2026-09-25 Cory Ventura  tw -> 07:00-21:00
    UPDATE 8556-2322166439 2026-09-25 Alias Franks  tw -> 07:00-21:00
    UPDATE 5594-2334824222 2026-09-25 Robert Norton  tw -> 07:00-21:00
    UPDATE 8430-2336040195 2026-09-25 Luke LaVergne  tw -> 07:00-21:00
    UPDATE 8516-2314148415 2026-09-25 Tavis Alexander  tw -> 07:00-21:00
    UPDATE 7407-2335063899 2026-09-25 Cory Ventura  tw -> 07:00-21:00
    UPDATE 8156-2336062776 2026-09-25 Alias Franks  tw -> 07:00-21:00
    UPDATE 8214-2334847509 2026-09-25 Robert Norton  tw -> 07:00-21:00
    UPDATE 5602-2335061012 2026-09-25 Cory Ventura  tw -> 07:00-21:00
    UPDATE 6454-2303510323 2026-09-25 Tavis Alexander  tw -> 07:00-21:00
    UPDATE 7867-2336191028 2026-09-25 Luke LaVergne  tw -> 07:00-21:00
    UPDATE 7011-2336014750 2026-09-25 Alias Franks  tw -> 07:00-21:00
    UPDATE 6953-2335059461 2026-09-25 Cory Ventura  tw -> 07:00-21:00
    UPDATE 7672-2334873892 2026-09-25 Robert Norton  tw -> 07:00-21:00
    UPDATE 7540-2332392024 2026-09-25 Tavis Alexander  tw -> 07:00-21:00
    UPDATE 6355-2335995689 2026-09-25 Alias Franks  tw -> 07:00-21:00
    UPDATE 7084-2319332214 2026-09-25 Cory Ventura  tw -> 07:00-21:00
    UPDATE 8435-2336236881 2026-09-25 Luke LaVergne  tw -> 07:00-21:00
    UPDATE 8160-2334882118 2026-09-25 Robert Norton  tw -> 07:00-21:00
    UPDATE 5147-2303486984 2026-09-25 Tavis Alexander  tw -> 07:00-21:00
    UPDATE 6919-2335961438 2026-09-25 Alias Franks  tw -> 07:00-21:00
    UPDATE 8529-2319354332 2026-09-25 Luke LaVergne  tw -> 07:00-21:00
    UPDATE 6300-2332434144 2026-09-25 Tavis Alexander  tw -> 07:00-21:00
    UPDATE 8478-2308133924 2026-09-25 Robert Norton  tw -> 07:00-21:00
    UPDATE 7817-2335893468 2026-09-25 Alias Franks  tw -> 07:00-21:00
    UPDATE 6985-2320501527 2026-09-25 Tavis Alexander  tw -> 07:00-21:00
    UPDATE 6338-2336305018 2026-09-25 Luke LaVergne  tw -> 07:00-21:00
    UPDATE 8422-2325796931 2026-09-25 Robert Norton  tw -> 07:00-21:00
    UPDATE 8394-2335909648 2026-09-25 Alias Franks  tw -> 07:00-21:00
    UPDATE 7017-2335809514 2026-09-25 Tavis Alexander  tw -> 07:00-21:00
    UPDATE 7766-2325831248 2026-09-25 Robert Norton  tw -> 07:00-21:00
    UPDATE 8276-2336315171 2026-09-25 Luke LaVergne  tw -> 07:00-21:00
    UPDATE 8604-2336566059 2026-09-25 Alias Franks  tw -> 07:00-21:00
    UPDATE 7816-2335742379 2026-09-25 Tavis Alexander  tw -> 07:00-21:00
    UPDATE 8530-2319395449 2026-09-25 Robert Norton  tw -> 07:00-21:00
    UPDATE 7063-1863690440 2026-09-25 Luke LaVergne  tw -> 07:00-21:00
    UPDATE 7430-2335757332 2026-09-25 Tavis Alexander  tw -> 07:00-21:00
    UPDATE 6810-2323654325 2026-09-25 Alias Franks  tw -> 07:00-21:00
    UPDATE 6144-2325942481 2026-09-25 Robert Norton  tw -> 07:00-21:00
    UPDATE 8416-2336334776 2026-09-25 Luke LaVergne  tw -> 07:00-21:00
    UPDATE 8390-2335815117 2026-09-25 Tavis Alexander  tw -> 07:00-21:00
    UPDATE 8265-2335858333 2026-09-25 Alias Franks  tw -> 07:00-21:00
    UPDATE 4550-2325947220 2026-09-25 Robert Norton  tw -> 07:00-21:00
    UPDATE 5148-2335738221 2026-09-25 Tavis Alexander  tw -> 07:00-21:00
    UPDATE 6677-1793387077 2026-09-25 Luke LaVergne  tw -> 07:00-21:00
    UPDATE 6450-2323820787 2026-09-25 Alias Franks  tw -> 07:00-21:00
    UPDATE 5515-2333868794 2026-09-25 Tavis Alexander  tw -> 07:00-21:00
    UPDATE 8270-2326010506 2026-09-25 Robert Norton  tw -> 07:00-21:00
    UPDATE 8339-2335819744 2026-09-25 Alias Franks  tw -> 07:00-21:00
    UPDATE 7941-2192192467 2026-09-25 Luke LaVergne  tw -> 07:00-21:00
    UPDATE 4749-2304979365 2026-09-25 Tavis Alexander  tw -> 07:00-21:00
    UPDATE 4825-2333948467 2026-09-25 Tavis Alexander  tw -> 07:00-21:00
    UPDATE 8402-2332301207 2026-09-25 Tavis Alexander  tw -> 07:00-21:00
    UPDATE 6356-1797444104 2026-09-25 Tavis Alexander  tw -> 07:00-21:00
    UPDATE 5409-2320523686 2026-09-25 Tavis Alexander  tw -> 07:00-21:00
    UPDATE 7671-2332366482 2026-09-25 Tavis Alexander  tw -> 07:00-21:00
    UPDATE 4979-2332327636 2026-09-25 Tavis Alexander  tw -> 07:00-21:00
    UPDATE 4728-1966817013 2026-09-25 Tavis Alexander  tw -> 07:00-21:00
    UPDATE 5227-2321080210 2026-09-25 Tavis Alexander  tw -> 07:00-21:00
    UPDATE 8585-2332546927 2026-09-25 Tavis Alexander  tw -> 07:00-21:00
    UPDATE 8466-2304694236 2026-09-25 Tavis Alexander  tw -> 07:00-21:00
    UPDATE 7694-2333688278 2026-09-25 Tavis Alexander  tw -> 07:00-21:00

driver availability: 09-21: Alias/Cory/Luke/Robert/Spencer   09-22: Alias/Cory/Luke/Robert   09-23: Alias/Cory/Luke/Robert/Spencer   09-24: Alias/Cory/Luke/Robert   09-25: Alias/Cory/Luke/Robert/Tavis

=== OPTIMOROUTE: 0 CREATE ===
=== OPTIMOROUTE: 592 UPDATE ===
  UPDATE 8455-2303096703 tw -> 07:00-21:00  ok
  UPDATE 4711-2325424271 tw -> 07:00-21:00  ok
  UPDATE 8060-2325295808 tw -> 07:00-21:00  ok
  UPDATE 5335-2325181613 tw -> 07:00-21:00  ok
  UPDATE 7961-2325523752 tw -> 07:00-21:00  ok
  UPDATE 8512-2313796149 tw -> 07:00-21:00  ok
  UPDATE 7475-2326951997 tw -> 07:00-21:00  ok
  UPDATE 7915-2173923316 tw -> 07:00-21:00  ok
  UPDATE 8522-2316822254 tw -> 07:00-21:00  ok
  UPDATE 8589-2333455046 tw -> 07:00-21:00  ok
  UPDATE 8450-2301459644 tw -> 07:00-21:00  ok
  UPDATE 8510-2312577225 tw -> 07:00-21:00  ok
  UPDATE 7511-2332556035 tw -> 07:00-21:00  ok
  UPDATE 8459-2303102681 tw -> 07:00-21:00  ok
  UPDATE 8562-2324412528 tw -> 07:00-21:00  ok
  UPDATE 8492-2334452192 tw -> 07:00-21:00  ok
  UPDATE 7852-2132525841 tw -> 07:00-21:00  ok
  UPDATE 7317-2327012857 tw -> 07:00-21:00  ok
  UPDATE 6495-1770758458 tw -> 07:00-21:00  ok
  UPDATE 5390-2050099327 tw -> 07:00-21:00  ok
  UPDATE 4703-2326183754 tw -> 07:00-21:00  ok
  UPDATE 8434-2298643770 tw -> 07:00-21:00  ok
  UPDATE 7724-2056046998 tw -> 07:00-21:00  ok
  UPDATE 7943-2325775921 tw -> 07:00-21:00  ok
  UPDATE 8055-2229493549 tw -> 07:00-21:00  ok
  UPDATE 8293-2320872724 tw -> 07:00-21:00  ok
  UPDATE 6239-2320589737 tw -> 07:00-21:00  ok
  UPDATE 8499-2312112846 tw -> 07:00-21:00  ok
  UPDATE 7987-2325752250 tw -> 07:00-21:00  ok
  UPDATE 8098-2320721141 tw -> 07:00-21:00  ok
  UPDATE 8294-2320879488 tw -> 07:00-21:00  ok
  UPDATE 8457-2303099611 tw -> 07:00-21:00  ok
  UPDATE 8209-2260988355 tw -> 07:00-21:00  ok
  UPDATE 5700-2332156115 tw -> 07:00-21:00  ok
  UPDATE 8453-2301467895 tw -> 07:00-21:00  ok
  UPDATE 8138-2246405671 tw -> 07:00-21:00  ok
  UPDATE 7788-2086100544 tw -> 07:00-21:00  ok
  UPDATE 7810-2325492865 tw -> 07:00-21:00  ok
  UPDATE 7715-2055380251 tw -> 07:00-21:00  ok
  UPDATE 8442-2300345825 tw -> 07:00-21:00  ok
  UPDATE 8236-2322570414 tw -> 07:00-21:00  ok
  UPDATE 8409-2332450672 tw -> 07:00-21:00  ok
  UPDATE 5801-1872160845 tw -> 07:00-21:00  ok
  UPDATE 4705-2326141473 tw -> 07:00-21:00  ok
  UPDATE 8480-2308137626 tw -> 07:00-21:00  ok
  UPDATE 8447-2301448517 tw -> 07:00-21:00  ok
  UPDATE 8443-2300767356 tw -> 07:00-21:00  ok
  UPDATE 8361-2326140110 tw -> 07:00-21:00  ok
  UPDATE 8449-2301456660 tw -> 07:00-21:00  ok
  UPDATE 7753-2333688832 tw -> 07:00-21:00  ok
  UPDATE 7834-2326070617 tw -> 07:00-21:00  ok
  UPDATE 8518-2315661963 tw -> 07:00-21:00  ok
  UPDATE 4502-2332224575 tw -> 07:00-21:00  ok
  UPDATE 8500-2312128108 tw -> 07:00-21:00  ok
  UPDATE 8072-2333627206 tw -> 07:00-21:00  ok
  UPDATE 5355-2335219933 tw -> 07:00-21:00  ok
  UPDATE 8502-2312310355 tw -> 07:00-21:00  ok
  UPDATE 7608-2326056225 tw -> 07:00-21:00  ok
  UPDATE 6436-2332177898 tw -> 07:00-21:00  ok
  UPDATE 8202-2333652374 tw -> 07:00-21:00  ok
  UPDATE 8470-2305378589 tw -> 07:00-21:00  ok
  UPDATE 8550-2321756704 tw -> 07:00-21:00  ok
  UPDATE 7824-2108534468 tw -> 07:00-21:00  ok
  UPDATE 8574-2326312910 tw -> 07:00-21:00  ok
  UPDATE 5324-2333685916 tw -> 07:00-21:00  ok
  UPDATE 6447-2325271258 tw -> 07:00-21:00  ok
  UPDATE 8536-2319711383 tw -> 07:00-21:00  ok
  UPDATE 8558-2322281768 tw -> 07:00-21:00  ok
  UPDATE 6440-2333745843 tw -> 07:00-21:00  ok
  UPDATE 6581-1757684341 tw -> 07:00-21:00  ok
  UPDATE 7809-2325587058 tw -> 07:00-21:00  ok
  UPDATE 8595-2334387699 tw -> 07:00-21:00  ok
  UPDATE 8537-2319722021 tw -> 07:00-21:00  ok
  UPDATE 8451-2301461810 tw -> 07:00-21:00  ok
  UPDATE 8601-2336540549 tw -> 07:00-21:00  ok
  UPDATE 8494-2311077159 tw -> 07:00-21:00  ok
  UPDATE 7384-2322059259 tw -> 07:00-21:00  ok
  UPDATE 8475-2306272065 tw -> 07:00-21:00  ok
  UPDATE 8136-2325637567 tw -> 07:00-21:00  ok
  UPDATE 8440-2325447773 tw -> 07:00-21:00  ok
  UPDATE 8421-2296258866 tw -> 07:00-21:00  ok
  UPDATE 8584-2332496462 tw -> 07:00-21:00  ok
  UPDATE 7736-2333803982 tw -> 07:00-21:00  ok
  UPDATE 8590-2333526239 tw -> 07:00-21:00  ok
  UPDATE 8485-2308143580 tw -> 07:00-21:00  ok
  UPDATE 8533-2319651787 tw -> 07:00-21:00  ok
  UPDATE 6545-2322029443 tw -> 07:00-21:00  ok
  UPDATE 7903-2166549252 tw -> 07:00-21:00  ok
  UPDATE 5025-2333457601 tw -> 07:00-21:00  ok
  UPDATE 7974-2325712965 tw -> 07:00-21:00  ok
  UPDATE 8524-2316830871 tw -> 07:00-21:00  ok
  UPDATE 8501-2312188828 tw -> 07:00-21:00  ok
  UPDATE 8372-2332203677 tw -> 07:00-21:00  ok
  UPDATE 8514-2313850347 tw -> 07:00-21:00  ok
  UPDATE 7803-2325814313 tw -> 07:00-21:00  ok
  UPDATE 7574-2325964909 tw -> 07:00-21:00  ok
  UPDATE 8569-2325654194 tw -> 07:00-21:00  ok
  UPDATE 7825-2108542954 tw -> 07:00-21:00  ok
  UPDATE 8426-2297113056 tw -> 07:00-21:00  ok
  UPDATE 6277-2325748620 tw -> 07:00-21:00  ok
  UPDATE 8605-2336569214 tw -> 07:00-21:00  ok
  UPDATE 8602-2336548524 tw -> 07:00-21:00  ok
  UPDATE 7702-2049953369 tw -> 07:00-21:00  ok
  UPDATE 8461-2325855813 tw -> 07:00-21:00  ok
  UPDATE 7010-2319528043 tw -> 07:00-21:00  ok
  UPDATE 8448-2301451779 tw -> 07:00-21:00  ok
  UPDATE 8527-2317027283 tw -> 07:00-21:00  ok
  UPDATE 8486-2308143985 tw -> 07:00-21:00  ok
  UPDATE 7751-2332138056 tw -> 07:00-21:00  ok
  UPDATE 7471-2325913388 tw -> 07:00-21:00  ok
  UPDATE 8579-2326366714 tw -> 07:00-21:00  ok
  UPDATE 8454-2302702245 tw -> 07:00-21:00  ok
  UPDATE 8359-2325575422 tw -> 07:00-21:00  ok
  UPDATE 8572-2325840891 tw -> 07:00-21:00  ok
  UPDATE 4777-2333920342 tw -> 07:00-21:00  ok
  UPDATE 8588-2333262879 tw -> 07:00-21:00  ok
  UPDATE 8506-2312525464 tw -> 07:00-21:00  ok
  UPDATE 6334-2333942086 tw -> 07:00-21:00  ok
  UPDATE 8600-2336538524 tw -> 07:00-21:00  ok
  UPDATE 4771-1986414908 tw -> 07:00-21:00  ok
  UPDATE 4930-2334959051 tw -> 07:00-21:00  ok
  UPDATE 7936-2325964470 tw -> 07:00-21:00  ok
  UPDATE 8523-2316825067 tw -> 07:00-21:00  ok
  UPDATE 8607-2336574405 tw -> 07:00-21:00  ok
  UPDATE 6674-2320621910 tw -> 07:00-21:00  ok
  UPDATE 8404-2326011273 tw -> 07:00-21:00  ok
  UPDATE 8592-2333909021 tw -> 07:00-21:00  ok
  UPDATE 8397-2325722652 tw -> 07:00-21:00  ok
  UPDATE 7797-2090232033 tw -> 07:00-21:00  ok
  UPDATE 8437-2298668701 tw -> 07:00-21:00  ok
  UPDATE 5531-2320691161 tw -> 07:00-21:00  ok
  UPDATE 8525-2316832538 tw -> 07:00-21:00  ok
  UPDATE 7712-2054364451 tw -> 07:00-21:00  ok
  UPDATE 8583-2332504259 tw -> 07:00-21:00  ok
  UPDATE 7897-2162906622 tw -> 07:00-21:00  ok
  UPDATE 7697-2335013070 tw -> 07:00-21:00  ok
  UPDATE 7529-1972229514 tw -> 07:00-21:00  ok
  UPDATE 5947-1912213817 tw -> 07:00-21:00  ok
  UPDATE 7682-2334568456 tw -> 07:00-21:00  ok
  UPDATE 7745-2336585102 tw -> 07:00-21:00  ok
  UPDATE 8332-2334490636 tw -> 07:00-21:00  ok
  UPDATE 7996-2216280499 tw -> 07:00-21:00  ok
  UPDATE 8561-2326093242 tw -> 07:00-21:00  ok
  UPDATE 8573-2325849157 tw -> 07:00-21:00  ok
  UPDATE 4941-2333455520 tw -> 07:00-21:00  ok
  UPDATE 4425-2312659779 tw -> 07:00-21:00  ok
  UPDATE 5053-1583660402 tw -> 07:00-21:00  ok
  UPDATE 8036-2318920141 tw -> 07:00-21:00  ok
  UPDATE 5780-2312420896 tw -> 07:00-21:00  ok
  UPDATE 4425-1850020027 tw -> 07:00-21:00  ok
  UPDATE 4549-2333414283 tw -> 07:00-21:00  ok
  UPDATE 7449-2335772160 tw -> 07:00-21:00  ok
  UPDATE 8564-2332698454 tw -> 07:00-21:00  ok
  UPDATE 8526-2317027128 tw -> 07:00-21:00  ok
  UPDATE 4644-2333362845 tw -> 07:00-21:00  ok
  UPDATE 8463-2335787926 tw -> 07:00-21:00  ok
  UPDATE 8388-2332710793 tw -> 07:00-21:00  ok
  UPDATE 5565-1770754283 tw -> 07:00-21:00  ok
  UPDATE 8222-2336554165 tw -> 07:00-21:00  ok
  UPDATE 7735-2335804304 tw -> 07:00-21:00  ok
  UPDATE 7543-2332730391 tw -> 07:00-21:00  ok
  UPDATE 7058-1863425480 tw -> 07:00-21:00  ok
  UPDATE 7708-2336560016 tw -> 07:00-21:00  ok
  UPDATE 7450-2335865842 tw -> 07:00-21:00  ok
  UPDATE 8479-2308136673 tw -> 07:00-21:00  ok
  UPDATE 8598-2336532995 tw -> 07:00-21:00  ok
  UPDATE 7320-2312021244 tw -> 07:00-21:00  ok
  UPDATE 7444-1934065503 tw -> 07:00-21:00  ok
  UPDATE 8587-2332581204 tw -> 07:00-21:00  ok
  UPDATE 8375-2325963527 tw -> 07:00-21:00  ok
  UPDATE 8248-2319693933 tw -> 07:00-21:00  ok
  UPDATE 4962-2332324175 tw -> 07:00-21:00  ok
  UPDATE 8610-2336586800 tw -> 07:00-21:00  ok
  UPDATE 4935-2336562710 tw -> 07:00-21:00  ok
  UPDATE 5503-2332266099 tw -> 07:00-21:00  ok
  UPDATE 8407-2332630365 tw -> 07:00-21:00  ok
  UPDATE 5344-1771976199 tw -> 07:00-21:00  ok
  UPDATE 5511-2319485463 tw -> 07:00-21:00  ok
  UPDATE 8535-2319706363 tw -> 07:00-21:00  ok
  UPDATE 7737-2323137078 tw -> 07:00-21:00  ok
  UPDATE 5016-2327043193 tw -> 07:00-21:00  ok
  UPDATE 5192-2327119420 tw -> 07:00-21:00  ok
  UPDATE 7849-2130123331 tw -> 07:00-21:00  ok
  UPDATE 7884-2325717788 tw -> 07:00-21:00  ok
  UPDATE 6555-2333273022 tw -> 07:00-21:00  ok
  UPDATE 8560-2323384846 tw -> 07:00-21:00  ok
  UPDATE 8534-2319702722 tw -> 07:00-21:00  ok
  UPDATE 5639-2322355517 tw -> 07:00-21:00  ok
  UPDATE 5024-2325756895 tw -> 07:00-21:00  ok
  UPDATE 8509-2312573039 tw -> 07:00-21:00  ok
  UPDATE 7493-2332555082 tw -> 07:00-21:00  ok
  UPDATE 8432-2297637428 tw -> 07:00-21:00  ok
  UPDATE 8414-2294670185 tw -> 07:00-21:00  ok
  UPDATE 7857-2333309267 tw -> 07:00-21:00  ok
  UPDATE 8436-2298658370 tw -> 07:00-21:00  ok
  UPDATE 7747-2321902498 tw -> 07:00-21:00  ok
  UPDATE 8318-2311661759 tw -> 07:00-21:00  ok
  UPDATE 6653-2300322228 tw -> 07:00-21:00  ok
  UPDATE 8481-2308139136 tw -> 07:00-21:00  ok
  UPDATE 5413-2325410877 tw -> 07:00-21:00  ok
  UPDATE 7962-2333944923 tw -> 07:00-21:00  ok
  UPDATE 7805-2331950986 tw -> 07:00-21:00  ok
  UPDATE 8570-2325825654 tw -> 07:00-21:00  ok
  UPDATE 5954-2325353005 tw -> 07:00-21:00  ok
  UPDATE 8452-2335689935 tw -> 07:00-21:00  ok
  UPDATE 8611-2336588201 tw -> 07:00-21:00  ok
  UPDATE 8557-2322279047 tw -> 07:00-21:00  ok
  UPDATE 6619-1776930417 tw -> 07:00-21:00  ok
  UPDATE 8023-2327100597 tw -> 07:00-21:00  ok
  UPDATE 8482-2308139968 tw -> 07:00-21:00  ok
  UPDATE 5727-2325461194 tw -> 07:00-21:00  ok
  UPDATE 6083-2327074582 tw -> 07:00-21:00  ok
  UPDATE 8462-2326917518 tw -> 07:00-21:00  ok
  UPDATE 8356-2327015300 tw -> 07:00-21:00  ok
  UPDATE 6064-1980793848 tw -> 07:00-21:00  ok
  UPDATE 8571-2325833328 tw -> 07:00-21:00  ok
  UPDATE 8238-2319018879 tw -> 07:00-21:00  ok
  UPDATE 6241-1654760893 tw -> 07:00-21:00  ok
  UPDATE 8067-2232219537 tw -> 07:00-21:00  ok
  UPDATE 8507-2312560328 tw -> 07:00-21:00  ok
  UPDATE 8473-2305383661 tw -> 07:00-21:00  ok
  UPDATE 7496-2325247197 tw -> 07:00-21:00  ok
  UPDATE 5044-1702510022 tw -> 07:00-21:00  ok
  UPDATE 7365-2328915753 tw -> 07:00-21:00  ok
  UPDATE 8473-2305383857 tw -> 07:00-21:00  ok
  UPDATE 7172-2311963403 tw -> 07:00-21:00  ok
  UPDATE 7489-2331562964 tw -> 07:00-21:00  ok
  UPDATE 8347-2284412402 tw -> 07:00-21:00  ok
  UPDATE 7494-2332010663 tw -> 07:00-21:00  ok
  UPDATE 8578-2326350505 tw -> 07:00-21:00  ok
  UPDATE 4707-2332140459 tw -> 07:00-21:00  ok
  UPDATE 7624-2333255621 tw -> 07:00-21:00  ok
  UPDATE 7358-2319270610 tw -> 07:00-21:00  ok
  UPDATE 7970-2332181724 tw -> 07:00-21:00  ok
  UPDATE 8495-2311098126 tw -> 07:00-21:00  ok
  UPDATE 8405-2333099694 tw -> 07:00-21:00  ok
  UPDATE 6856-2332412902 tw -> 07:00-21:00  ok
  UPDATE 8563-2324415775 tw -> 07:00-21:00  ok
  UPDATE 8155-2333507820 tw -> 07:00-21:00  ok
  UPDATE 4655-2332132266 tw -> 07:00-21:00  ok
  UPDATE 8487-2308145454 tw -> 07:00-21:00  ok
  UPDATE 7517-2333479975 tw -> 07:00-21:00  ok
  UPDATE 8213-2323103856 tw -> 07:00-21:00  ok
  UPDATE 8111-2333435915 tw -> 07:00-21:00  ok
  UPDATE 8428-2332166332 tw -> 07:00-21:00  ok
  UPDATE 7504-2333333766 tw -> 07:00-21:00  ok
  UPDATE 8528-2317029217 tw -> 07:00-21:00  ok
  UPDATE 5330-2327093188 tw -> 07:00-21:00  ok
  UPDATE 8586-2332552725 tw -> 07:00-21:00  ok
  UPDATE 7902-2333442147 tw -> 07:00-21:00  ok
  UPDATE 8497-2312055075 tw -> 07:00-21:00  ok
  UPDATE 5099-1682274130 tw -> 07:00-21:00  ok
  UPDATE 8441-2300302095 tw -> 07:00-21:00  ok
  UPDATE 8050-2228086542 tw -> 07:00-21:00  ok
  UPDATE 8393-2334761385 tw -> 07:00-21:00  ok
  UPDATE 8275-2335245362 tw -> 07:00-21:00  ok
  UPDATE 8298-2333479631 tw -> 07:00-21:00  ok
  UPDATE 8532-2319525864 tw -> 07:00-21:00  ok
  UPDATE 8056-2322087029 tw -> 07:00-21:00  ok
  UPDATE 7686-2335732922 tw -> 07:00-21:00  ok
  UPDATE 7560-2333564859 tw -> 07:00-21:00  ok
  UPDATE 8217-2333535576 tw -> 07:00-21:00  ok
  UPDATE 8539-2332304644 tw -> 07:00-21:00  ok
  UPDATE 8460-2303103962 tw -> 07:00-21:00  ok
  UPDATE 8596-2336529776 tw -> 07:00-21:00  ok
  UPDATE 5442-2327048094 tw -> 07:00-21:00  ok
  UPDATE 8520-2335788993 tw -> 07:00-21:00  ok
  UPDATE 6607-2321913866 tw -> 07:00-21:00  ok
  UPDATE 8612-2336595348 tw -> 07:00-21:00  ok
  UPDATE 7417-1926987069 tw -> 07:00-21:00  ok
  UPDATE 5948-2332149449 tw -> 07:00-21:00  ok
  UPDATE 8467-2305375950 tw -> 07:00-21:00  ok
  UPDATE 8489-2308151696 tw -> 07:00-21:00  ok
  UPDATE 8543-2321122924 tw -> 07:00-21:00  ok
  UPDATE 8538-2319780443 tw -> 07:00-21:00  ok
  UPDATE 8288-2323366718 tw -> 07:00-21:00  ok
  UPDATE 8194-2333900850 tw -> 07:00-21:00  ok
  UPDATE 7247-1899450454 tw -> 07:00-21:00  ok
  UPDATE 8496-2311099031 tw -> 07:00-21:00  ok
  UPDATE 4469-2332184002 tw -> 07:00-21:00  ok
  UPDATE 8365-2287201282 tw -> 07:00-21:00  ok
  UPDATE 6375-2333924329 tw -> 07:00-21:00  ok
  UPDATE 6649-1783833893 tw -> 07:00-21:00  ok
  UPDATE 7477-2335861773 tw -> 07:00-21:00  ok
  UPDATE 7776-2082030356 tw -> 07:00-21:00  ok
  UPDATE 5329-1702468686 tw -> 07:00-21:00  ok
  UPDATE 8159-2250286140 tw -> 07:00-21:00  ok
  UPDATE 7388-1922166562 tw -> 07:00-21:00  ok
  UPDATE 8246-2333950696 tw -> 07:00-21:00  ok
  UPDATE 5328-1702467448 tw -> 07:00-21:00  ok
  UPDATE 8515-2314137341 tw -> 07:00-21:00  ok
  UPDATE 8330-2320711480 tw -> 07:00-21:00  ok
  UPDATE 6198-2332268601 tw -> 07:00-21:00  ok
  UPDATE 8472-2333983018 tw -> 07:00-21:00  ok
  UPDATE 7472-2335948164 tw -> 07:00-21:00  ok
  UPDATE 8576-2326325461 tw -> 07:00-21:00  ok
  UPDATE 8608-2336577048 tw -> 07:00-21:00  ok
  UPDATE 6270-2333612903 tw -> 07:00-21:00  ok
  UPDATE 4997-2326934380 tw -> 07:00-21:00  ok
  UPDATE 7476-2334927737 tw -> 07:00-21:00  ok
  UPDATE 5201-2336040245 tw -> 07:00-21:00  ok
  UPDATE 7434-2333583031 tw -> 07:00-21:00  ok
  UPDATE 8315-2336074615 tw -> 07:00-21:00  ok
  UPDATE 8568-2325548233 tw -> 07:00-21:00  ok
  UPDATE 6449-2326959115 tw -> 07:00-21:00  ok
  UPDATE 7933-2186544777 tw -> 07:00-21:00  ok
  UPDATE 8224-2262415874 tw -> 07:00-21:00  ok
  UPDATE 8415-2334974233 tw -> 07:00-21:00  ok
  UPDATE 8042-2334003815 tw -> 07:00-21:00  ok
  UPDATE 6162-2319834044 tw -> 07:00-21:00  ok
  UPDATE 6739-2336141093 tw -> 07:00-21:00  ok
  UPDATE 4479-2326882711 tw -> 07:00-21:00  ok
  UPDATE 5369-2335024678 tw -> 07:00-21:00  ok
  UPDATE 7639-2334019074 tw -> 07:00-21:00  ok
  UPDATE 4754-2336191252 tw -> 07:00-21:00  ok
  UPDATE 7640-2320809542 tw -> 07:00-21:00  ok
  UPDATE 4504-2336169710 tw -> 07:00-21:00  ok
  UPDATE 5260-2327010280 tw -> 07:00-21:00  ok
  UPDATE 7701-2077824756 tw -> 07:00-21:00  ok
  UPDATE 6849-2334036173 tw -> 07:00-21:00  ok
  UPDATE 5325-2336230829 tw -> 07:00-21:00  ok
  UPDATE 6427-1661077500 tw -> 07:00-21:00  ok
  UPDATE 4741-2322521373 tw -> 07:00-21:00  ok
  UPDATE 8285-2334047643 tw -> 07:00-21:00  ok
  UPDATE 8508-2312568496 tw -> 07:00-21:00  ok
  UPDATE 8517-2315488659 tw -> 07:00-21:00  ok
  UPDATE 7482-2332473777 tw -> 07:00-21:00  ok
  UPDATE 8381-2290523384 tw -> 07:00-21:00  ok
  UPDATE 7841-2118313207 tw -> 07:00-21:00  ok
  UPDATE 7758-2334066302 tw -> 07:00-21:00  ok
  UPDATE 7757-2068214523 tw -> 07:00-21:00  ok
  UPDATE 5672-2315672398 tw -> 07:00-21:00  ok
  UPDATE 5004-2336279418 tw -> 07:00-21:00  ok
  UPDATE 5818-2319331051 tw -> 07:00-21:00  ok
  UPDATE 7617-2015185249 tw -> 07:00-21:00  ok
  UPDATE 8406-2334083841 tw -> 07:00-21:00  ok
  UPDATE 8565-2333964918 tw -> 07:00-21:00  ok
  UPDATE 6088-2336296380 tw -> 07:00-21:00  ok
  UPDATE 8251-2319294285 tw -> 07:00-21:00  ok
  UPDATE 6840-1819626452 tw -> 07:00-21:00  ok
  UPDATE 8541-2320967233 tw -> 07:00-21:00  ok
  UPDATE 8269-2332354554 tw -> 07:00-21:00  ok
  UPDATE 8548-2333534874 tw -> 07:00-21:00  ok
  UPDATE 8395-2293212664 tw -> 07:00-21:00  ok
  UPDATE 5713-2319215793 tw -> 07:00-21:00  ok
  UPDATE 8391-2333505297 tw -> 07:00-21:00  ok
  UPDATE 8438-2322366938 tw -> 07:00-21:00  ok
  UPDATE 8100-2239936896 tw -> 07:00-21:00  ok
  UPDATE 7765-2332392375 tw -> 07:00-21:00  ok
  UPDATE 8511-2313780693 tw -> 07:00-21:00  ok
  UPDATE 7548-2322348112 tw -> 07:00-21:00  ok
  UPDATE 8575-2326317149 tw -> 07:00-21:00  ok
  UPDATE 6382-2334561585 tw -> 07:00-21:00  ok
  UPDATE 8493-2311032815 tw -> 07:00-21:00  ok
  UPDATE 7713-2054378854 tw -> 07:00-21:00  ok
  UPDATE 8606-2336571429 tw -> 07:00-21:00  ok
  UPDATE 8503-2312508938 tw -> 07:00-21:00  ok
  UPDATE 4676-2320469395 tw -> 07:00-21:00  ok
  UPDATE 7705-2303439366 tw -> 07:00-21:00  ok
  UPDATE 8540-2320735309 tw -> 07:00-21:00  ok
  UPDATE 7546-2335191681 tw -> 07:00-21:00  ok
  UPDATE 8474-2306255894 tw -> 07:00-21:00  ok
  UPDATE 7826-2109589955 tw -> 07:00-21:00  ok
  UPDATE 8233-2335104025 tw -> 07:00-21:00  ok
  UPDATE 6396-2321169217 tw -> 07:00-21:00  ok
  UPDATE 6720-2326974036 tw -> 07:00-21:00  ok
  UPDATE 7728-2332263825 tw -> 07:00-21:00  ok
  UPDATE 8154-2335130746 tw -> 07:00-21:00  ok
  UPDATE 6418-2326951632 tw -> 07:00-21:00  ok
  UPDATE 7823-2107377282 tw -> 07:00-21:00  ok
  UPDATE 7116-2335073672 tw -> 07:00-21:00  ok
  UPDATE 8419-2319772895 tw -> 07:00-21:00  ok
  UPDATE 5751-2334636275 tw -> 07:00-21:00  ok
  UPDATE 4673-1912576292 tw -> 07:00-21:00  ok
  UPDATE 7829-2332401898 tw -> 07:00-21:00  ok
  UPDATE 7623-2326927660 tw -> 07:00-21:00  ok
  UPDATE 7022-2335037547 tw -> 07:00-21:00  ok
  UPDATE 5411-1820717473 tw -> 07:00-21:00  ok
  UPDATE 6890-2283867307 tw -> 07:00-21:00  ok
  UPDATE 6246-2332365879 tw -> 07:00-21:00  ok
  UPDATE 5138-1774774979 tw -> 07:00-21:00  ok
  UPDATE 6737-2332363958 tw -> 07:00-21:00  ok
  UPDATE 5084-2334581166 tw -> 07:00-21:00  ok
  UPDATE 5424-2320885782 tw -> 07:00-21:00  ok
  UPDATE 7914-2173617814 tw -> 07:00-21:00  ok
  UPDATE 8386-2334656949 tw -> 07:00-21:00  ok
  UPDATE 4480-2323785387 tw -> 07:00-21:00  ok
  UPDATE 8169-2335646412 tw -> 07:00-21:00  ok
  UPDATE 7087-1867815928 tw -> 07:00-21:00  ok
  UPDATE 7869-2334536066 tw -> 07:00-21:00  ok
  UPDATE 7875-2319750064 tw -> 07:00-21:00  ok
  UPDATE 8593-2333944108 tw -> 07:00-21:00  ok
  UPDATE 7875-2319748972 tw -> 07:00-21:00  ok
  UPDATE 7960-2334667806 tw -> 07:00-21:00  ok
  UPDATE 6602-2334689017 tw -> 07:00-21:00  ok
  UPDATE 7853-2311960158 tw -> 07:00-21:00  ok
  UPDATE 8203-2319606122 tw -> 07:00-21:00  ok
  UPDATE 8074-2334758042 tw -> 07:00-21:00  ok
  UPDATE 7183-2322635643 tw -> 07:00-21:00  ok
  UPDATE 7997-2216283369 tw -> 07:00-21:00  ok
  UPDATE 7762-2334800906 tw -> 07:00-21:00  ok
  UPDATE 8286-2334932695 tw -> 07:00-21:00  ok
  UPDATE 7337-2334904305 tw -> 07:00-21:00  ok
  UPDATE 8490-2308634862 tw -> 07:00-21:00  ok
  UPDATE 7670-2297126366 tw -> 07:00-21:00  ok
  UPDATE 6757-2334830307 tw -> 07:00-21:00  ok
  UPDATE 6809-2334780436 tw -> 07:00-21:00  ok
  UPDATE 7618-2334907997 tw -> 07:00-21:00  ok
  UPDATE 7725-2311966924 tw -> 07:00-21:00  ok
  UPDATE 8566-2324422318 tw -> 07:00-21:00  ok
  UPDATE 5489-2334835470 tw -> 07:00-21:00  ok
  UPDATE 7461-2334909076 tw -> 07:00-21:00  ok
  UPDATE 4926-2311883059 tw -> 07:00-21:00  ok
  UPDATE 8045-2226612904 tw -> 07:00-21:00  ok
  UPDATE 5241-1699826403 tw -> 07:00-21:00  ok
  UPDATE 7977-2206932323 tw -> 07:00-21:00  ok
  UPDATE 8551-2321792500 tw -> 07:00-21:00  ok
  UPDATE 8053-2312521636 tw -> 07:00-21:00  ok
  UPDATE 6380-2336595090 tw -> 07:00-21:00  ok
  UPDATE 8505-2312522170 tw -> 07:00-21:00  ok
  UPDATE 7527-2334971341 tw -> 07:00-21:00  ok
  UPDATE 5545-2334971331 tw -> 07:00-21:00  ok
  UPDATE 7858-2332538195 tw -> 07:00-21:00  ok
  UPDATE 8469-2305378136 tw -> 07:00-21:00  ok
  UPDATE 8591-2333550289 tw -> 07:00-21:00  ok
  UPDATE 7637-2332567867 tw -> 07:00-21:00  ok
  UPDATE 6990-1846546651 tw -> 07:00-21:00  ok
  UPDATE 8581-2332428519 tw -> 07:00-21:00  ok
  UPDATE 8488-2334981226 tw -> 07:00-21:00  ok
  UPDATE 5023-2316974241 tw -> 07:00-21:00  ok
  UPDATE 8498-2312074980 tw -> 07:00-21:00  ok
  UPDATE 6116-2321912775 tw -> 07:00-21:00  ok
  UPDATE 5150-1797372339 tw -> 07:00-21:00  ok
  UPDATE 7657-2336148072 tw -> 07:00-21:00  ok
  UPDATE 7937-2326099647 tw -> 07:00-21:00  ok
  UPDATE 7744-2063541035 tw -> 07:00-21:00  ok
  UPDATE 8387-2333773179 tw -> 07:00-21:00  ok
  UPDATE 7673-2334005739 tw -> 07:00-21:00  ok
  UPDATE 8320-2333720015 tw -> 07:00-21:00  ok
  UPDATE 8412-2335129052 tw -> 07:00-21:00  ok
  UPDATE 7802-2097019396 tw -> 07:00-21:00  ok
  UPDATE 8418-2333762002 tw -> 07:00-21:00  ok
  UPDATE 5015-2335152874 tw -> 07:00-21:00  ok
  UPDATE 5667-2333828003 tw -> 07:00-21:00  ok
  UPDATE 8577-2326337248 tw -> 07:00-21:00  ok
  UPDATE 7832-2112685293 tw -> 07:00-21:00  ok
  UPDATE 8603-2336559628 tw -> 07:00-21:00  ok
  UPDATE 7488-1957237434 tw -> 07:00-21:00  ok
  UPDATE 7478-2335241807 tw -> 07:00-21:00  ok
  UPDATE 6181-2289304400 tw -> 07:00-21:00  ok
  UPDATE 6181-1995423696 tw -> 07:00-21:00  ok
  UPDATE 8483-2308141601 tw -> 07:00-21:00  ok
  UPDATE 5178-2335618040 tw -> 07:00-21:00  ok
  UPDATE 5040-1651220347 tw -> 07:00-21:00  ok
  UPDATE 8519-2315673749 tw -> 07:00-21:00  ok
  UPDATE 8231-2320901835 tw -> 07:00-21:00  ok
  UPDATE 6475-2334637404 tw -> 07:00-21:00  ok
  UPDATE 8401-2297431458 tw -> 07:00-21:00  ok
  UPDATE 8545-2321165559 tw -> 07:00-21:00  ok
  UPDATE 8123-2333628199 tw -> 07:00-21:00  ok
  UPDATE 5427-2334540120 tw -> 07:00-21:00  ok
  UPDATE 5152-2334652378 tw -> 07:00-21:00  ok
  UPDATE 8064-2336370574 tw -> 07:00-21:00  ok
  UPDATE 5982-2334542478 tw -> 07:00-21:00  ok
  UPDATE 8319-2335723626 tw -> 07:00-21:00  ok
  UPDATE 4994-2333267175 tw -> 07:00-21:00  ok
  UPDATE 8609-2336578955 tw -> 07:00-21:00  ok
  UPDATE 8484-2308142906 tw -> 07:00-21:00  ok
  UPDATE 8249-2267634766 tw -> 07:00-21:00  ok
  UPDATE 7675-2335750323 tw -> 07:00-21:00  ok
  UPDATE 7720-2320801944 tw -> 07:00-21:00  ok
  UPDATE 6275-2336124356 tw -> 07:00-21:00  ok
  UPDATE 7382-2334713382 tw -> 07:00-21:00  ok
  UPDATE 7669-2336354258 tw -> 07:00-21:00  ok
  UPDATE 8542-2321110290 tw -> 07:00-21:00  ok
  UPDATE 8325-2333211534 tw -> 07:00-21:00  ok
  UPDATE 5458-2336109551 tw -> 07:00-21:00  ok
  UPDATE 6663-2334762916 tw -> 07:00-21:00  ok
  UPDATE 4614-2335766920 tw -> 07:00-21:00  ok
  UPDATE 4545-2336153612 tw -> 07:00-21:00  ok
  UPDATE 7739-2333191680 tw -> 07:00-21:00  ok
  UPDATE 7497-2335794170 tw -> 07:00-21:00  ok
  UPDATE 7306-1909016236 tw -> 07:00-21:00  ok
  UPDATE 8277-2335811460 tw -> 07:00-21:00  ok
  UPDATE 8279-2336346109 tw -> 07:00-21:00  ok
  UPDATE 8468-2305377147 tw -> 07:00-21:00  ok
  UPDATE 5371-2333292244 tw -> 07:00-21:00  ok
  UPDATE 7644-2024390319 tw -> 07:00-21:00  ok
  UPDATE 8197-2259564729 tw -> 07:00-21:00  ok
  UPDATE 7676-2336322368 tw -> 07:00-21:00  ok
  UPDATE 7427-1931190185 tw -> 07:00-21:00  ok
  UPDATE 8599-2336536000 tw -> 07:00-21:00  ok
  UPDATE 6409-2335912789 tw -> 07:00-21:00  ok
  UPDATE 8014-2219801347 tw -> 07:00-21:00  ok
  UPDATE 8444-2301151327 tw -> 07:00-21:00  ok
  UPDATE 8352-2335930711 tw -> 07:00-21:00  ok
  UPDATE 8219-2333366057 tw -> 07:00-21:00  ok
  UPDATE 8597-2336532010 tw -> 07:00-21:00  ok
  UPDATE 7589-2336340514 tw -> 07:00-21:00  ok
  UPDATE 7793-2335933566 tw -> 07:00-21:00  ok
  UPDATE 8582-2332442132 tw -> 07:00-21:00  ok
  UPDATE 7812-2333404673 tw -> 07:00-21:00  ok
  UPDATE 8547-2336307355 tw -> 07:00-21:00  ok
  UPDATE 8084-2323725107 tw -> 07:00-21:00  ok
  UPDATE 8531-2336081214 tw -> 07:00-21:00  ok
  UPDATE 5139-2134948187 tw -> 07:00-21:00  ok
  UPDATE 5696-2335916061 tw -> 07:00-21:00  ok
  UPDATE 8256-2336287864 tw -> 07:00-21:00  ok
  UPDATE 6287-2336170574 tw -> 07:00-21:00  ok
  UPDATE 8504-2312516786 tw -> 07:00-21:00  ok
  UPDATE 8124-2323555679 tw -> 07:00-21:00  ok
  UPDATE 4929-1620766319 tw -> 07:00-21:00  ok
  UPDATE 7767-2336190090 tw -> 07:00-21:00  ok
  UPDATE 8594-2333955318 tw -> 07:00-21:00  ok
  UPDATE 8521-2316817001 tw -> 07:00-21:00  ok
  UPDATE 7699-2049090864 tw -> 07:00-21:00  ok
  UPDATE 8513-2313803359 tw -> 07:00-21:00  ok
  UPDATE 8476-2306720788 tw -> 07:00-21:00  ok
  UPDATE 7626-2325285648 tw -> 07:00-21:00  ok
  UPDATE 8274-2271943450 tw -> 07:00-21:00  ok
  UPDATE 5412-2335977314 tw -> 07:00-21:00  ok
  UPDATE 5441-2336170075 tw -> 07:00-21:00  ok
  UPDATE 4701-2325256982 tw -> 07:00-21:00  ok
  UPDATE 5071-2333150088 tw -> 07:00-21:00  ok
  UPDATE 8058-2336041624 tw -> 07:00-21:00  ok
  UPDATE 8046-2336120931 tw -> 07:00-21:00  ok
  UPDATE 7199-1891621394 tw -> 07:00-21:00  ok
  UPDATE 7406-2334822342 tw -> 07:00-21:00  ok
  UPDATE 7026-2336106823 tw -> 07:00-21:00  ok
  UPDATE 8368-2336043249 tw -> 07:00-21:00  ok
  UPDATE 7684-2326061180 tw -> 07:00-21:00  ok
  UPDATE 8556-2322166439 tw -> 07:00-21:00  ok
  UPDATE 5594-2334824222 tw -> 07:00-21:00  ok
  UPDATE 8430-2336040195 tw -> 07:00-21:00  ok
  UPDATE 8516-2314148415 tw -> 07:00-21:00  ok
  UPDATE 7407-2335063899 tw -> 07:00-21:00  ok
  UPDATE 8156-2336062776 tw -> 07:00-21:00  ok
  UPDATE 8214-2334847509 tw -> 07:00-21:00  ok
  UPDATE 5602-2335061012 tw -> 07:00-21:00  ok
  UPDATE 6454-2303510323 tw -> 07:00-21:00  ok
  UPDATE 7867-2336191028 tw -> 07:00-21:00  ok
  UPDATE 7011-2336014750 tw -> 07:00-21:00  ok
  UPDATE 6953-2335059461 tw -> 07:00-21:00  ok
  UPDATE 7672-2334873892 tw -> 07:00-21:00  ok
  UPDATE 7540-2332392024 tw -> 07:00-21:00  ok
  UPDATE 6355-2335995689 tw -> 07:00-21:00  ok
  UPDATE 7084-2319332214 tw -> 07:00-21:00  ok
  UPDATE 8435-2336236881 tw -> 07:00-21:00  ok
  UPDATE 8160-2334882118 tw -> 07:00-21:00  ok
  UPDATE 5147-2303486984 tw -> 07:00-21:00  ok
  UPDATE 6919-2335961438 tw -> 07:00-21:00  ok
  UPDATE 8529-2319354332 tw -> 07:00-21:00  ok
  UPDATE 6300-2332434144 tw -> 07:00-21:00  ok
  UPDATE 8478-2308133924 tw -> 07:00-21:00  ok
  UPDATE 7817-2335893468 tw -> 07:00-21:00  ok
  UPDATE 6985-2320501527 tw -> 07:00-21:00  ok
  UPDATE 6338-2336305018 tw -> 07:00-21:00  ok
  UPDATE 8422-2325796931 tw -> 07:00-21:00  ok
  UPDATE 8394-2335909648 tw -> 07:00-21:00  ok
  UPDATE 7017-2335809514 tw -> 07:00-21:00  ok
  UPDATE 7766-2325831248 tw -> 07:00-21:00  ok
  UPDATE 8276-2336315171 tw -> 07:00-21:00  ok
  UPDATE 8604-2336566059 tw -> 07:00-21:00  ok
  UPDATE 7816-2335742379 tw -> 07:00-21:00  ok
  UPDATE 8530-2319395449 tw -> 07:00-21:00  ok
  UPDATE 7063-1863690440 tw -> 07:00-21:00  ok
  UPDATE 7430-2335757332 tw -> 07:00-21:00  ok
  UPDATE 6810-2323654325 tw -> 07:00-21:00  ok
  UPDATE 6144-2325942481 tw -> 07:00-21:00  ok
  UPDATE 8416-2336334776 tw -> 07:00-21:00  ok
  UPDATE 8390-2335815117 tw -> 07:00-21:00  ok
  UPDATE 8265-2335858333 tw -> 07:00-21:00  ok
  UPDATE 4550-2325947220 tw -> 07:00-21:00  ok
  UPDATE 5148-2335738221 tw -> 07:00-21:00  ok
  UPDATE 6677-1793387077 tw -> 07:00-21:00  ok
  UPDATE 6450-2323820787 tw -> 07:00-21:00  ok
  UPDATE 5515-2333868794 tw -> 07:00-21:00  ok
  UPDATE 8270-2326010506 tw -> 07:00-21:00  ok
  UPDATE 8339-2335819744 tw -> 07:00-21:00  ok
  UPDATE 7941-2192192467 tw -> 07:00-21:00  ok
  UPDATE 4749-2304979365 tw -> 07:00-21:00  ok
  UPDATE 4825-2333948467 tw -> 07:00-21:00  ok
  UPDATE 8402-2332301207 tw -> 07:00-21:00  ok
  UPDATE 6356-1797444104 tw -> 07:00-21:00  ok
  UPDATE 5409-2320523686 tw -> 07:00-21:00  ok
  UPDATE 7671-2332366482 tw -> 07:00-21:00  ok
  UPDATE 4979-2332327636 tw -> 07:00-21:00  ok
  UPDATE 4728-1966817013 tw -> 07:00-21:00  ok
  UPDATE 5227-2321080210 tw -> 07:00-21:00  ok
  UPDATE 8585-2332546927 tw -> 07:00-21:00  ok
  UPDATE 8466-2304694236 tw -> 07:00-21:00  ok
  UPDATE 7694-2333688278 tw -> 07:00-21:00  ok
=== OPTIMOROUTE: 0 DELETE ===

=== OPTIMOROUTE: driver availability ===
  30/30 succeeded

=== PLAN 2026-09-21 (balancing OFF) ===
  Cory Ventura        26 stops   515 min   206 km  first 07:38  last 14:44
  Luke LaVergne       29 stops   758 min   255 km  first 07:35  last 18:42
  Robert Norton       30 stops   618 min    99 km  first 07:14  last 16:49
  Spencer Hill        29 stops   679 min   164 km  first 07:48  last 17:07
  Alias Franks        28 stops   616 min   130 km  first 07:13  last 16:20

=== PLAN 2026-09-22 (balancing OFF) ===
  Robert Norton       28 stops   582 min   109 km  first 07:06  last 16:22
  Alias Franks        23 stops   555 min   129 km  first 07:10  last 15:22
  Cory Ventura        25 stops   473 min   129 km  first 07:21  last 14:21
  Luke LaVergne       17 stops   542 min   202 km  first 07:26  last 15:10

=== PLAN 2026-09-23 (balancing OFF) ===
  Alias Franks        22 stops   526 min   130 km  first 07:00  last 15:04
  Cory Ventura        25 stops   518 min   233 km  first 07:47  last 14:39
  Luke LaVergne       20 stops   698 min   293 km  first 07:34  last 17:47
  Robert Norton       28 stops   625 min   126 km  first 07:26  last 16:48
  Spencer Hill        27 stops   558 min    81 km  first 07:05  last 15:53

=== PLAN 2026-09-24 (balancing OFF) ===
  Alias Franks        22 stops   557 min   171 km  first 07:08  last 15:06
  Cory Ventura        24 stops   469 min   143 km  first 07:06  last 14:30
  Luke LaVergne       24 stops   674 min   260 km  first 08:06  last 17:16
  Robert Norton       25 stops   579 min   134 km  first 07:23  last 15:39

=== PLAN 2026-09-25 (balancing OFF) ===
  Alias Franks        27 stops   615 min   131 km  first 07:33  last 16:02
  Cory Ventura        22 stops   426 min   140 km  first 07:23  last 13:23
  Luke LaVergne       25 stops   574 min   126 km  first 07:12  last 16:06
  Robert Norton       26 stops   570 min   107 km  first 07:14  last 16:02
  Tavis Alexander     40 stops   804 min   133 km  first 07:24  last 19:43

=== JOBBER: write planned times (startAt = arrival, endAt = +3 h) ===
  to write 80   already correct 512   not on a route 0
  [  1/80] 2026-09-21 09:16 #8293 Alias    Francis Abraham              was 09-21 09:01  ok
  [  2/80] 2026-09-21 09:01 #8294 Alias    ChittiBabu  Pacharu          was 09-21 09:17  ok
  [  3/80] 2026-09-21 14:50 #8579 Robert   Gurwinder Sandhu             was 09-21 14:33  ok
  [  4/80] 2026-09-21 14:33 #4777 Robert   Al Chappell                  was 09-21 14:49  ok
  [  5/80] 2026-09-23 15:04 #8405 Alias    Steve  Mcdonough             was 09-23 06:55  ok
  [  6/80] 2026-09-23 14:37 #8563 Alias    Brian Sasville               was 09-23 07:23  ok
  [  7/80] 2026-09-23 12:56 #7504 Alias    Lisa Shaughnessy             was 09-23 07:56  ok
  [  8/80] 2026-09-23 12:30 #5099 Alias    Buff Nelson                  was 09-23 08:22  ok
  [  9/80] 2026-09-23 12:08 #8298 Alias    Melinda Holland              was 09-23 08:44  ok
  [ 10/80] 2026-09-23 11:47 #8217 Alias    Aziz El-solh                 was 09-23 09:05  ok
  [ 11/80] 2026-09-23 11:28 #6607 Alias    Jonathan Kim-Hull            was 09-23 09:24  ok
  [ 12/80] 2026-09-23 11:06 #8467 Alias    Sandy Goodkin                was 09-23 09:46  ok
  [ 13/80] 2026-09-23 10:45 #8194 Alias    Steve Murdock                was 09-23 10:07  ok
  [ 14/80] 2026-09-23 10:25 #6375 Alias    Mike Cushman                 was 09-23 10:26  ok
  [ 15/80] 2026-09-23 10:09 #7776 Alias    Marius Ungureanu             was 09-23 10:43  ok
  [ 16/80] 2026-09-23 09:52 #8246 Alias    Pia Graves                   was 09-23 11:00  ok
  [ 17/80] 2026-09-23 09:33 #8472 Alias    David Johal                  was 09-23 11:19  ok
  [ 18/80] 2026-09-23 08:47 #6270 Alias    Gwen Morton                  was 09-23 11:42  ok
  [ 19/80] 2026-09-23 09:09 #7434 Alias    Linda Lowe                   was 09-23 12:04  ok
  [ 20/80] 2026-09-23 08:20 #8042 Alias    Dave Parker                  was 09-23 12:32  ok
  [ 21/80] 2026-09-23 13:22 #7639 Alias    Marla Poor                   was 09-23 12:56  ok
  [ 22/80] 2026-09-23 13:45 #6849 Alias    Michelle  Rasmussen          was 09-23 13:18  ok
  [ 23/80] 2026-09-23 14:02 #8285 Alias    David Alexander              was 09-23 13:36  ok
  [ 24/80] 2026-09-23 07:25 #7758 Alias    Joe Kelley                   was 09-23 14:05  ok
  [ 25/80] 2026-09-23 07:48 #8406 Alias    Jessica Angel                was 09-23 14:28  ok
  [ 26/80] 2026-09-23 07:00 #8541 Alias    Aditya Singh                 was 09-23 14:56  ok
  [ 27/80] 2026-09-24 15:06 #7546 Alias    Marymoor Park                was 09-24 07:25  ok
  [ 28/80] 2026-09-24 14:23 #8233 Alias    Vicky Marxen                 was 09-24 07:50  ok
  [ 29/80] 2026-09-24 14:42 #8154 Alias    Kim Suver                    was 09-24 08:09  ok
  [ 30/80] 2026-09-24 14:05 #7116 Alias    Sherry Lotze                 was 09-24 08:25  ok
  [ 31/80] 2026-09-24 13:25 #4673 Alias    Nick Miller                  was 09-24 08:46  ok
  [ 32/80] 2026-09-24 13:42 #7022 Alias    Seddik Belyamani             was 09-24 09:03  ok
  [ 33/80] 2026-09-24 10:32 #5084 Alias    Dave Gierok                  was 09-24 09:28  ok
  [ 34/80] 2026-09-24 10:50 #8386 Alias    Peter Meechan                was 09-24 09:46  ok
  [ 35/80] 2026-09-24 10:11 #7869 Alias    Shelley Ryan                 was 09-24 10:07  ok
  [ 36/80] 2026-09-24 10:24 #7875 Luke     Pam Novotny                  was 09-24 10:09  ok
  [ 37/80] 2026-09-24 10:09 #7875 Luke     Pam Novotny                  was 09-24 10:24  ok
  [ 38/80] 2026-09-24 11:11 #6602 Alias    Lynn Wecker                  was 09-24 10:29  ok
  [ 39/80] 2026-09-24 11:32 #8074 Alias    Lina Bancroft                was 09-24 10:50  ok
  [ 40/80] 2026-09-24 09:45 #8286 Alias    Colleen Hart                 was 09-24 11:13  ok
  [ 41/80] 2026-09-24 11:52 #6809 Alias    Roselee Buonauro             was 09-24 11:36  ok
  [ 42/80] 2026-09-24 12:13 #5489 Alias    Eric Reddy                   was 09-24 11:57  ok
  [ 43/80] 2026-09-24 12:37 #5241 Alias    Robin Sofola                 was 09-24 12:20  ok
  [ 44/80] 2026-09-24 12:58 #6380 Alias    Rob Chadek                   was 09-24 12:42  ok
  [ 45/80] 2026-09-24 09:22 #5545 Alias    Nichole  Jacobson            was 09-24 13:09  ok
  [ 46/80] 2026-09-24 08:53 #6990 Alias    Kelly Tivnan                 was 09-24 13:38  ok
  [ 47/80] 2026-09-24 08:27 #5150 Alias    Scott Taylor                 was 09-24 14:04  ok
  [ 48/80] 2026-09-24 08:02 #8387 Alias    Joydeep Kant                 was 09-24 14:30  ok
  [ 49/80] 2026-09-24 07:36 #7802 Alias    Kallin Baumann               was 09-24 14:55  ok
  [ 50/80] 2026-09-24 07:08 #8577 Alias    Mike Leese                   was 09-24 15:25  ok
  [ 51/80] 2026-09-25 07:59 #5427 Cory     Dave Wilson                  was 09-25 07:45  ok
  [ 52/80] 2026-09-25 08:17 #8064 Alias    Jinzhi Liu                   was 09-25 07:58  ok
  [ 53/80] 2026-09-25 07:46 #5982 Cory     David Rosser                 was 09-25 07:59  ok
  [ 54/80] 2026-09-25 08:35 #8249 Alias    John Shepard                 was 09-25 08:16  ok
  [ 55/80] 2026-09-25 08:56 #7669 Alias    Tom Li                       was 09-25 08:37  ok
  [ 56/80] 2026-09-25 09:00 #8325 Tavis    Maryanne Zukowski            was 09-25 08:43  ok
  [ 57/80] 2026-09-25 07:55 #4614 Alias    Jennifer Beardall            was 09-25 08:57  ok
  [ 58/80] 2026-09-25 08:44 #7739 Tavis    Joey Deluca                  was 09-25 08:59  ok
  [ 59/80] 2026-09-25 14:30 #8279 Alias    Santush Kumar                was 09-25 09:18  ok
  [ 60/80] 2026-09-25 15:26 #7676 Alias    Jeannine Rouleau             was 09-25 09:39  ok
  [ 61/80] 2026-09-25 15:07 #8014 Alias    Paul Latham                  was 09-25 09:58  ok
  [ 62/80] 2026-09-25 14:51 #7589 Alias    Rahul Newaskar               was 09-25 10:14  ok
  [ 63/80] 2026-09-25 14:11 #8547 Alias    Shannon Supple               was 09-25 10:33  ok
  [ 64/80] 2026-09-25 13:51 #8256 Alias    Doug Crow                    was 09-25 10:53  ok
  [ 65/80] 2026-09-25 10:30 #8594 Alias    Juliet Dixon                 was 09-25 11:12  ok
  [ 66/80] 2026-09-25 10:13 #8476 Alias    Amit Grover                  was 09-25 11:29  ok
  [ 67/80] 2026-09-25 09:55 #5441 Alias    Tom Craig                    was 09-25 11:47  ok
  [ 68/80] 2026-09-25 09:19 #8046 Alias    Daniel Bay                   was 09-25 12:05  ok
  [ 69/80] 2026-09-25 09:37 #8556 Alias    William Kearl                was 09-25 12:23  ok
  [ 70/80] 2026-09-25 10:49 #8156 Alias    Deborah Berger               was 09-25 12:43  ok
  [ 71/80] 2026-09-25 11:08 #7011 Alias    Sara Houpis                  was 09-25 13:03  ok
  [ 72/80] 2026-09-25 11:25 #6355 Alias    Julie James                  was 09-25 13:19  ok
  [ 73/80] 2026-09-25 13:30 #6919 Alias    Corky Heimbigner             was 09-25 13:42  ok
  [ 74/80] 2026-09-25 11:46 #7817 Alias    Josh Hedrick                 was 09-25 14:03  ok
  [ 75/80] 2026-09-25 12:04 #8394 Alias    Sachin Gupta                 was 09-25 14:21  ok
  [ 76/80] 2026-09-25 12:55 #8604 Alias    Karen  Horvath               was 09-25 14:38  ok
  [ 77/80] 2026-09-25 12:39 #6810 Alias    Doug  Schutt                 was 09-25 15:10  ok
  [ 78/80] 2026-09-25 12:22 #8265 Alias    Jepson Fuller                was 09-25 15:26  ok
  [ 79/80] 2026-09-25 16:02 #6450 Alias    Ray Spencer                  was 09-25 15:46  ok
  [ 80/80] 2026-09-25 15:45 #8339 Alias    Donald Kaplan                was 09-25 16:02  ok
  written 80  failed 0

=== VERIFY === 592 visits match the plan, 0 do not

✅ done 2026-09-19 16:37:14 PT — log: C:\Agentic-os-got-moles\projects\briefs\route-engine\redesign\ops\2026-09-21_swap\sync-plan-times.log
Next: the arrival-window sweep (node projects/tool-jobber/scripts/arrival-window-sweep.mjs) so every visit carries the 3-hour window.
