[write-gate] WRITES ENABLED until 2026-09-20T00:52:34.594Z (spenc@Got-Moles: 07:00 starts: re-plan Monday from scratch with new driver defaults) — ceiling 1500/run — run ced88067
=== SYNC + PLAN + TIMES 2026-09-19 16:52:34 PT ===
mode: LIVE (--execute)   window: 2026-09-21..2026-09-21
live Jobber: 142 visits, 142 not complete, 142 on a routed driver, 0 skipped (no tech / not a driver)
  2026-09-21  Alias 28  Robert 30  Luke 29  Cory 26  Spencer 29

OptimoRoute: 142 orders in the window
  CREATE 0   UPDATE 0   DELETE 0   unchanged 142

driver availability: 09-21: Alias/Cory/Luke/Robert/Spencer

=== OPTIMOROUTE: 0 CREATE ===
=== OPTIMOROUTE: 0 UPDATE ===
=== OPTIMOROUTE: 0 DELETE ===

=== OPTIMOROUTE: driver availability ===
  6/6 succeeded

=== PLAN 2026-09-21 (balancing OFF) ===
  Cory Ventura        26 stops   515 min   206 km  first 07:38  last 14:44
  Luke LaVergne       29 stops   758 min   255 km  first 07:35  last 18:42
  Robert Norton       30 stops   618 min    99 km  first 07:14  last 16:49
  Spencer Hill        29 stops   679 min   165 km  first 07:48  last 17:17
  Alias Franks        28 stops   616 min   130 km  first 07:13  last 16:20

=== JOBBER: write planned times (startAt = arrival, endAt = +3 h) ===
  to write 28   already correct 114   not on a route 0
  [  1/28] 2026-09-21 17:17 #7724 Spencer  Seattle Rental Management    was 09-21 08:46  ok
  [  2/28] 2026-09-21 16:58 #6239 Spencer  Lauren Kenyon                was 09-21 09:05  ok
  [  3/28] 2026-09-21 08:48 #8209 Spencer  Charlie Allaire              was 09-21 09:27  ok
  [  4/28] 2026-09-21 09:07 #7788 Spencer  Bonnie Mccracken             was 09-21 09:46  ok
  [  5/28] 2026-09-21 16:38 #4705 Spencer  Pam Northrip                 was 09-21 10:08  ok
  [  6/28] 2026-09-21 16:22 #8361 Spencer  Erik Guttridge               was 09-21 10:24  ok
  [  7/28] 2026-09-21 16:06 #8518 Spencer  Leo Coronado                 was 09-21 10:40  ok
  [  8/28] 2026-09-21 15:45 #7608 Spencer  Scott Hamilton               was 09-21 11:01  ok
  [  9/28] 2026-09-21 09:33 #8470 Spencer  Alice Collins                was 09-21 11:18  ok
  [ 10/28] 2026-09-21 15:29 #6447 Spencer  Larena Walshe                was 09-21 11:35  ok
  [ 11/28] 2026-09-21 15:10 #6581 Spencer  Greg Flynn                   was 09-21 11:53  ok
  [ 12/28] 2026-09-21 14:51 #8601 Spencer  Kevin Shaver                 was 09-21 12:12  ok
  [ 13/28] 2026-09-21 14:32 #8440 Spencer  Klaudia Elam                 was 09-21 12:32  ok
  [ 14/28] 2026-09-21 09:55 #8533 Spencer  Bob Chatalas                 was 09-21 12:51  ok
  [ 15/28] 2026-09-21 14:11 #8524 Spencer  Michael Sobieck              was 09-21 13:12  ok
  [ 16/28] 2026-09-21 10:16 #7574 Spencer  Steve  Huling                was 09-21 13:32  ok
  [ 17/28] 2026-09-21 10:33 #8426 Spencer  Chris Kerr                   was 09-21 13:50  ok
  [ 18/28] 2026-09-21 10:51 #8461 Spencer  Mary Greco                   was 09-21 14:07  ok
  [ 19/28] 2026-09-21 13:52 #8486 Spencer  Phyllis Barbante             was 09-21 14:26  ok
  [ 20/28] 2026-09-21 14:49 #4777 Robert   Al Chappell                  was 09-21 14:33  ok
  [ 21/28] 2026-09-21 13:31 #8359 Spencer  Mary Suhadolnik              was 09-21 14:47  ok
  [ 22/28] 2026-09-21 14:33 #8579 Robert   Gurwinder Sandhu             was 09-21 14:50  ok
  [ 23/28] 2026-09-21 12:55 #8600 Spencer  Sam Leonard                  was 09-21 15:09  ok
  [ 24/28] 2026-09-21 12:34 #8607 Spencer  Ben Mathes                   was 09-21 15:47  ok
  [ 25/28] 2026-09-21 12:15 #8397 Spencer  Point Nautica                was 09-21 16:06  ok
  [ 26/28] 2026-09-21 11:53 #8525 Spencer  Joseph Trump                 was 09-21 16:28  ok
  [ 27/28] 2026-09-21 11:37 #8583 Spencer  Timothy Hoover               was 09-21 16:44  ok
  [ 28/28] 2026-09-21 11:15 #5947 Spencer  Neil Kanungo                 was 09-21 17:07  ok
  written 28  failed 0

=== VERIFY === 142 visits match the plan, 0 do not

✅ done 2026-09-19 16:52:59 PT — log: C:\Agentic-os-got-moles\projects\briefs\route-engine\redesign\ops\2026-09-21_swap\sync-plan-times.log
Next: the arrival-window sweep (node projects/tool-jobber/scripts/arrival-window-sweep.mjs) so every visit carries the 3-hour window.
