[write-gate] WRITES ENABLED until 2026-09-23T00:24:15.812Z (spenc@Got-Moles: Robert Wed 09-23: make Fife the last stop, re-plan, write times) — ceiling 400/run — run a710bcef
=== SYNC + PLAN + TIMES 2026-09-22 16:54:29 PT ===
mode: LIVE (--execute)   window: 2026-09-23..2026-09-23
live Jobber: 124 visits, 124 not complete, 124 on a routed driver, 0 skipped (no tech / not a driver)
  2026-09-23  Alias 23  Spencer 27  Robert 29  Luke 20  Cory 25

OptimoRoute: 125 orders in the window
  CREATE 0   UPDATE 0   DELETE 0   unchanged 124

driver availability: 09-23: Alias/Cory/Luke/Robert/Spencer

=== OPTIMOROUTE: 0 CREATE ===
=== OPTIMOROUTE: 0 UPDATE ===
=== OPTIMOROUTE: 0 DELETE ===

=== OPTIMOROUTE: driver availability ===
  6/6 succeeded

=== PLAN 2026-09-23 (balancing OFF) ===
  Alias Franks        23 stops   570 min   148 km  first 07:00  last 15:49
  Cory Ventura        25 stops   518 min   233 km  first 07:47  last 14:39
  Luke LaVergne       20 stops   698 min   293 km  first 07:33  last 17:47
  Robert Norton       28 stops   610 min   125 km  first 07:21  last 16:29
  Spencer Hill        27 stops   558 min    81 km  first 07:05  last 15:53
  ⚠ 1 unscheduled on 2026-09-23: Robert #8596

=== JOBBER: write planned times (startAt = arrival, endAt = +3 h) ===
  to write 28   already correct 95   not on a route 1
  [  1/28] 2026-09-23 16:29 #8155 Robert   Bac Walker                   was 09-23 07:26  ok
  [  2/28] 2026-09-23 16:10 #7517 Robert   Balbir Houthi                was 09-23 07:46  ok
  [  3/28] 2026-09-23 15:48 #8586 Robert   Deidre Moore                 was 09-23 08:08  ok
  [  4/28] 2026-09-23 15:22 #8393 Robert   Dan Haeck                    was 09-23 08:32  ok
  [  5/28] 2026-09-23 15:01 #8056 Robert   Madera West Condos           was 09-23 08:53  ok
  [  6/28] 2026-09-23 14:35 #8489 Robert   Jason Kjellesvik             was 09-23 09:19  ok
  [  7/28] 2026-09-23 14:16 #7247 Robert   Lynn Clapp                   was 09-23 09:38  ok
  [  8/28] 2026-09-23 13:58 #6649 Robert   Theresa  Hall                was 09-23 09:56  ok
  [  9/28] 2026-09-23 13:36 #8159 Robert   Jonae                        was 09-23 10:18  ok
  [ 10/28] 2026-09-23 13:15 #8515 Robert   Dean Shull                   was 09-23 10:40  ok
  [ 11/28] 2026-09-23 12:56 #8576 Robert   Kevin Voelker                was 09-23 10:59  ok
  [ 12/28] 2026-09-23 12:34 #7476 Robert   Craig Koester                was 09-23 11:19  ok
  [ 13/28] 2026-09-23 12:14 #8568 Robert   Dorthya Dunford              was 09-23 11:40  ok
  [ 14/28] 2026-09-23 08:00 #7548 Robert   HyperGreen Landscaping       was 09-23 12:00  ok
  [ 15/28] 2026-09-23 08:19 #8100 Robert   Melissa Weythman             was 09-23 12:19  ok
  [ 16/28] 2026-09-23 08:37 #8438 Robert   Jay Poole                    was 09-23 12:37  ok
  [ 17/28] 2026-09-23 09:52 #5369 Robert   Chris Doll                   was 09-23 13:00  ok
  [ 18/28] 2026-09-23 09:34 #8626 Robert   Isabella Kestner             was 09-23 13:17  ok
  [ 19/28] 2026-09-23 10:12 #7701 Robert   Susan Mcdonald               was 09-23 13:38  ok
  [ 20/28] 2026-09-23 10:32 #4741 Robert   Ron Krebbs                   was 09-23 13:58  ok
  [ 21/28] 2026-09-23 10:49 #8381 Robert   Michael Colella              was 09-23 14:15  ok
  [ 22/28] 2026-09-23 11:07 #5672 Robert   Rachel Brouhard              was 09-23 14:32  ok
  [ 23/28] 2026-09-23 11:27 #7617 Robert   Prologis - Sumner Landing    was 09-23 14:52  ok
  [ 24/28] 2026-09-23 11:51 #6840 Robert   Bill Harris                  was 09-23 15:23  ok
  [ 25/28] 2026-09-23 09:13 #8415 Robert   Kevin Mcginnity              was 09-23 15:45  ok
  [ 26/28] 2026-09-23 08:55 #8395 Robert   Beverly Worthen              was 09-23 16:03  ok
  [ 27/28] 2026-09-23 07:40 #6382 Robert   Jared Haines                 was 09-23 16:23  ok
  [ 28/28] 2026-09-23 07:21 #7713 Robert   Scott Fritschle              was 09-23 16:42  ok
  written 28  failed 0

=== VERIFY === 123 visits match the plan, 0 do not

✅ done 2026-09-22 16:54:54 PT — log: C:\Agentic-os-got-moles\projects\briefs\route-engine\redesign\ops\2026-09-21_swap\sync-plan-times.log
Next: the arrival-window sweep (node projects/tool-jobber/scripts/arrival-window-sweep.mjs) so every visit carries the 3-hour window.
