[write-gate] WRITES ENABLED until 2026-09-23T00:27:27.825Z (spenc@Got-Moles: Robert Wed 09-23: full re-plan from scratch so #8596 and #8626 are scheduled) — ceiling 400/run — run e5e4a946
=== SYNC + PLAN + TIMES 2026-09-22 16:57:27 PT ===
mode: LIVE (--execute)   window: 2026-09-23..2026-09-23
live Jobber: 124 visits, 124 not complete, 124 on a routed driver, 0 skipped (no tech / not a driver)
  2026-09-23  Alias 23  Spencer 27  Robert 29  Luke 20  Cory 25

OptimoRoute: 125 orders in the window
  CREATE 0   UPDATE 0   DELETE 0   unchanged 124

driver availability: 09-23: Alias/Cory/Luke/Robert/Spencer

=== OPTIMOROUTE: 0 CREATE ===
=== OPTIMOROUTE: 0 UPDATE ===
=== OPTIMOROUTE: 0 DELETE ===

=== OPTIMOROUTE: driver availability ===
  6/6 succeeded

=== PLAN 2026-09-23 (balancing OFF) ===
  Alias Franks        23 stops   570 min   148 km  first 07:00  last 15:49
  Cory Ventura        25 stops   518 min   233 km  first 07:47  last 14:39
  Luke LaVergne       20 stops   698 min   293 km  first 07:33  last 17:47
  Robert Norton       28 stops   600 min   129 km  first 07:26  last 16:23
  Spencer Hill        27 stops   558 min    81 km  first 07:05  last 15:53
  ⚠ 2 unscheduled on 2026-09-23: Robert #8596, Robert #8626

=== JOBBER: write planned times (startAt = arrival, endAt = +3 h) ===
  to write 26   already correct 96   not on a route 2
  [  1/26] 2026-09-23 15:30 #5713 Spencer  Jeff Hudson                  was 09-23 07:27  ok
  [  2/26] 2026-09-23 15:09 #8269 Spencer  Holly Quionez                was 09-23 07:47  ok
  [  3/26] 2026-09-23 14:47 #8251 Spencer  Mike Malgarini               was 09-23 08:09  ok
  [  4/26] 2026-09-23 14:24 #5818 Spencer  Blaine Wright                was 09-23 08:32  ok
  [  5/26] 2026-09-23 13:49 #7482 Spencer  Mark Dumler                  was 09-23 08:51  ok
  [  6/26] 2026-09-23 14:06 #7757 Spencer  Dan Flood                    was 09-23 09:07  ok
  [  7/26] 2026-09-23 13:30 #6427 Spencer  Ally Sharp                   was 09-23 09:26  ok
  [  8/26] 2026-09-23 13:13 #5260 Spencer  Kathy Lewis                  was 09-23 09:43  ok
  [  9/26] 2026-09-23 12:53 #4479 Spencer  Charles Bender               was 09-23 10:03  ok
  [ 10/26] 2026-09-23 12:36 #6162 Spencer  Scott Barker                 was 09-23 10:21  ok
  [ 11/26] 2026-09-23 12:13 #6449 Spencer  Daniel Issacs                was 09-23 10:46  ok
  [ 12/26] 2026-09-23 11:46 #4997 Spencer  Josh Mckee                   was 09-23 11:14  ok
  [ 13/26] 2026-09-23 11:19 #6198 Spencer  Jeff Boyd                    was 09-23 11:41  ok
  [ 14/26] 2026-09-23 11:02 #5328 Spencer  Dave Belmont                 was 09-23 11:58  ok
  [ 15/26] 2026-09-23 10:45 #5329 Spencer  Pat Birkeland                was 09-23 12:15  ok
  [ 16/26] 2026-09-23 10:21 #4469 Spencer  Yvonne Hall                  was 09-23 12:38  ok
  [ 17/26] 2026-09-23 10:00 #8538 Spencer  Gina Shields                 was 09-23 12:59  ok
  [ 18/26] 2026-09-23 09:43 #5948 Spencer  Tom Rebek                    was 09-23 13:16  ok
  [ 19/26] 2026-09-23 09:06 #8618 Spencer  Shawn Tobius                 was 09-23 13:34  ok
  [ 20/26] 2026-09-23 09:23 #5442 Spencer  Jeff Hardman                 was 09-23 13:51  ok
  [ 21/26] 2026-09-23 08:47 #8532 Spencer  Elaine Rustvold              was 09-23 14:12  ok
  [ 22/26] 2026-09-23 08:27 #8441 Spencer  Dan Froemke                  was 09-23 14:31  ok
  [ 23/26] 2026-09-23 08:07 #5330 Spencer  Maggie Pierotti              was 09-23 14:51  ok
  [ 24/26] 2026-09-23 07:51 #8428 Spencer  Keith Mathews                was 09-23 15:07  ok
  [ 25/26] 2026-09-23 07:30 #4655 Spencer  Bruce  Sprague               was 09-23 15:28  ok
  [ 26/26] 2026-09-23 15:53 #7765 Spencer  Brenton Unger                was 09-23 15:55  ok
  written 26  failed 0

=== VERIFY === 122 visits match the plan, 0 do not

✅ done 2026-09-22 16:57:51 PT — log: C:\Agentic-os-got-moles\projects\briefs\route-engine\redesign\ops\2026-09-21_swap\sync-plan-times.log
Next: the arrival-window sweep (node projects/tool-jobber/scripts/arrival-window-sweep.mjs) so every visit carries the 3-hour window.
