service time (check/set min, updated 2026-08-15): Alias 15/30  Robert 15/30  Cory 10/20  Luke 15/30  Spencer 15/30  Tavis 15/30  |  default 15/30
JOBBER -> OPTIMOROUTE SYNC (LIVE)  2026-08-17 .. 2026-08-21
now 2026-08-15 21:30:25 PT   (Jobber is truth for day + tech)

Jobber active visits in window: 571
OptimoRoute own stops seen (±3d): 511
OR drivers: robert norton, alias franks, cory ventura, luke lavergne, tavis alexander

=== PLAN ===
  create missing OR order : 167
  move to Jobber day      : 246
  set to Jobber tech      : 322
  TOTAL orders touched    : 462
  already in sync         : 109
  days to re-plan         : 2026-08-17, 2026-08-18, 2026-08-19, 2026-08-20, 2026-08-21

  changes (first 0):
    … +462 more

=== APPLYING ===
Writing 462 order updates to OptimoRoute…
  all order updates accepted

--- 2026-08-17 (mon) ---
  pinning 28 stops to day+tech…
  re-planning (balancing OFF, drivers pinned)…
  verified: 129 visits scheduled, all on the tech Jobber names
  Jobber time write-back: 129 ok, 0 failed

--- 2026-08-18 (tue) ---
  pinning 33 stops to day+tech…
  re-planning (balancing OFF, drivers pinned)…
  verified: 127 visits scheduled, all on the tech Jobber names
  Jobber time write-back: 127 ok, 0 failed

--- 2026-08-19 (wed) ---
  pinning 34 stops to day+tech…
  re-planning (balancing OFF, drivers pinned)…
  ABORT: VERIFY FAILED: 1 unscheduled, 0 on a tech Jobber does not name — NO Jobber writes
    {"unscheduled":["8380-2290522065"],"wrongTech":[]}

--- 2026-08-20 (thu) ---
  pinning 20 stops to day+tech…
  re-planning (balancing OFF, drivers pinned)…
  verified: 90 visits scheduled, all on the tech Jobber names
  Jobber time write-back: 90 ok, 0 failed

--- 2026-08-21 (fri) ---
  pinning 43 stops to day+tech…
  re-planning (balancing OFF, drivers pinned)…
  verified: 96 visits scheduled, all on the tech Jobber names
  Jobber time write-back: 95 ok, 0 failed

SYNC DONE: 462 orders synced, 0 Jobber time writes — WITH ABORTED DAYS
Report: C:\Agentic-os-got-moles\projects\briefs\technician-route-automation\drift-runs\j2o-sync-2026-08-16T04-30-37-963Z.json
