[write-gate] WRITES ENABLED until 2026-09-17T19:13:43.703Z (spenc@Got-Moles: Spencer authorised the week-of-09-21 chain run, 2026-09-17. Rollback point 9e167a470281 + orders baseline captured.) — ceiling 700/run — run 2122b5fa
service time (check/set min, updated 2026-08-15): Alias 15/30  Robert 15/30  Cory 12/24  Luke 15/30  Spencer 15/30  Tavis 15/30  |  default 15/30
day override: Robert Norton on 2026-09-15 planned at 12/24 min — Spencer 2026-09-13: Cory rides with Robert for retraining. Plan Robert at Cory's pace (12/24) on this day because that is the pace they are training on.
cluster: Barbee Mill (Renton 98056) — 120 min across 11 job(s) = 11 min each
!! window start overridden to 2026-09-21 (past its email freeze)
!! window end overridden to 2026-09-25
Window: 2026-09-21 -> 2026-09-25 (LIVE)
  fetched 100…
  fetched 200…
  fetched 300…
  fetched 400…
Jobber visits in window: 479
Orders: 479 — 11 pinned (3 sets), 468 flexible
Per day (Jobber dates): 2026-09-21:108  2026-09-22:141  2026-09-23:117  2026-09-24:74  2026-09-25:39
Sets: job 8583 2026-09-22, job 8587 2026-09-22, job 8595 2026-09-23
  60/479 (ok 60, failed 0)
  120/479 (ok 120, failed 0)
  180/479 (ok 180, failed 0)
  240/479 (ok 240, failed 0)
  300/479 (ok 300, failed 0)
  360/479 (ok 360, failed 0)
  420/479 (ok 420, failed 0)
  479/479 (ok 479, failed 0)

LIVE PUSH DONE: 479 ok, 0 failed of 479
