
OVERTIME RELIEF — 2026-09-21..2026-09-25, ceiling 9h, same tech only, tail moves

### Luke LaVergne
    mon 9.0h   tue 3.0h   wed 9.8h   thu 8.5h   fri 5.4h
  wed 9.8h  →  needs 49 min off
    - 1  #8503  Joyce Hinkley           Gig Harbor    saves  30 min (running  30)  →  fri 5.4h, nearest stop 1.3 mi (Tacoma)
    - 2  #8493  Robert Evans            Gig Harbor    saves  27 min (running  57)  →  fri 5.4h, nearest stop 4.7 mi (Tacoma)
    - 3  #8575  Robert Sibley           Gig Harbor    saves  29 min (running  86)  →  fri 5.4h, nearest stop 5.2 mi (Tacoma)
    - 4  #8511  Matthew Young           Gig Harbor    saves  23 min (running 109)  →  fri 5.4h, nearest stop 7.0 mi (Tacoma)
  mon 9.0h  →  needs 2 min off
    - 1  #8434  Elaine Briggs           Lacey         saves  24 min (running  24)  →  thu 8.5h, nearest stop 2.1 mi (Olympia)
    - 2  #8457  Caroline Irwin (5th Vi  Olympia       saves  19 min (running  43)  →  thu 8.5h, nearest stop 3.5 mi (Olympia)
    - 3  #8499  Kitrick Wulf            Olympia       saves  28 min (running  71)  →  thu 8.5h, nearest stop 3.8 mi (Olympia)
    - 4  #7810  Jason Noahr             Lacey         saves  22 min (running  93)  →  thu 8.5h, nearest stop 3.6 mi (Olympia)

### Robert Norton
    mon 7.8h   tue 10.4h   wed 6.8h   thu 6.6h   fri 7.7h
  tue 10.4h  →  needs 87 min off
    - 1  #7970  Darren McAllen          Black Diamond saves  18 min (running  18)  →  thu 6.6h, nearest stop 1.1 mi (Maple Valley)
    - 2  #7358  Deke Turner             Black Diamond saves  23 min (running  41)  →  fri 7.7h, nearest stop 1.5 mi (Kent)
    - 3  #4707  Sandy Foster            Black Diamond saves  18 min (running  59)  →  fri 7.7h, nearest stop 1.2 mi (Kent)
    - 4  #7494  Gary Smart              Black Diamond saves  17 min (running  76)  →  fri 7.7h, nearest stop 0.5 mi (Kent)

### Tavis Alexander
    mon 11.1h   tue 12.0h   wed 8.0h   thu 10.5h   fri 9.3h
  tue 12.0h  →  needs 178 min off
    - 1  #8372  Travis Bruce            Seattle       saves  27 min (running  27)  →  wed 8.0h, nearest stop 4.4 mi (Mercer Island)
    - 2  #7715  Elizabeth Duroe         Seattle       saves  22 min (running  49)  →  wed 8.0h, nearest stop 3.7 mi (Mercer Island)
    - 3  #8409  Chris Higgs             Seattle       saves  25 min (running  74)  →  wed 8.0h, nearest stop 3.1 mi (Mercer Island)
    - 4  #8443  George Elissaios (5th   Seattle       saves  32 min (running 106)  →  wed 8.0h, nearest stop 3.1 mi (Mercer Island)
  mon 11.1h  →  needs 128 min off
    - 1  #7903  Mike Doud               Seattle       saves  28 min (running  28)  →  wed 8.0h, nearest stop 3.2 mi (Seattle)
    - 2  #8574  Saber Mirzaei           Seattle       saves  20 min (running  48)  →  wed 8.0h, nearest stop 1.6 mi (Seattle)
    - 3  #8558  John Obrien             Seattle       saves  23 min (running  71)  →  wed 8.0h, nearest stop 1.2 mi (Seattle)
    - 4  #8494  Aaron Burke             Seattle       saves  28 min (running  99)  →  wed 8.0h, nearest stop 1.3 mi (Seattle)
  thu 10.5h  →  needs 92 min off
    - 1  #8270  Brian Meadows           Renton        saves  23 min (running  23)  →  wed 8.0h, nearest stop 9.4 mi (Bellevue)
    - 2  #4550  Lee Hansen              Renton        saves  22 min (running  45)  →  wed 8.0h, nearest stop 7.3 mi (Bellevue)
    - 3  #6144  Thanhquyen Nguyen       Renton        saves  26 min (running  71)  →  wed 8.0h, nearest stop 8.4 mi (Bellevue)
    - 4  #8530  Phyllis Miller          Renton        saves  22 min (running  93)  →  wed 8.0h, nearest stop 7.8 mi (Bellevue)
  fri 9.3h  →  needs 19 min off
    - 1  #8454  John Croonquist         Tukwila       saves  21 min (running  21)  →  wed 8.0h, nearest stop 4.7 mi (Mercer Island)
    - 2  #7751  Charles Strauss         Tukwila       saves  20 min (running  41)  →  wed 8.0h, nearest stop 3.9 mi (Mercer Island)
    - 3  #8448  Kelly Wan (5th Visit)   SeaTac        saves  21 min (running  62)  →  wed 8.0h, nearest stop 4.6 mi (Mercer Island)
    - 4  #6239  Lauren Kenyon - ANNUAL  Burien        saves  23 min (running  85)  →  wed 8.0h, nearest stop 5.8 mi (Mercer Island)

### Alias Franks
    mon 11.7h   tue 3.6h   wed 12.1h   thu 3.1h   fri 7.0h
  wed 12.1h  →  needs 188 min off
    - 1  #8405  Steve Mcdonough         Snohomish     saves  27 min (running  27)  →  tue 3.6h, nearest stop 11.8 mi (Duvall)
    - 2  #8563  Brian Sasville          Bothell       saves  27 min (running  54)  →  tue 3.6h, nearest stop 11.4 mi (Duvall)
    - 3  #8573  Judy Lee                Bothell       saves  29 min (running  83)  →  tue 3.6h, nearest stop 11.5 mi (Seattle)
    - 4  #8455  Shelly Evans (5th Visi  Kirkland      saves  26 min (running 109)  →  tue 3.6h, nearest stop 8.0 mi (Seattle)
  mon 11.7h  →  needs 163 min off
    - 1  #8541  Aditya Singh            Snohomish     saves  30 min (running  30)  →  tue 3.6h, nearest stop 8.4 mi (Duvall)
    - 2  #7624  Greg Thoreson           Bothell       saves  29 min (running  59)  →  tue 3.6h, nearest stop 10.6 mi (Seattle)
    - 3  #8060  Blake Diers             Kirkland      saves  28 min (running  87)  →  tue 3.6h, nearest stop 7.2 mi (Seattle)
    - 4  #8450  Ashok Shivani (5th Vis  Kirkland      saves  16 min (running 103)  →  fri 7.0h, nearest stop 7.2 mi (Sammamish)

Read-only — nothing moved. Moves happen in Jobber, then re-push and re-plan.
