[write-gate] WRITES ENABLED until 2026-08-23T00:26:57.345Z (spenc@Got-Moles: Spencer approved 2026-08-22: add 7 interim cadence visits from _adds_plan_0822_final.json) — ceiling 20/run — run d68cf20a
ADD INTERIM VISITS (LIVE) — 7 to book

#6416  Tanya O'Bannon  Snoqualmie 98065
   9408 Hancock Avenue Southeast
   act LA / caught 0 — due 2026-08-28, next existing 2026-09-09
   -> book 2026-08-28 on Tavis Alexander  (joins 2 existing stop(s) in 98065 that day)
   CREATED + assigned to Tavis Alexander

#8090  Jessica & Jeff Clementz  Tacoma 98445
   301 East 91st Street
   act NA / caught 1 — due 2026-08-28, next existing 2026-09-02
   -> book 2026-08-28 on Luke LaVergne  (joins 2 existing stop(s) in 98445 that day)
   CREATED + assigned to Luke LaVergne

#7478  Marc Abraham  Olympia 98513
   6645 Rehklau Road Southeast
   act NA / caught 1 — due 2026-08-27, next existing 2026-09-14
   -> book 2026-08-27 on Luke LaVergne  (joins 4 existing stop(s) in 98513 that day)
   CREATED + assigned to Luke LaVergne

#7488  Eric Tilton  Olympia 98513
   8524 Valley Green Drive Southeast
   act LA / caught 0 — due 2026-08-27, next existing 2026-09-28
   -> book 2026-08-27 on Luke LaVergne  (joins 4 existing stop(s) in 98513 that day)
   CREATED + assigned to Luke LaVergne

#7682  Brad Smallwood  Olympia 98503
   1420 Josephine Court Southeast
   act LA / caught 0 — due 2026-08-24, next existing 2026-09-21
   -> book 2026-08-24 on Luke LaVergne  (joins 2 existing stop(s) in 98503 that day)
   CREATED + assigned to Luke LaVergne

#7384  Kevin Chen  Medina 98039
   1201 Evergreen Point Road
   act LA / caught 1 — due 2026-08-24, next existing 2026-09-21
   -> book 2026-08-24 on Alias Franks  (joins 2 existing stop(s) in 98039 that day)
   CREATED + assigned to Alias Franks

#6555  Matt Coder  Auburn 98092
   17644 Southeast Lake Moneysmith Road
   act LA / caught 0 — due 2026-08-24, next existing 2026-08-31
   -> book 2026-08-24 on Robert Norton  (joins 8 existing stop(s) in 98092 that day)
   CREATED + assigned to Robert Norton

DONE — created 7, skipped 0, failed 0
