[write-gate] WRITES ENABLED until 2026-08-29T00:30:15.980Z (spenc@Got-Moles: Spencer 2026-08-28: add interim visits for the 10 non-NA add-visit jobs) — ceiling 200/run — run deab003f
ADD INTERIM VISITS (LIVE) — 10 to book

#8249  John Shepard  Sammamish 98074
   2110 236th Avenue Northeast
   act ma / caught 3 — due 2026-09-04, next existing 2026-09-24
   -> book 2026-09-04 on Alias Franks  (joins 4 existing stop(s) in 98074 that day)
   CREATED + assigned to Alias Franks

#8218  Tim Wickland  Edgewood 98372
   12411 27th Street East
   act la / caught 1 — due 2026-09-03, next existing 2026-09-07
   -> book 2026-09-03 on Robert Norton  (joins 2 existing stop(s) in 98372 that day)
   CREATED + assigned to Robert Norton

#8456  Jason Kjellesvik  Tacoma 98422
   1518 52nd Street Northeast
   act ma / caught 0 — due 2026-09-03, next existing NONE
   -> book 2026-09-03 on Robert Norton  (joins 1 existing stop(s) in 98422 that day)
   CREATED + assigned to Robert Norton

#8093  Sanghoon Shin  Federal Way 98023
   2125 Southwest 308th Court
   act la / caught 1 — due 2026-09-03, next existing 2026-09-07
   -> book 2026-09-03 on Robert Norton  (joins 2 existing stop(s) in 98023 that day)
   CREATED + assigned to Robert Norton

#8074  Lina Bancroft  Redmond 98053
   25419 Northeast Union Hill Road
   act la / caught 1 — due 2026-09-03, next existing 2026-09-07
   -> book 2026-09-03 on Alias Franks  (joins 7 existing stop(s) in 98053 that day)
   CREATED + assigned to Alias Franks

#5071  Jim Nelsen  Renton 98059
   14019 180th Avenue Southeast
   act ma / caught 0 — due 2026-09-02, next existing 2026-09-23
   -> book 2026-09-02 on Tavis Alexander  (joins 13 existing stop(s) in 98059 that day)
   CREATED + assigned to Tavis Alexander

#7617  Prologis - Sumner Landing  Puyallup 98371
   1601 Industrial Parkway
   act ma / caught 0 — due 2026-09-02, next existing 2026-09-15
   -> book 2026-09-02 on Cory Ventura  (joins 1 existing stop(s) in 98371 that day)
   CREATED + assigned to Cory Ventura

#4425  Thomas Spring Estates  Spanaway 98387
   8804 199th St E
   act la / caught 1 — due 2026-09-01, next existing 2026-09-21
   -> book 2026-09-01 on Luke LaVergne  (joins 2 existing stop(s) in 98387 that day)
   CREATED + assigned to Luke LaVergne

#8452  Shawna Mobley  Kent 98042
   19216 Southeast 328th Place
   act ma / caught 0 — due 2026-09-01, next existing 2026-09-28
   -> book 2026-09-01 on Cory Ventura  (joins 1 existing stop(s) in 98042 that day)
   CREATED + assigned to Cory Ventura

#8199  Mary Greco  Seattle 98136
   5264 46th Avenue Southwest
   act la / caught 0 — due 2026-08-31, next existing NONE
   -> book 2026-08-31 on Tavis Alexander  (joins 5 existing stop(s) in 98136 that day)
   CREATED + assigned to Tavis Alexander

DONE — created 10, skipped 0, failed 0
