service time (check/set min, updated 2026-08-11): Alias 15/30  Robert 15/30  Cory 13/26  Luke 13/26  Spencer 13/26  Tavis 13/26  |  default 13/26
REBALANCE WEEK (LIVE)  2026-08-17 .. 2026-08-21   balancing=ON  day ceiling 9h
now 2026-08-14 21:29:07 PT   — tech LOCKED from Jobber, day FREE within the window
day map: rhythmChanges (effective 2026-08-17)  + week override day-override-2026-08-17.json (7 region(s))

Jobber open visits in window: 563
OR drivers resolved: Robert Norton, Cory Ventura, Luke LaVergne, Tavis Alexander, Alias Franks

CURRENT day shape (visits):
  tech                    mon    tue    wed    thu    fri    total
  Alias Franks             24     25     30     24     44      147
  Cory Ventura              0     12     19     26     31       88
  Luke LaVergne            21     17     24     20     23      105
  Robert Norton            67     22      0      0     18      107
  Tavis Alexander          30     29     26     22      9      116
  day balance sweep: 1 visit(s) moved to a lighter day within their own region days


PLANNED day shape (visits):
  tech                    mon    tue    wed    thu    fri    total
  Alias Franks             27     32     27     30     31      147
  Cory Ventura              7      7     25     26     23       88
  Luke LaVergne            22     24     13     15     31      105
  Robert Norton            23     24     18     18     24      107
  Tavis Alexander          18     21     22     27     28      116

SETs pinned to their promised day: 6
Free to move: 557

=== APPLYING ===
Writing 563 orders (tech locked, day free)…
