service time (check/set min, updated 2026-08-11): Alias 15/30  Robert 15/30  Cory 13/26  Luke 13/26  Spencer 13/26  Tavis 13/26  |  default 13/26
REBALANCE WEEK (PLAN)  2026-08-17 .. 2026-08-21   balancing=ON  day ceiling 9h
now 2026-08-14 21:20:48 PT   — tech LOCKED from Jobber, day FREE within the window
day map: rhythmChanges (effective 2026-08-17)  + week override day-override-2026-08-17.json (7 region(s))

Jobber open visits in window: 569
OR drivers resolved: Robert Norton, Cory Ventura, Tavis Alexander, Luke LaVergne, Alias Franks

CURRENT day shape (visits):
  tech                    mon    tue    wed    thu    fri    total
  Alias Franks             25      0     30     24     44      123
  Cory Ventura             12     12     19     31     31      105
  Luke LaVergne            22      6     24     15     22       89
  Robert Norton            67     28      0      0     18      113
  Tavis Alexander           8     74     26     22      9      139
  day balance sweep: 1 visit(s) moved to a lighter day within their own region days


PLANNED day shape (visits):
  tech                    mon    tue    wed    thu    fri    total
  Alias Franks             20     28     21     27     27      123
  Cory Ventura             16     15     25     26     23      105
  Luke LaVergne            15     20     13     15     26       89
  Robert Norton            23     24     21     21     24      113
  Tavis Alexander          23     28     24     32     32      139

SETs pinned to their promised day: 7
Free to move: 562

=== APPLYING ===
Writing 569 orders (tech locked, day free)…
  all orders accepted

Planning 2026-08-17..2026-08-21 (balancing=ON, clustering ON)…

  NOTE: 1 did not fit and are unscheduled: 7543-2277629287
  region/day check: every stop is on one of its own region days

NEW day shape (visits):
  tech                    mon    tue    wed    thu    fri    total
  Alias Franks             20     28     21     27     27      123
  Cory Ventura             16     15     25     26     23      105
  Luke LaVergne            15     20     13     15     26       89
  Robert Norton            23     24     21     21     24      113
  Tavis Alexander          23     29     24     31     32      139

  hours per tech-day:
  tech                    mon    tue    wed    thu    fri
  Alias Franks            8.6   11.9    9.1   11.7   11.3
  Cory Ventura            7.3    6.7    7.8    8.1    7.0
  Luke LaVergne           6.9    8.0    8.0    6.8    8.8
  Robert Norton           9.9    8.9    9.6    8.7    9.8
  Tavis Alexander         9.8   10.6    9.5   11.8   10.5
  12 tech-day(s) over the 9h ceiling

  what each day actually contains:
   mon 2026-08-17
      Alias    Bellevue(5) Redmond(5) Woodinville(4) Clyde Hill(2) Medina(2) Bothell(1) Kirkland(1)
      Cory     Orting(5) Graham(5) Yelm(2) Eatonville(2) graham(1) Roy(1)
      Luke     Olympia(13) Lacey(2)
      Robert   Auburn(11) Kent(10) Pacific(1) Covington(1)
      Tavis    Seattle(15) Shoreline(3) Lake Forest Park(2) Bellevue(1) Burien(1) Normandy Park(1)
   tue 2026-08-18
      Alias    Sammamish(15) North Bend(6) Fall City(3) Issaquah(2) Carnation(1) Duvall(1)
      Cory     Graham(7) Eatonville(3) Orting(2) Roy(1) Yelm(1) Pierce County(1)
      Luke     Federal Way(8) Spanaway(5) Tacoma(3) Lakewood(3) Steilacoom(1)
      Robert   Enumclaw(16) Ravensdale(4) Black Diamond(3) Auburn(1)
      Tavis    Seattle(20) Burien(5) Normandy Park(2) Unit A Seattle(1)
   wed 2026-08-19
      Alias    Bellevue(7) Woodinville(5) Redmond(4) Snohomish(2) Bothell(1) Kirkland(1) Medina(1)
      Cory     Buckley(9) Bonney Lake(6) Sumner(6) Lake Tapps(2) Puyallup(1) BonneyLake(1)
      Luke     Gig Harbor(8) Bremerton(2) Port Orchard(1) Vaughn(1) Longbranch(1)
      Robert   Issaquah(7) Maple Valley(6) Kent(3) Covington(2) SeaTac(1) Normandy Park(1) Des Moines(1)
      Tavis    Bellevue(16) Issaquah(3) Burien(2) Mercer Island(2) Renton(1)
   thu 2026-08-20
      Alias    Redmond(12) Woodinville(6) Fall City(3) North Bend(3) Snoqualmie(1) Carnation(1) Duvall(1)
      Cory     Puyallup(21) Edgewood(5)
      Luke     Olympia(11) Lacey(3) Tumwater(1)
      Robert   Maple Valley(10) Kent(7) Des Moines(1) Normandy Park(1) SeaTac(1) Maple valley(1)
      Tavis    Renton(19) Seattle(8) Newcastle(2) Shoreline(2)
   fri 2026-08-21
      Alias    Sammamish(15) North Bend(4) Fall City(2) Snoqualmie(2) Duvall(1) Carnation(1) North bend(1) Issaquah(1)
      Cory     Buckley(10) Bonney Lake(6) Sumner(4) Lake Tapps(2) Tehaleh(1)
      Luke     Tacoma(23) Fircrest(2) Puyallup(1)
      Robert   Auburn(9) Kent(8) Enumclaw(3) Black Diamond(1) Maple Valley(1) Covington(1) Pacific(1)
      Tavis    Renton(16) Seattle(8) Newcastle(5) Tukwila(2) Burien(1)

=== PLANNED IN OPTIMOROUTE — NOTHING WRITTEN TO JOBBER ===
Open OptimoRoute and check the map. If it looks right:
   node projects/briefs/technician-route-automation/rebalance-week.mjs writeback --from=2026-08-17 --to=2026-08-21
