[write-gate] WRITES ENABLED until 2026-09-07T18:43:30.241Z (spenc@Got-Moles: Sep 8-11 re-sync after Graham SET moved to Thursday; plan-only. 2026-09-07.) — ceiling 700/run — run db363c45
service time (check/set min, updated 2026-08-15): Alias 15/30  Robert 15/30  Cory 12/24  Luke 15/30  Spencer 15/30  Tavis 15/30  |  default 15/30
cluster: Barbee Mill (Renton 98056) — 120 min across 11 job(s) = 11 min each
JOBBER -> OPTIMOROUTE SYNC (LIVE)  2026-09-08 .. 2026-09-11
now 2026-09-07 11:03:31 PT   (Jobber is truth for day + tech)

Jobber active visits in window: 458
OptimoRoute own stops seen (±3d): 458
OR drivers: alias franks, cory ventura, luke lavergne, robert norton, tavis alexander

=== PLAN ===
  create missing OR order : 0
  move to Jobber day      : 1
  set to Jobber tech      : 0
  TOTAL orders touched    : 1
  already in sync         : 457
  days to re-plan         : 2026-09-08, 2026-09-10

  changes (first 40):
    #8526  Graham          thu  2026-09-08->2026-09-10

=== APPLYING ===
Writing 1 order updates to OptimoRoute…
  all order updates accepted

--- 2026-09-08 (tue) ---
  pinning 119 stops to day+tech…
  re-planning (balancing OFF, drivers pinned)…
  verified: 119 visits scheduled, all on the tech Jobber names
  Jobber time write-back: 119 ok, 0 failed

--- 2026-09-10 (thu) ---
  pinning 107 stops to day+tech…
  re-planning (balancing OFF, drivers pinned)…
  verified: 108 visits scheduled, all on the tech Jobber names
  Jobber time write-back: 108 ok, 0 failed

SYNC DONE: 1 orders synced, 0 Jobber time writes
Report: C:\Agentic-os-got-moles\projects\briefs\technician-route-automation\drift-runs\j2o-sync-2026-09-07T18-03-43-210Z.json
