[write-gate] writes BLOCKED — writes disabled: Revoked. — run f75d8792

  live board Sep 7-11: 498 visits

  71 visits change: 65 dates, 19 techs

  === BEFORE ===
  TECH                 Tue 08   Wed 09   Thu 10   Fri 11     WK    h/day
  Alias Franks             45       25       17       19    106      9.4
  Cory Ventura             36       12       18        7     73      5.3
  Luke LaVergne            40       21       19        8     88      7.0
  Robert Norton            35       23       30       26    114      8.4
  Spencer Hill              2        0        0        1      3      0.3
  Tavis Alexander          51       21       18       20    110      8.7

  === AFTER ===
  TECH                 Tue 08   Wed 09   Thu 10   Fri 11     WK    h/day
  Alias Franks             28       30       27       21    106      9.4
  Cory Ventura             27       20       19       16     82      5.9
  Luke LaVergne            25       21       31       11     88      7.0
  Robert Norton            34       25       29       26    114      8.4
  Spencer Hill              2        0        0        1      3      0.3
  Tavis Alexander          30       29       22       20    101      8.0

  LEND    9  Tavis Alexander -> Cory Ventura   [98178, 98168, 98198, 98148]
  LEND    5  Robert Norton -> Cory Ventura   [98042, 98038]
  LEND    5  Cory Ventura -> Robert Norton   [98092, 98001, 98002]

  DRY RUN — nothing written. Plan saved to _recut_plan.json
