[write-gate] WRITES ENABLED until 2026-09-04T22:10:10.579Z (spenc@Got-Moles: Labor Day short-week re-cut: 5 day-tiles to 4 across Sep 8-11, plus the three zip lends (Tavis/Robert -> Cory, Cory -> Robert). Approved by Spencer 2026-09-04.) — ceiling 120/run — run 80cd8924

  live board Sep 7-11: 498 visits

  71 visits change: 65 dates, 19 techs

  === BEFORE ===
  TECH                 Tue 08   Wed 09   Thu 10   Fri 11     WK    h/day
  Alias Franks             45       25       17       19    106      9.4
  Cory Ventura             36       12       18        7     73      5.3
  Luke LaVergne            40       21       19        8     88      7.0
  Robert Norton            35       23       30       26    114      8.4
  Spencer Hill              2        0        0        1      3      0.3
  Tavis Alexander          51       21       18       20    110      8.7

  === AFTER ===
  TECH                 Tue 08   Wed 09   Thu 10   Fri 11     WK    h/day
  Alias Franks             28       30       27       21    106      9.4
  Cory Ventura             27       20       19       16     82      5.9
  Luke LaVergne            25       21       31       11     88      7.0
  Robert Norton            34       25       29       26    114      8.4
  Spencer Hill              2        0        0        1      3      0.3
  Tavis Alexander          30       29       22       20    101      8.0

  LEND    9  Tavis Alexander -> Cory Ventura   [98178, 98168, 98198, 98148]
  LEND    5  Robert Norton -> Cory Ventura   [98042, 98038]
  LEND    5  Cory Ventura -> Robert Norton   [98092, 98001, 98002]

  DATE  #8236  Tom Hopson              98008 2026-09-08 -> 2026-09-10
  DATE  #8289  Chad Vetter             98178 2026-09-08 -> 2026-09-11
  FAIL tech #8289 Jobber: [{"message":"Field 'visitEditAssignedUsers' is missing required arguments: input","locations":[{"line":1,"column":12}],"path":["muta
  DATE  #8290  Joseph Shannon          98498 2026-09-08 -> 2026-09-11
  DATE  #8293  Francis Abraham         98052 2026-09-08 -> 2026-09-09
  DATE  #8294  ChittiBabu  Pacharu     98052 2026-09-08 -> 2026-09-09
  DATE  #8296  Prasad Thiruveedu       98052 2026-09-08 -> 2026-09-09
  DATE  #8327  Mo Brown (5th Visit)    98108 2026-09-08 -> 2026-09-10
  DATE  #8329  J.C Brummond            98198 2026-09-08 -> 2026-09-11
  FAIL tech #8329 Jobber: [{"message":"Field 'visitEditAssignedUsers' is missing required arguments: input","locations":[{"line":1,"column":12}],"path":["muta
  DATE  #8345  Jennifer Pere           98146 2026-09-08 -> 2026-09-09
  DATE  #6447  Larena Walshe           98146 2026-09-08 -> 2026-09-09
  DATE  #8367  Daniel Hill (5th Visit  98008 2026-09-08 -> 2026-09-10
  DATE  #8291  John & Jasmine Foth     98042 2026-09-08 -> 2026-09-09
  DATE  #7626  Jonelle Loranger        98042 2026-09-08 -> 2026-09-09
  FAIL tech #7010 Jobber: [{"message":"Field 'visitEditAssignedUsers' is missing required arguments: input","locations":[{"line":1,"column":12}],"path":["muta
  DATE  #8403  Susan Eibey             98042 2026-09-08 -> 2026-09-09
  DATE  #8409  Chris Higgs             98108 2026-09-08 -> 2026-09-10
  DATE  #8434  Elaine Briggs           98516 2026-09-08 -> 2026-09-10
  FAIL tech #8439 Jobber: [{"message":"Field 'visitEditAssignedUsers' is missing required arguments: input","locations":[{"line":1,"column":12}],"path":["muta
  DATE  #8235  Mike Schuppert          98146 2026-09-08 -> 2026-09-09
  DATE  #5801  Ari Anthony             98516 2026-09-08 -> 2026-09-10
  DATE  #7822  Ellie Karl              98506 2026-09-08 -> 2026-09-10
  DATE  #7404  Wendi Wang              98005 2026-09-08 -> 2026-09-10
  DATE  #4771  Nancy Krossa            98033 2026-09-08 -> 2026-09-09
  DATE  #8124  Debbie Jennings         98466 2026-09-08 -> 2026-09-11
  FAIL tech #7517 Jobber: [{"message":"Field 'visitEditAssignedUsers' is missing required arguments: input","locations":[{"line":1,"column":12}],"path":["muta
  DATE  #6239  Lauren Kenyon - ANNUAL  98168 2026-09-08 -> 2026-09-11
  FAIL tech #6239 Jobber: [{"message":"Field 'visitEditAssignedUsers' is missing required arguments: input","locations":[{"line":1,"column":12}],"path":["muta
  DATE  #7962  Joann Mortenson         98042 2026-09-08 -> 2026-09-09
  FAIL tech #7962 Jobber: [{"message":"Field 'visitEditAssignedUsers' is missing required arguments: input","locations":[{"line":1,"column":12}],"path":["muta
  DATE  #8316  Mark Anderson           98042 2026-09-08 -> 2026-09-09
  FAIL tech #8316 Jobber: [{"message":"Field 'visitEditAssignedUsers' is missing required arguments: input","locations":[{"line":1,"column":12}],"path":["muta
  DATE  #8122  Bob Roggenbach          98042 2026-09-08 -> 2026-09-09
  DATE  #8261  Becky Hohengarten (pro  98042 2026-09-08 -> 2026-09-09
  DATE  #5055  City of Burien - Mosie  98148 2026-09-08 -> 2026-09-11
  FAIL tech #5055 Jobber: [{"message":"Field 'visitEditAssignedUsers' is missing required arguments: input","locations":[{"line":1,"column":12}],"path":["muta
  DATE  #5355  Debra Chrapaty          98005 2026-09-08 -> 2026-09-10
  DATE  #5574  Ross Parker             98388 2026-09-08 -> 2026-09-11
  DATE  #6674  Larry Desmet            98042 2026-09-08 -> 2026-09-09
  FAIL tech #6674 Jobber: [{"message":"Field 'visitEditAssignedUsers' is missing required arguments: input","locations":[{"line":1,"column":12}],"path":["muta
  DATE  #6926  Chris Mckenzie - one Y  98005 2026-09-08 -> 2026-09-10
  DATE  #7088  Kay Neal                98146 2026-09-08 -> 2026-09-09
  DATE  #7183  Eric Dworkis - one yea  98007 2026-09-08 -> 2026-09-10
  DATE  #7267  Dennis Mccreery         98008 2026-09-08 -> 2026-09-10
  DATE  #7285  Andrea Estes            98005 2026-09-08 -> 2026-09-10
  DATE  #7459  Larry McGowan           98178 2026-09-08 -> 2026-09-11
  FAIL tech #7459 Jobber: [{"message":"Field 'visitEditAssignedUsers' is missing required arguments: input","locations":[{"line":1,"column":12}],"path":["muta
  DATE  #4703  Joel Glass              98005 2026-09-08 -> 2026-09-10
  DATE  #7546  Marymoor Park           98052 2026-09-08 -> 2026-09-09
  DATE  #7608  Scott Hamilton          98146 2026-09-08 -> 2026-09-09
  DATE  #4705  Pam Northrip            98146 2026-09-08 -> 2026-09-09
  DATE  #7682  Brad Smallwood          98503 2026-09-08 -> 2026-09-10
  DATE  #7697  Jennifer Cramer (EOD)   98042 2026-09-08 -> 2026-09-09
  FAIL tech #7697 Jobber: [{"message":"Field 'visitEditAssignedUsers' is missing required arguments: input","locations":[{"line":1,"column":12}],"path":["muta
  DATE  #7756  Annette Wood            98005 2026-09-08 -> 2026-09-10
  DATE  #7803  Faith Trimble           98502 2026-09-08 -> 2026-09-10
  DATE  #7809  Nick Pillon             98506 2026-09-08 -> 2026-09-10
  DATE  #7891  Westly Wright           98502 2026-09-08 -> 2026-09-10
  DATE  #7893  Miles Magnuson - Job f  98502 2026-09-08 -> 2026-09-10
  DATE  #8030  Briana Watson           98168 2026-09-08 -> 2026-09-11
  FAIL tech #8030 Jobber: [{"message":"Field 'visitEditAssignedUsers' is missing required arguments: input","locations":[{"line":1,"column":12}],"path":["muta
  DATE  #8098  Gyasi Ross              98178 2026-09-08 -> 2026-09-11
  FAIL tech #8098 Jobber: [{"message":"Field 'visitEditAssignedUsers' is missing required arguments: input","locations":[{"line":1,"column":12}],"path":["muta
  DATE  #8448  Kelly Wan               98168 2026-09-08 -> 2026-09-11
  FAIL tech #8448 Jobber: [{"message":"Field 'visitEditAssignedUsers' is missing required arguments: input","locations":[{"line":1,"column":12}],"path":["muta
  DATE  #8413  Rick Broderick          98168 2026-09-08 -> 2026-09-11
  FAIL tech #8413 Jobber: [{"message":"Field 'visitEditAssignedUsers' is missing required arguments: input","locations":[{"line":1,"column":12}],"path":["muta
  DATE  #8447  Tia Gong                98008 2026-09-08 -> 2026-09-10
  DATE  #8500  Mary Yu                 98516 2026-09-08 -> 2026-09-10
  DATE  #8334  Paul Costa (5th visit)  98108 2026-09-08 -> 2026-09-10
  DATE  #8470  Alice Collins           98146 2026-09-08 -> 2026-09-09
  DATE  #8507  Sheryl Toland           98042 2026-09-08 -> 2026-09-09
  DATE  #8502  Dave Matsumoto          98516 2026-09-08 -> 2026-09-10
  DATE  #8457  Caroline Irwin          98516 2026-09-08 -> 2026-09-10
  DATE  #8400  Alyssa  Jarman          98108 2026-09-08 -> 2026-09-10
  DATE  #8449  Steve Vernon            98516 2026-09-08 -> 2026-09-10
  DATE  #8523  Bill Hewitt             98005 2026-09-08 -> 2026-09-10
  DATE  #8361  Erik Guttridge          98146 2026-09-08 -> 2026-09-09
  FAIL tech #6334 Jobber: [{"message":"Field 'visitEditAssignedUsers' is missing required arguments: input","locations":[{"line":1,"column":12}],"path":["muta
  FAIL tech #8514 Jobber: [{"message":"Field 'visitEditAssignedUsers' is missing required arguments: input","locations":[{"line":1,"column":12}],"path":["muta
  DATE  #8339  Donald Kaplan           98074 2026-09-10 -> 2026-09-11
  DATE  #8233  Vicky Marxen            98074 2026-09-10 -> 2026-09-11
  FAIL tech #8495 Jobber: [{"message":"Field 'visitEditAssignedUsers' is missing required arguments: input","locations":[{"line":1,"column":12}],"path":["muta

  dates 65   techs 0   failed 19
