[write-gate] WRITES ENABLED until 2026-09-04T22:10:10.579Z (spenc@Got-Moles: Labor Day short-week re-cut: 5 day-tiles to 4 across Sep 8-11, plus the three zip lends (Tavis/Robert -> Cory, Cory -> Robert). Approved by Spencer 2026-09-04.) — ceiling 120/run — run aa89b758

  live board Sep 7-11: 499 visits

  19 visits change: 0 dates, 19 techs

  === BEFORE ===
  TECH                 Tue 08   Wed 09   Thu 10   Fri 11     WK    h/day
  Alias Franks             28       30       27       22    107      9.5
  Cory Ventura             30       18       18        7     73      5.3
  Luke LaVergne            25       21       31       11     88      7.0
  Robert Norton            31       27       30       26    114      8.4
  Spencer Hill              2        0        0        1      3      0.3
  Tavis Alexander          30       29       22       29    110      8.7

  === AFTER ===
  TECH                 Tue 08   Wed 09   Thu 10   Fri 11     WK    h/day
  Alias Franks             28       30       27       22    107      9.5
  Cory Ventura             27       20       19       16     82      5.9
  Luke LaVergne            25       21       31       11     88      7.0
  Robert Norton            34       25       29       26    114      8.4
  Spencer Hill              2        0        0        1      3      0.3
  Tavis Alexander          30       29       22       20    101      8.0

  LEND    9  Tavis Alexander -> Cory Ventura   [98178, 98168, 98198, 98148]
  LEND    5  Robert Norton -> Cory Ventura   [98042, 98038]
  LEND    5  Cory Ventura -> Robert Norton   [98092, 98001, 98002]

  TECH  #7010  Charles Lindsey         98092 Cory -> Robert
  TECH  #8439  Mike Laidley            98092 Cory -> Robert
  TECH  #7517  Balbir Houthi           98001 Cory -> Robert
  TECH  #6674  Larry Desmet            98042 Robert -> Cory
  TECH  #7697  Jennifer Cramer (EOD)   98042 Robert -> Cory
  TECH  #7962  Joann Mortenson         98042 Robert -> Cory
  TECH  #8316  Mark Anderson           98042 Robert -> Cory
  TECH  #6334  Alexandra Daley         98092 Cory -> Robert
  TECH  #8514  Cathy Conner            98092 Cory -> Robert
  TECH  #8495  Jody Sanders            98038 Robert -> Cory
  TECH  #5055  City of Burien - Mosie  98148 Tavis -> Cory
  TECH  #7459  Larry McGowan           98178 Tavis -> Cory
  TECH  #8030  Briana Watson           98168 Tavis -> Cory
  TECH  #8098  Gyasi Ross              98178 Tavis -> Cory
  TECH  #8289  Chad Vetter             98178 Tavis -> Cory
  TECH  #8329  J.C Brummond            98198 Tavis -> Cory
  TECH  #8413  Rick Broderick          98168 Tavis -> Cory
  TECH  #8448  Kelly Wan               98168 Tavis -> Cory
  TECH  #6239  Lauren Kenyon - ANNUAL  98168 Tavis -> Cory

  dates 0   techs 19   failed 0
