service time (check/set min, updated 2026-08-11): Alias 15/30  Robert 15/30  Cory 13/26  Luke 13/26  Spencer 13/26  Tavis 13/26  |  default 13/26
REBALANCE WEEK (WRITEBACK)  2026-08-17 .. 2026-08-21   balancing=ON  day ceiling 9h
now 2026-08-14 21:27:50 PT   — tech LOCKED from Jobber, day FREE within the window
day map: rhythmChanges (effective 2026-08-17)  + week override day-override-2026-08-17.json (7 region(s))

Jobber open visits in window: 569
OR drivers resolved: Robert Norton, Cory Ventura, Tavis Alexander, Luke LaVergne, Alias Franks

CURRENT day shape (visits):
  tech                    mon    tue    wed    thu    fri    total
  Alias Franks             25     25     30     24     44      148
  Cory Ventura             12      0     19     26     31       88
  Luke LaVergne            22     17     24     20     23      106
  Robert Norton            67     22      0      0     18      107
  Tavis Alexander          34     29     26     22      9      120
  day balance sweep: 1 visit(s) moved to a lighter day within their own region days


PLANNED day shape (visits):
  tech                    mon    tue    wed    thu    fri    total
  Alias Franks             27     32     28     30     31      148
  Cory Ventura              7      7     25     26     23       88
  Luke LaVergne            23     24     13     15     31      106
  Robert Norton            23     24     18     18     24      107
  Tavis Alexander          18     21     22     29     30      120

SETs pinned to their promised day: 6
Free to move: 563

(writeback mode — using the plan already in OptimoRoute)

🛑 ABORT VERIFY: 47 changed tech, 0 SETs moved day — NO Jobber writes.
   {"wrongTech":["8329-2280656869","8305-2277338495","7738-2275752141","8116-2284159651","7681-2039896951","6567-2284191578","6241-2286212911","4926-1607466754","7670-2286399031","7795-2090045625"],"movedSets":[]}
