[write-gate] WRITES ENABLED until 2026-09-07T19:20:31.650Z (spenc@Got-Moles: Commit Sep 8-11 short week: write optimized OptimoRoute times back to Jobber for all four days. Spencer approved 2026-09-07.) — ceiling 700/run — run 945eab40
service time (check/set min, updated 2026-08-15): Alias 15/30  Robert 15/30  Cory 12/24  Luke 15/30  Spencer 15/30  Tavis 15/30  |  default 15/30
cluster: Barbee Mill (Renton 98056) — 120 min across 11 job(s) = 11 min each
JOBBER -> OPTIMOROUTE SYNC (LIVE)  2026-09-08 .. 2026-09-11
now 2026-09-07 11:35:31 PT   (Jobber is truth for day + tech)

Jobber active visits in window: 457
OptimoRoute own stops seen (±3d): 457
OR drivers: alias franks, cory ventura, luke lavergne, robert norton, tavis alexander

=== PLAN ===
  create missing OR order : 0
  move to Jobber day      : 0
  set to Jobber tech      : 0
  TOTAL orders touched    : 0
  already in sync         : 457
  days to re-plan         : (none)

  changes (first 40):

=== APPLYING ===
Writing 0 order updates to OptimoRoute…
  all order updates accepted

SYNC DONE: 0 orders synced, 0 Jobber time writes
Report: C:\Agentic-os-got-moles\projects\briefs\technician-route-automation\drift-runs\j2o-sync-2026-09-07T18-35-42-870Z.json
